Archive member included because of file (symbol)

c:/program files (x86)/emblocks/2.30/share/em_armgcc/bin/../lib/gcc/arm-none-eabi/4.7.3/../../../../arm-none-eabi/lib/armv6-m\libm.a(lib_a-s_atan.o)
                              obj\debug\src\lsm303\lsm303_process.o (atan)
c:/program files (x86)/emblocks/2.30/share/em_armgcc/bin/../lib/gcc/arm-none-eabi/4.7.3/../../../../arm-none-eabi/lib/armv6-m\libm.a(lib_a-s_cos.o)
                              obj\debug\src\lsm303\lsm303_process.o (cos)
c:/program files (x86)/emblocks/2.30/share/em_armgcc/bin/../lib/gcc/arm-none-eabi/4.7.3/../../../../arm-none-eabi/lib/armv6-m\libm.a(lib_a-s_fabs.o)
                              c:/program files (x86)/emblocks/2.30/share/em_armgcc/bin/../lib/gcc/arm-none-eabi/4.7.3/../../../../arm-none-eabi/lib/armv6-m\libm.a(lib_a-s_atan.o) (fabs)
c:/program files (x86)/emblocks/2.30/share/em_armgcc/bin/../lib/gcc/arm-none-eabi/4.7.3/../../../../arm-none-eabi/lib/armv6-m\libm.a(lib_a-s_sin.o)
                              obj\debug\src\lsm303\lsm303_process.o (sin)
c:/program files (x86)/emblocks/2.30/share/em_armgcc/bin/../lib/gcc/arm-none-eabi/4.7.3/../../../../arm-none-eabi/lib/armv6-m\libm.a(lib_a-w_asin.o)
                              obj\debug\src\lsm303\lsm303_process.o (asin)
c:/program files (x86)/emblocks/2.30/share/em_armgcc/bin/../lib/gcc/arm-none-eabi/4.7.3/../../../../arm-none-eabi/lib/armv6-m\libm.a(lib_a-w_pow.o)
                              obj\debug\src\bmp180\bmp180.o (pow)
c:/program files (x86)/emblocks/2.30/share/em_armgcc/bin/../lib/gcc/arm-none-eabi/4.7.3/../../../../arm-none-eabi/lib/armv6-m\libm.a(lib_a-w_sqrt.o)
                              obj\debug\src\lsm303\lsm303_process.o (sqrt)
c:/program files (x86)/emblocks/2.30/share/em_armgcc/bin/../lib/gcc/arm-none-eabi/4.7.3/../../../../arm-none-eabi/lib/armv6-m\libm.a(lib_a-e_asin.o)
                              c:/program files (x86)/emblocks/2.30/share/em_armgcc/bin/../lib/gcc/arm-none-eabi/4.7.3/../../../../arm-none-eabi/lib/armv6-m\libm.a(lib_a-w_asin.o) (__ieee754_asin)
c:/program files (x86)/emblocks/2.30/share/em_armgcc/bin/../lib/gcc/arm-none-eabi/4.7.3/../../../../arm-none-eabi/lib/armv6-m\libm.a(lib_a-e_pow.o)
                              c:/program files (x86)/emblocks/2.30/share/em_armgcc/bin/../lib/gcc/arm-none-eabi/4.7.3/../../../../arm-none-eabi/lib/armv6-m\libm.a(lib_a-w_pow.o) (__ieee754_pow)
c:/program files (x86)/emblocks/2.30/share/em_armgcc/bin/../lib/gcc/arm-none-eabi/4.7.3/../../../../arm-none-eabi/lib/armv6-m\libm.a(lib_a-e_rem_pio2.o)
                              c:/program files (x86)/emblocks/2.30/share/em_armgcc/bin/../lib/gcc/arm-none-eabi/4.7.3/../../../../arm-none-eabi/lib/armv6-m\libm.a(lib_a-s_cos.o) (__ieee754_rem_pio2)
c:/program files (x86)/emblocks/2.30/share/em_armgcc/bin/../lib/gcc/arm-none-eabi/4.7.3/../../../../arm-none-eabi/lib/armv6-m\libm.a(lib_a-e_sqrt.o)
                              c:/program files (x86)/emblocks/2.30/share/em_armgcc/bin/../lib/gcc/arm-none-eabi/4.7.3/../../../../arm-none-eabi/lib/armv6-m\libm.a(lib_a-w_sqrt.o) (__ieee754_sqrt)
c:/program files (x86)/emblocks/2.30/share/em_armgcc/bin/../lib/gcc/arm-none-eabi/4.7.3/../../../../arm-none-eabi/lib/armv6-m\libm.a(lib_a-k_cos.o)
                              c:/program files (x86)/emblocks/2.30/share/em_armgcc/bin/../lib/gcc/arm-none-eabi/4.7.3/../../../../arm-none-eabi/lib/armv6-m\libm.a(lib_a-s_cos.o) (__kernel_cos)
c:/program files (x86)/emblocks/2.30/share/em_armgcc/bin/../lib/gcc/arm-none-eabi/4.7.3/../../../../arm-none-eabi/lib/armv6-m\libm.a(lib_a-k_rem_pio2.o)
                              c:/program files (x86)/emblocks/2.30/share/em_armgcc/bin/../lib/gcc/arm-none-eabi/4.7.3/../../../../arm-none-eabi/lib/armv6-m\libm.a(lib_a-e_rem_pio2.o) (__kernel_rem_pio2)
c:/program files (x86)/emblocks/2.30/share/em_armgcc/bin/../lib/gcc/arm-none-eabi/4.7.3/../../../../arm-none-eabi/lib/armv6-m\libm.a(lib_a-k_sin.o)
                              c:/program files (x86)/emblocks/2.30/share/em_armgcc/bin/../lib/gcc/arm-none-eabi/4.7.3/../../../../arm-none-eabi/lib/armv6-m\libm.a(lib_a-s_cos.o) (__kernel_sin)
c:/program files (x86)/emblocks/2.30/share/em_armgcc/bin/../lib/gcc/arm-none-eabi/4.7.3/../../../../arm-none-eabi/lib/armv6-m\libm.a(lib_a-s_finite.o)
                              c:/program files (x86)/emblocks/2.30/share/em_armgcc/bin/../lib/gcc/arm-none-eabi/4.7.3/../../../../arm-none-eabi/lib/armv6-m\libm.a(lib_a-w_pow.o) (finite)
c:/program files (x86)/emblocks/2.30/share/em_armgcc/bin/../lib/gcc/arm-none-eabi/4.7.3/../../../../arm-none-eabi/lib/armv6-m\libm.a(lib_a-s_floor.o)
                              c:/program files (x86)/emblocks/2.30/share/em_armgcc/bin/../lib/gcc/arm-none-eabi/4.7.3/../../../../arm-none-eabi/lib/armv6-m\libm.a(lib_a-k_rem_pio2.o) (floor)
c:/program files (x86)/emblocks/2.30/share/em_armgcc/bin/../lib/gcc/arm-none-eabi/4.7.3/../../../../arm-none-eabi/lib/armv6-m\libm.a(lib_a-s_fpclassify.o)
[...]
Memory Configuration

Name             Origin             Length             Attributes
FLASH            0x00000000         0x00040000         xr
RAM              0x20000000         0x00004000         xrw
*default*        0x00000000         0xffffffff

Linker script and memory map

LOAD c:/program files (x86)/emblocks/2.30/share/em_armgcc/bin/../lib/gcc/arm-none-eabi/4.7.3/armv6-m/crti.o
LOAD c:/program files (x86)/emblocks/2.30/share/em_armgcc/bin/../lib/gcc/arm-none-eabi/4.7.3/armv6-m/crtbegin.o
LOAD c:/program files (x86)/emblocks/2.30/share/em_armgcc/bin/../lib/gcc/arm-none-eabi/4.7.3/../../../../arm-none-eabi/lib/armv6-m/crt0.o
                0x00000200                __HEAP_SIZE = 0x200
                0x00000400                __STACK_SIZE = 0x400

.text           0x00000000     0x843c
 *(.Vectors)
 .Vectors       0x00000000       0xc0 obj\debug\startup_nrf51.o
                0x00000000                __Vectors
 *(.text*)
 .text          0x000000c0       0x78 c:/program files (x86)/emblocks/2.30/share/em_armgcc/bin/../lib/gcc/arm-none-eabi/4.7.3/../../../../arm-none-eabi/lib/armv6-m/crt0.o
                0x000000c0                _start
                0x000000c0                _mainCRTStartup
 .text.nrf_delay_us
                0x00000138       0x34 obj\debug\cmsis\hal\nrf_delay.o
 .text.nrf_delay_ms
                0x0000016c       0x28 obj\debug\cmsis\hal\nrf_delay.o
                0x0000016c                nrf_delay_ms
 .text.NVIC_EnableIRQ
                0x00000194       0x2c obj\debug\cmsis\nrf_pwm.o
 .text.NVIC_ClearPendingIRQ
                0x000001c0       0x34 obj\debug\cmsis\nrf_pwm.o
 .text.NVIC_SetPriority
                0x000001f4       0xe0 obj\debug\cmsis\nrf_pwm.o
 .text.nrf_delay_us
                0x000002d4       0x34 obj\debug\cmsis\nrf_pwm.o
 .text.nrf_gpiote_task_config
                0x00000308       0xb8 obj\debug\cmsis\nrf_pwm.o
 .text.nrf_gpiote_unconfig
                0x000003c0       0x24 obj\debug\cmsis\nrf_pwm.o
 .text.nrf_gpio_cfg_output
                0x000003e4       0x20 obj\debug\cmsis\nrf_pwm.o
 .text.ppi_enable_channels
                0x00000404       0x20 obj\debug\cmsis\nrf_pwm.o
 .text.ppi_disable_channels
                0x00000424       0x1c obj\debug\cmsis\nrf_pwm.o
 .text.ppi_configure_channel
                0x00000440       0x3c obj\debug\cmsis\nrf_pwm.o
 .text.ppi_configure_channel_group
                0x0000047c       0x24 obj\debug\cmsis\nrf_pwm.o
 .text.ppi_enable_channel_group
                0x000004a0       0x1c obj\debug\cmsis\nrf_pwm.o
 .text.ppi_disable_channel_group
                0x000004bc       0x20 obj\debug\cmsis\nrf_pwm.o
 .text.pwm_freq_int_set
                0x000004dc       0x24 obj\debug\cmsis\nrf_pwm.o
 .text.TIMER2_IRQHandler
                0x00000500       0x44 obj\debug\cmsis\nrf_pwm.o
                0x00000500                TIMER2_IRQHandler
 .text.nrf_pwm_init
                0x00000544      0x2bc obj\debug\cmsis\nrf_pwm.o
                0x00000544                nrf_pwm_init
 .text.nrf_pwm_set_value
                0x00000800      0x4ac obj\debug\cmsis\nrf_pwm.o
                0x00000800                nrf_pwm_set_value
 .text.SPI0_TWI0_IRQHandler
                0x00000cac       0x30 obj\debug\cmsis\spi_master.o
                0x00000cac                SPI0_TWI0_IRQHandler
 .text.nrf_delay_us
                0x00000cdc       0x34 obj\debug\cmsis\twi_hw_master.o
 .text.twi_master_write
                0x00000d10      0x120 obj\debug\cmsis\twi_hw_master.o
 .text.twi_master_read
                0x00000e30      0x164 obj\debug\cmsis\twi_hw_master.o
 .text.twi_master_clear_bus
                0x00000f94      0x138 obj\debug\cmsis\twi_hw_master.o
 .text.twi_master_init
                0x000010cc       0xa0 obj\debug\cmsis\twi_hw_master.o
                0x000010cc                twi_master_init
 .text.twi_master_transfer
                0x0000116c       0x98 obj\debug\cmsis\twi_hw_master.o
                0x0000116c                twi_master_transfer
 .text.BMP180_Init
                0x00001204       0x4c obj\debug\src\bmp180\bmp180.o
                0x00001204                BMP180_Init
 .text.readCoefficients
                0x00001250       0xa4 obj\debug\src\bmp180\bmp180.o
                0x00001250                readCoefficients
 .text.BMP180_Read
                0x000012f4       0x60 obj\debug\src\bmp180\bmp180.o
                0x000012f4                BMP180_Read
 .text.BMP180_Read16
                0x00001354       0x40 obj\debug\src\bmp180\bmp180.o
                0x00001354                BMP180_Read16
 .text.BMP180_Read16S
                0x00001394       0x30 obj\debug\src\bmp180\bmp180.o
                0x00001394                BMP180_Read16S
 .text.LSM303_Init
                0x000013c4       0x2c obj\debug\src\lsm303\lsm303.o
                0x000013c4                LSM303_Init
 .text.LSM303_On
                0x000013f0       0x10 obj\debug\src\lsm303\lsm303.o
                0x000013f0                LSM303_On
 .text.LSM303_Off
                0x00001400       0x14 obj\debug\src\lsm303\lsm303.o
                0x00001400                LSM303_Off
 .text.LSM303_Write
                0x00001414       0x50 obj\debug\src\lsm303\lsm303.o
                0x00001414                LSM303_Write
 .text.nrf_delay_us
                0x00001464       0x34 obj\debug\src\ssd1306\ssd1306.o
 .text.nrf_gpio_cfg_output
                0x00001498       0x20 obj\debug\src\ssd1306\ssd1306.o
 .text.nrf_gpio_pin_set
                0x000014b8       0x20 obj\debug\src\ssd1306\ssd1306.o
 .text.nrf_gpio_pin_clear
                0x000014d8       0x20 obj\debug\src\ssd1306\ssd1306.o
 .text.SSD1306_Init
                0x000014f8      0x144 obj\debug\src\ssd1306\ssd1306.o
                0x000014f8                SSD1306_Init
 .text.SSD1306_Command
                0x0000163c       0x30 obj\debug\src\ssd1306\ssd1306.o
                0x0000163c                SSD1306_Command
 .text.SPI_Send
                0x0000166c       0x48 obj\debug\src\ssd1306\ssd1306.o
                0x0000166c                SPI_Send
 .text.SSD1306_Off
                0x000016b4       0x10 obj\debug\src\ssd1306\ssd1306.o
                0x000016b4                SSD1306_Off
 .text.SSD1306_On
                0x000016c4       0x10 obj\debug\src\ssd1306\ssd1306.o
                0x000016c4                SSD1306_On
 .text.SSD1306_ReDraw
                0x000016d4       0x74 obj\debug\src\ssd1306\ssd1306.o
                0x000016d4                SSD1306_ReDraw
 .text.SSD1306_Brightness
                0x00001748       0x24 obj\debug\src\ssd1306\ssd1306.o
                0x00001748                SSD1306_Brightness
 .text.SSD1306_Clear
                0x0000176c       0x34 obj\debug\src\ssd1306\ssd1306.o
                0x0000176c                SSD1306_Clear
 .text.SSD1306_Pixel
                0x000017a0      0x220 obj\debug\src\ssd1306\ssd1306.o
                0x000017a0                SSD1306_Pixel
 .text.drawFastHLine
                0x000019c0      0x134 obj\debug\src\ssd1306\ssd1306.o
                0x000019c0                drawFastHLine
 .text.drawFastHLineInternal
                0x00001af4      0x20c obj\debug\src\ssd1306\ssd1306.o
                0x00001af4                drawFastHLineInternal
 .text.drawFastVLineInternal
                0x00001d00      0x1d4 obj\debug\src\ssd1306\ssd1306.o
                0x00001d00                drawFastVLineInternal
 .text.SSD1306_setFont
                0x00001ed4       0x4c obj\debug\src\ssd1306\ssd1306.o
                0x00001ed4                SSD1306_setFont
 .text.SSD1306_Char
                0x00001f20      0x158 obj\debug\src\ssd1306\ssd1306.o
                0x00001f20                SSD1306_Char
 .text.SSD1306_BigChar
                0x00002078      0x338 obj\debug\src\ssd1306\ssd1306.o
                0x00002078                SSD1306_BigChar
 .text.SSD1306_String
                0x000023b0       0x7c obj\debug\src\ssd1306\ssd1306.o
                0x000023b0                SSD1306_String
 .text.SSD1306_BigString
                0x0000242c       0x84 obj\debug\src\ssd1306\ssd1306.o
                0x0000242c                SSD1306_BigString
 .text.SSD1306_Num
                0x000024b0       0x34 obj\debug\src\ssd1306\ssd1306.o
                0x000024b0                SSD1306_Num
 .text.SSD1306_Float
                0x000024e4       0x3c obj\debug\src\ssd1306\ssd1306.o
                0x000024e4                SSD1306_Float
 .text.SSD1306_NumWDesc
                0x00002520       0xac obj\debug\src\ssd1306\ssd1306.o
                0x00002520                SSD1306_NumWDesc
 .text.SSD1306_InvertRect
                0x000025cc       0x68 obj\debug\src\ssd1306\ssd1306.o
                0x000025cc                SSD1306_InvertRect
 .text.SSD1306_Bitmap
                0x00002634      0x120 obj\debug\src\ssd1306\ssd1306.o
                0x00002634                SSD1306_Bitmap
 .text.SSD1306_HLine
                0x00002754       0x90 obj\debug\src\ssd1306\ssd1306.o
                0x00002754                SSD1306_HLine
 .text.SSD1306_EndSplash
                0x000027e4       0x90 obj\debug\src\ssd1306\ssd1306.o
                0x000027e4                SSD1306_EndSplash
 *fill*         0x00002874        0x4 
 .text.MainScreen
                0x00002878      0x478 obj\debug\src\ui.o
                0x00002878                MainScreen
 .text.BinarScreen
                0x00002cf0       0xa4 obj\debug\src\ui.o
                0x00002cf0                BinarScreen
 .text.ExtendScreen
                0x00002d94       0x70 obj\debug\src\ui.o
                0x00002d94                ExtendScreen
 .text.menuScreen
                0x00002e04      0x218 obj\debug\src\ui.o
                0x00002e04                menuScreen
 .text.SettScreen
                0x0000301c       0xe4 obj\debug\src\ui.o
                0x0000301c                SettScreen
 .text.TDScreen
                0x00003100      0x2bc obj\debug\src\ui.o
                0x00003100                TDScreen
 .text.SetAlarm
                0x000033bc      0x3d8 obj\debug\src\ui.o
                0x000033bc                SetAlarm
 .text.Game1Intro
                0x00003794       0x4c obj\debug\src\games.o
                0x00003794                Game1Intro
 .text.Game1End
                0x000037e0       0x1c obj\debug\src\games.o
                0x000037e0                Game1End
 .text.Game1    0x000037fc       0x4c obj\debug\src\games.o
                0x000037fc                Game1
 .text.game1_start
                0x00003848       0x5c obj\debug\src\games.o
                0x00003848                game1_start
 .text.draw     0x000038a4      0x54c obj\debug\src\games.o
                0x000038a4                draw
 .text.nrf_gpio_pin_set
                0x00003df0       0x20 obj\debug\src\light.o
 .text.nrf_gpio_pin_clear
                0x00003e10       0x20 obj\debug\src\light.o
 .text.ADCInit  0x00003e30       0xbc obj\debug\src\light.o
                0x00003e30                ADCInit
 .text.MeasureVBat
                0x00003eec       0x10 obj\debug\src\light.o
                0x00003eec                MeasureVBat
 .text.MeasureLight
                0x00003efc       0x1c obj\debug\src\light.o
                0x00003efc                MeasureLight
 .text.NVIC_EnableIRQ
                0x00003f18       0x2c obj\debug\src\main.o
 .text.NVIC_SystemReset
                0x00003f44       0x1c obj\debug\src\main.o
 .text.nrf_gpio_cfg_output
                0x00003f60       0x20 obj\debug\src\main.o
 .text.nrf_gpio_cfg_input
                0x00003f80       0x2c obj\debug\src\main.o
 .text.nrf_gpio_cfg_sense_input
                0x00003fac       0x34 obj\debug\src\main.o
 .text.nrf_gpio_pin_set
                0x00003fe0       0x20 obj\debug\src\main.o
 .text.nrf_gpio_pin_clear
                0x00004000       0x20 obj\debug\src\main.o
 .text.nrf_gpio_pin_read
                0x00004020       0x24 obj\debug\src\main.o
 .text.LFCLK_Config
                0x00004044       0x44 obj\debug\src\main.o
 .text.RTC0_Config
                0x00004088       0x34 obj\debug\src\main.o
 .text.InitPeriph
                0x000040bc      0x284 obj\debug\src\main.o
                0x000040bc                InitPeriph
 .text.ButtonProcess
                0x00004340      0x270 obj\debug\src\main.o
                0x00004340                ButtonProcess
 .text.RTC0_IRQHandler
                0x000045b0      0x184 obj\debug\src\main.o
                0x000045b0                RTC0_IRQHandler
 .text.GPIOTE_IRQHandler
                0x00004734       0xdc obj\debug\src\main.o
                0x00004734                GPIOTE_IRQHandler
 .text.Sleep    0x00004810       0x58 obj\debug\src\main.o
                0x00004810                Sleep
 .text.EvntHandler
                0x00004868       0x3c obj\debug\src\main.o
                0x00004868                EvntHandler
 .text.WakeUp   0x000048a4       0x20 obj\debug\src\main.o
                0x000048a4                WakeUp
 .text.main     0x000048c4      0x138 obj\debug\src\main.o
                0x000048c4                main
 .text.SetStartScreen
                0x000049fc       0x20 obj\debug\src\menu.o
                0x000049fc                SetStartScreen
 .text.MenuChangeMain
                0x00004a1c       0x18 obj\debug\src\menu.o
                0x00004a1c                MenuChangeMain
 .text.MenuChange
                0x00004a34       0x3c obj\debug\src\menu.o
                0x00004a34                MenuChange
 .text.UIShortButton
                0x00004a70       0x94 obj\debug\src\menu.o
                0x00004a70                UIShortButton
 .text.UILongButton
                0x00004b04       0x34 obj\debug\src\menu.o
                0x00004b04                UILongButton
 .text.MenuCallback
                0x00004b38       0x5c obj\debug\src\menu.o
                0x00004b38                MenuCallback
 .text.SoundBeep
                0x00004b94       0xa8 obj\debug\src\sound.o
                0x00004b94                SoundBeep
 .text.strlen   0x00004c3c       0x2c obj\debug\src\string.o
                0x00004c3c                strlen
 .text.itoa_    0x00004c68       0x80 obj\debug\src\string.o
                0x00004c68                itoa_
 .text.ftoa_    0x00004ce8      0x1c0 obj\debug\src\string.o
                0x00004ce8                ftoa_
 .text.reverse  0x00004ea8       0x5c obj\debug\src\string.o
                0x00004ea8                reverse
 .text.strcat_  0x00004f04       0x58 obj\debug\src\string.o
                0x00004f04                strcat_
 *fill*         0x00004f5c        0x4 
 .text.pow_     0x00004f60       0x70 obj\debug\src\string.o
                0x00004f60                pow_
 .text.log10_   0x00004fd0       0xb4 obj\debug\src\string.o
                0x00004fd0                log10_
 .text.SystemInit
                0x00005084       0x40 obj\debug\src\system_nrf51.o
                0x00005084                SystemInit
 .text.is_manual_peripheral_setup_needed
                0x000050c4       0x80 obj\debug\src\system_nrf51.o
 .text.is_disabled_in_debug_needed
                0x00005144       0x4c obj\debug\src\system_nrf51.o
 .text.RTC_TimeDateToCnt
                0x00005190      0x140 obj\debug\src\timework.o
                0x00005190                RTC_TimeDateToCnt
 .text.RTC_CntToTimeDate
                0x000052d0      0x194 obj\debug\src\timework.o
                0x000052d0                RTC_CntToTimeDate
 .text.TimeToString
                0x00005464       0xc4 obj\debug\src\timework.o
                0x00005464                TimeToString
 .text          0x00005528       0x54 obj\debug\startup_nrf51.o
                0x00005528                Reset_Handler
                0x00005570                NMI_Handler
                0x00005572                HardFault_Handler
                0x00005574                SVC_Handler
                0x00005576                PendSV_Handler
                0x00005578                SysTick_Handler
                0x0000557a                SWI4_IRQHandler
                0x0000557a                TEMP_IRQHandler
                0x0000557a                QDEC_IRQHandler
                0x0000557a                UART0_IRQHandler
                0x0000557a                LPCOMP_IRQHandler
                0x0000557a                RADIO_IRQHandler
                0x0000557a                TIMER0_IRQHandler
                0x0000557a                POWER_CLOCK_IRQHandler
                0x0000557a                SWI0_IRQHandler
                0x0000557a                TIMER1_IRQHandler
                0x0000557a                ECB_IRQHandler
                0x0000557a                Default_Handler
                0x0000557a                ADC_IRQHandler
                0x0000557a                SWI3_IRQHandler
                0x0000557a                CCM_AAR_IRQHandler
                0x0000557a                WDT_IRQHandler
                0x0000557a                SWI5_IRQHandler
                0x0000557a                SWI2_IRQHandler
                0x0000557a                RNG_IRQHandler
                0x0000557a                SPI1_TWI1_IRQHandler
                0x0000557a                RTC1_IRQHandler
                0x0000557a                SWI1_IRQHandler
 .text          0x0000557c       0x9c c:/program files (x86)/emblocks/2.30/share/em_armgcc/bin/../lib/gcc/arm-none-eabi/4.7.3/armv6-m\libgcc.a(_udivsi3.o)
                0x0000557c                __aeabi_uidiv
                0x0000557c                __udivsi3
                0x00005604                __aeabi_uidivmod
 .text          0x00005618       0xc0 c:/program files (x86)/emblocks/2.30/share/em_armgcc/bin/../lib/gcc/arm-none-eabi/4.7.3/armv6-m\libgcc.a(_divsi3.o)
                0x00005618                __divsi3
                0x00005618                __aeabi_idiv
                0x000056c4                __aeabi_idivmod
 .text          0x000056d8        0x4 c:/program files (x86)/emblocks/2.30/share/em_armgcc/bin/../lib/gcc/arm-none-eabi/4.7.3/armv6-m\libgcc.a(_dvmd_tls.o)
                0x000056d8                __aeabi_idiv0
                0x000056d8                __aeabi_ldiv0
 .text          0x000056dc       0x74 c:/program files (x86)/emblocks/2.30/share/em_armgcc/bin/../lib/gcc/arm-none-eabi/4.7.3/armv6-m\libgcc.a(_arm_cmpsf2.o)
                0x000056dc                __aeabi_cfrcmple
                0x000056e4                __aeabi_cfcmpeq
                0x000056e4                __aeabi_cfcmple
                0x000056f4                __aeabi_fcmpeq
                0x00005700                __aeabi_fcmplt
                0x00005714                __aeabi_fcmple
                0x00005728                __aeabi_fcmpgt
                0x0000573c                __aeabi_fcmpge
 .text          0x00005750       0x30 c:/program files (x86)/emblocks/2.30/share/em_armgcc/bin/../lib/gcc/arm-none-eabi/4.7.3/armv6-m\libgcc.a(_fixunssfsi.o)
                0x00005750                __fixunssfsi
                0x00005750                __aeabi_f2uiz
 .text          0x00005780      0x3b8 c:/program files (x86)/emblocks/2.30/share/em_armgcc/bin/../lib/gcc/arm-none-eabi/4.7.3/armv6-m\libgcc.a(addsf3.o)
                0x00005780                __aeabi_fadd
 .text          0x00005b38      0x230 c:/program files (x86)/emblocks/2.30/share/em_armgcc/bin/../lib/gcc/arm-none-eabi/4.7.3/armv6-m\libgcc.a(divsf3.o)
                0x00005b38                __aeabi_fdiv
 .text          0x00005d68       0x58 c:/program files (x86)/emblocks/2.30/share/em_armgcc/bin/../lib/gcc/arm-none-eabi/4.7.3/armv6-m\libgcc.a(eqsf2.o)
                0x00005d68                __eqsf2
                0x00005d68                __nesf2
 .text          0x00005dc0       0x98 c:/program files (x86)/emblocks/2.30/share/em_armgcc/bin/../lib/gcc/arm-none-eabi/4.7.3/armv6-m\libgcc.a(gesf2.o)
                0x00005dc0                __gesf2
                0x00005dc0                __gtsf2
 .text          0x00005e58       0xa0 c:/program files (x86)/emblocks/2.30/share/em_armgcc/bin/../lib/gcc/arm-none-eabi/4.7.3/armv6-m\libgcc.a(lesf2.o)
                0x00005e58                __ltsf2
                0x00005e58                __lesf2
 .text          0x00005ef8      0x268 c:/program files (x86)/emblocks/2.30/share/em_armgcc/bin/../lib/gcc/arm-none-eabi/4.7.3/armv6-m\libgcc.a(mulsf3.o)
                0x00005ef8                __aeabi_fmul
 .text          0x00006160      0x3c4 c:/program files (x86)/emblocks/2.30/share/em_armgcc/bin/../lib/gcc/arm-none-eabi/4.7.3/armv6-m\libgcc.a(subsf3.o)
                0x00006160                __aeabi_fsub
 .text          0x00006524       0x40 c:/program files (x86)/emblocks/2.30/share/em_armgcc/bin/../lib/gcc/arm-none-eabi/4.7.3/armv6-m\libgcc.a(fixsfsi.o)
                0x00006524                __aeabi_f2iz
 .text          0x00006564       0xac c:/program files (x86)/emblocks/2.30/share/em_armgcc/bin/../lib/gcc/arm-none-eabi/4.7.3/armv6-m\libgcc.a(floatsisf.o)
                0x00006564                __aeabi_i2f
 .text          0x00006610      0x77c c:/program files (x86)/emblocks/2.30/share/em_armgcc/bin/../lib/gcc/arm-none-eabi/4.7.3/armv6-m\libgcc.a(adddf3.o)
                0x00006610                __aeabi_dadd
 .text          0x00006d8c      0x4e8 c:/program files (x86)/emblocks/2.30/share/em_armgcc/bin/../lib/gcc/arm-none-eabi/4.7.3/armv6-m\libgcc.a(muldf3.o)
                0x00006d8c                __aeabi_dmul
 .text          0x00007274       0x7c c:/program files (x86)/emblocks/2.30/share/em_armgcc/bin/../lib/gcc/arm-none-eabi/4.7.3/armv6-m\libgcc.a(floatsidf.o)
                0x00007274                __aeabi_i2d
 .text          0x000072f0       0xa8 c:/program files (x86)/emblocks/2.30/share/em_armgcc/bin/../lib/gcc/arm-none-eabi/4.7.3/armv6-m\libgcc.a(extendsfdf2.o)
                0x000072f0                __aeabi_f2d
 .text          0x00007398      0x148 c:/program files (x86)/emblocks/2.30/share/em_armgcc/bin/../lib/gcc/arm-none-eabi/4.7.3/armv6-m\libgcc.a(truncdfsf2.o)
                0x00007398                __aeabi_d2f
 .text          0x000074e0       0x3c c:/program files (x86)/emblocks/2.30/share/em_armgcc/bin/../lib/gcc/arm-none-eabi/4.7.3/armv6-m\libgcc.a(_clzsi2.o)
                0x000074e0                __clzsi2
 .text.exit     0x0000751c       0x2c c:/program files (x86)/emblocks/2.30/share/em_armgcc/bin/../lib/gcc/arm-none-eabi/4.7.3/../../../../arm-none-eabi/lib/armv6-m\libc_n.a(lib_a-exit.o)
                0x0000751c                exit
 .text.__libc_init_array
                0x00007548       0x4c c:/program files (x86)/emblocks/2.30/share/em_armgcc/bin/../lib/gcc/arm-none-eabi/4.7.3/../../../../arm-none-eabi/lib/armv6-m\libc_n.a(lib_a-init.o)
                0x00007548                __libc_init_array
 .text.memcpy   0x00007594       0x12 c:/program files (x86)/emblocks/2.30/share/em_armgcc/bin/../lib/gcc/arm-none-eabi/4.7.3/../../../../arm-none-eabi/lib/armv6-m\libc_n.a(lib_a-memcpy-stub.o)
                0x00007594                memcpy
 .text.memset   0x000075a6       0x12 c:/program files (x86)/emblocks/2.30/share/em_armgcc/bin/../lib/gcc/arm-none-eabi/4.7.3/../../../../arm-none-eabi/lib/armv6-m\libc_n.a(lib_a-memset.o)
                0x000075a6                memset
 .text.rand     0x000075b8       0x78 c:/program files (x86)/emblocks/2.30/share/em_armgcc/bin/../lib/gcc/arm-none-eabi/4.7.3/../../../../arm-none-eabi/lib/armv6-m\libc_n.a(lib_a-rand.o)
                0x000075b8                rand
 .text.malloc   0x00007630       0x14 c:/program files (x86)/emblocks/2.30/share/em_armgcc/bin/../lib/gcc/arm-none-eabi/4.7.3/../../../../arm-none-eabi/lib/armv6-m\libc_n.a(lib_a-malloc.o)
                0x00007630                malloc
 .text._malloc_r
                0x00007644       0xb0 c:/program files (x86)/emblocks/2.30/share/em_armgcc/bin/../lib/gcc/arm-none-eabi/4.7.3/../../../../arm-none-eabi/lib/armv6-m\libc_n.a(lib_a-nano-mallocr.o)
                0x00007644                _malloc_r
 .text._sbrk_r  0x000076f4       0x24 c:/program files (x86)/emblocks/2.30/share/em_armgcc/bin/../lib/gcc/arm-none-eabi/4.7.3/../../../../arm-none-eabi/lib/armv6-m\libc_n.a(lib_a-sbrkr.o)
                0x000076f4                _sbrk_r
 .text._sbrk    0x00007718       0x38 c:/program files (x86)/emblocks/2.30/share/em_armgcc/bin/../lib/gcc/arm-none-eabi/4.7.3/../../../../arm-none-eabi/lib/armv6-m\libnosys.a(sbrk.o)
                0x00007718                _sbrk
 .text._exit    0x00007750        0x4 c:/program files (x86)/emblocks/2.30/share/em_armgcc/bin/../lib/gcc/arm-none-eabi/4.7.3/../../../../arm-none-eabi/lib/armv6-m\libnosys.a(_exit.o)
                0x00007750                _exit
 .text          0x00007754       0x44 c:/program files (x86)/emblocks/2.30/share/em_armgcc/bin/../lib/gcc/arm-none-eabi/4.7.3/armv6-m\libgcc.a(_muldi3.o)
                0x00007754                __muldi3
                0x00007754                __aeabi_lmul
 *(.init)
 .init          0x00007798        0x4 c:/program files (x86)/emblocks/2.30/share/em_armgcc/bin/../lib/gcc/arm-none-eabi/4.7.3/armv6-m/crti.o
                0x00007798                _init
 .init          0x0000779c        0x8 c:/program files (x86)/emblocks/2.30/share/em_armgcc/bin/../lib/gcc/arm-none-eabi/4.7.3/armv6-m/crtn.o
 *(.fini)
 .fini          0x000077a4        0x4 c:/program files (x86)/emblocks/2.30/share/em_armgcc/bin/../lib/gcc/arm-none-eabi/4.7.3/armv6-m/crti.o
                0x000077a4                _fini
 .fini          0x000077a8        0x8 c:/program files (x86)/emblocks/2.30/share/em_armgcc/bin/../lib/gcc/arm-none-eabi/4.7.3/armv6-m/crtn.o
 *crtbegin.o(.ctors)
 *crtbegin?.o(.ctors)
 *(EXCLUDE_FILE(*crtend.o *crtend?.o) .ctors)
 *(SORT(.ctors.*))
 *(.ctors)
 *crtbegin.o(.dtors)
 *crtbegin?.o(.dtors)
 *(EXCLUDE_FILE(*crtend.o *crtend?.o) .dtors)
 *(SORT(.dtors.*))
 *(.dtors)
 *(.rodata*)
 .rodata.nrf_pwm_init
                0x000077b0       0x18 obj\debug\cmsis\nrf_pwm.o
 .rodata.font3x5
                0x000077c8      0x1e8 obj\debug\src\ssd1306\defaultfonts.o
                0x000077c8                font3x5
 .rodata.font5x8
                0x000079b0      0x418 obj\debug\src\ssd1306\defaultfonts.o
                0x000079b0                font5x8
 .rodata        0x00007dc8       0x68 obj\debug\src\ui.o
 .rodata.menuScreen
                0x00007e30       0x44 obj\debug\src\ui.o
 .rodata.TDScreen
                0x00007e74       0x44 obj\debug\src\ui.o
 .rodata.SetAlarm
                0x00007eb8       0x44 obj\debug\src\ui.o
 .rodata.platform
                0x00007efc       0x10 obj\debug\src\games.o
                0x00007efc                platform
 .rodata.livesImg
                0x00007f0c        0xc obj\debug\src\games.o
                0x00007f0c                livesImg
 .rodata        0x00007f18       0x2c obj\debug\src\games.o
 .rodata.menu_alarm
                0x00007f44       0x84 obj\debug\src\resources.o
                0x00007f44                menu_alarm
 .rodata.menu_stopwatch
                0x00007fc8       0x84 obj\debug\src\resources.o
                0x00007fc8                menu_stopwatch
 .rodata.menu_timedate
                0x0000804c       0x84 obj\debug\src\resources.o
                0x0000804c                menu_timedate
 .rodata.menu_torch
                0x000080d0       0x84 obj\debug\src\resources.o
                0x000080d0                menu_torch
 .rodata.menu_rand
                0x00008154       0x84 obj\debug\src\resources.o
                0x00008154                menu_rand
 .rodata.menu_games
                0x000081d8       0x84 obj\debug\src\resources.o
                0x000081d8                menu_games
 .rodata.menu_settings
                0x0000825c       0x84 obj\debug\src\resources.o
                0x0000825c                menu_settings
 .rodata.menu_txt
                0x000082e0       0x84 obj\debug\src\resources.o
                0x000082e0                menu_txt
 .rodata        0x00008364       0x10 obj\debug\src\sound.o
 .rodata        0x00008374       0x40 c:/program files (x86)/emblocks/2.30/share/em_armgcc/bin/../lib/gcc/arm-none-eabi/4.7.3/armv6-m\libgcc.a(divsf3.o)
 .rodata        0x000083b4       0x40 c:/program files (x86)/emblocks/2.30/share/em_armgcc/bin/../lib/gcc/arm-none-eabi/4.7.3/armv6-m\libgcc.a(mulsf3.o)
 .rodata        0x000083f4       0x40 c:/program files (x86)/emblocks/2.30/share/em_armgcc/bin/../lib/gcc/arm-none-eabi/4.7.3/armv6-m\libgcc.a(muldf3.o)
 .rodata.str1.1
                0x00008434        0x2 c:/program files (x86)/emblocks/2.30/share/em_armgcc/bin/../lib/gcc/arm-none-eabi/4.7.3/../../../../arm-none-eabi/lib/armv6-m\libc_n.a(lib_a-impure.o)
 *fill*         0x00008436        0x2 
 .rodata._global_impure_ptr
                0x00008438        0x4 c:/program files (x86)/emblocks/2.30/share/em_armgcc/bin/../lib/gcc/arm-none-eabi/4.7.3/../../../../arm-none-eabi/lib/armv6-m\libc_n.a(lib_a-impure.o)
                0x00008438                _global_impure_ptr
 *(.eh_frame*)

.glue_7         0x0000843c        0x0
 .glue_7        0x00000000        0x0 linker stubs

.glue_7t        0x0000843c        0x0
 .glue_7t       0x00000000        0x0 linker stubs

.vfp11_veneer   0x0000843c        0x0
 .vfp11_veneer  0x00000000        0x0 linker stubs

.v4_bx          0x0000843c        0x0
 .v4_bx         0x00000000        0x0 linker stubs

.iplt           0x0000843c        0x0
 .iplt          0x00000000        0x0 c:/program files (x86)/emblocks/2.30/share/em_armgcc/bin/../lib/gcc/arm-none-eabi/4.7.3/armv6-m/crtbegin.o

.ARM.extab
 *(.ARM.extab* .gnu.linkonce.armextab.*)
                0x0000843c                __exidx_start = .

.ARM.exidx      0x0000843c        0x8
 *(.ARM.exidx* .gnu.linkonce.armexidx.*)
 .ARM.exidx     0x0000843c        0x8 c:/program files (x86)/emblocks/2.30/share/em_armgcc/bin/../lib/gcc/arm-none-eabi/4.7.3/../../../../arm-none-eabi/lib/armv6-m/crt0.o
 .ARM.exidx     0x00008444        0x0 obj\debug\startup_nrf51.o
                                  0x8 (size before relaxing)
                0x00008444                __exidx_end = .
                0x00008444                __etext = .

.rel.dyn        0x00008444        0x0
 .rel.iplt      0x00000000        0x0 c:/program files (x86)/emblocks/2.30/share/em_armgcc/bin/../lib/gcc/arm-none-eabi/4.7.3/armv6-m/crtbegin.o

.data           0x20000000      0x650 load address 0x00008444
                0x20000000                __data_start__ = .
 *(vtable)
 *(.data*)
 .data.rotation
                0x20000000        0x1 obj\debug\src\ssd1306\ssd1306.o
                0x20000000                rotation
 *fill*         0x20000001        0x3 
 .data.buffer   0x20000004      0x400 obj\debug\src\ssd1306\ssd1306.o
 .data.premask.6094
                0x20000404        0x8 obj\debug\src\ssd1306\ssd1306.o
 .data.postmask.6105
                0x2000040c        0x8 obj\debug\src\ssd1306\ssd1306.o
 .data.Alarmes  0x20000414       0x28 obj\debug\src\ui.o
                0x20000414                Alarmes
 .data.lives    0x2000043c        0x1 obj\debug\src\games.o
                0x2000043c                lives
 *fill*         0x2000043d        0x3 
 .data.t        0x20000440        0x8 obj\debug\src\main.o
                0x20000440                t
 .data.month    0x20000448       0x28 obj\debug\src\main.o
                0x20000448                month
 .data.cur_date
                0x20000470        0xc obj\debug\src\main.o
                0x20000470                cur_date
 .data.j        0x2000047c        0x4 obj\debug\src\main.o
                0x2000047c                j
 .data.MainClock
                0x20000480       0x1c obj\debug\src\menu.o
                0x20000480                MainClock
 .data.BinarClock
                0x2000049c       0x1c obj\debug\src\menu.o
                0x2000049c                BinarClock
 .data.ExtndClock
                0x200004b8       0x1c obj\debug\src\menu.o
                0x200004b8                ExtndClock
 .data.Menu     0x200004d4       0x1c obj\debug\src\menu.o
                0x200004d4                Menu
 .data.Stopwatch
                0x200004f0       0x1c obj\debug\src\menu.o
                0x200004f0                Stopwatch
 .data.Flashlight
                0x2000050c       0x1c obj\debug\src\menu.o
                0x2000050c                Flashlight
 .data.Settings
                0x20000528       0x1c obj\debug\src\menu.o
                0x20000528                Settings
 .data.Random   0x20000544       0x1c obj\debug\src\menu.o
                0x20000544                Random
 .data.Calendar
                0x20000560       0x1c obj\debug\src\menu.o
                0x20000560                Calendar
 .data.Alarm    0x2000057c       0x1c obj\debug\src\menu.o
                0x2000057c                Alarm
 .data.Text     0x20000598       0x1c obj\debug\src\menu.o
                0x20000598                Text
 .data.Game     0x200005b4       0x1c obj\debug\src\menu.o
                0x200005b4                Game
 .data.SetTime  0x200005d0       0x1c obj\debug\src\menu.o
                0x200005d0                SetTime
 .data.impure_data
                0x200005ec       0x60 c:/program files (x86)/emblocks/2.30/share/em_armgcc/bin/../lib/gcc/arm-none-eabi/4.7.3/../../../../arm-none-eabi/lib/armv6-m\libc_n.a(lib_a-impure.o)
 .data._impure_ptr
                0x2000064c        0x4 c:/program files (x86)/emblocks/2.30/share/em_armgcc/bin/../lib/gcc/arm-none-eabi/4.7.3/../../../../arm-none-eabi/lib/armv6-m\libc_n.a(lib_a-impure.o)
                0x2000064c                _impure_ptr
                0x20000650                . = ALIGN (0x4)
                0x20000650                PROVIDE (__preinit_array_start, .)
 *(.preinit_array)
                0x20000650                PROVIDE (__preinit_array_end, .)
                0x20000650                . = ALIGN (0x4)
                0x20000650                PROVIDE (__init_array_start, .)
 *(SORT(.init_array.*))
 *(.init_array)
                0x20000650                PROVIDE (__init_array_end, .)
                0x20000650                . = ALIGN (0x4)
                0x20000650                PROVIDE (__fini_array_start, .)
 *(SORT(.fini_array.*))
 *(.fini_array)
                0x20000650                PROVIDE (__fini_array_end, .)
 *(.jcr)
                0x20000650                . = ALIGN (0x4)
                0x20000650                __data_end__ = .

.igot.plt       0x20000650        0x0 load address 0x00008a94
 .igot.plt      0x00000000        0x0 c:/program files (x86)/emblocks/2.30/share/em_armgcc/bin/../lib/gcc/arm-none-eabi/4.7.3/armv6-m/crtbegin.o

.bss            0x20000650      0x178 load address 0x00008a94
                0x20000650                . = ALIGN (0x4)
                0x20000650                __bss_start__ = .
 *(.bss*)
 .bss.pwm_max_value
                0x20000650        0x4 obj\debug\cmsis\nrf_pwm.o
 .bss.pwm_io_ch
                0x20000654        0x8 obj\debug\cmsis\nrf_pwm.o
 .bss.pwm_period_us
                0x2000065c        0x4 obj\debug\cmsis\nrf_pwm.o
 .bss.pwm_gpiote_channel
                0x20000660        0x4 obj\debug\cmsis\nrf_pwm.o
 .bss.pwm_ppi_chg
                0x20000664        0x1 obj\debug\cmsis\nrf_pwm.o
 *fill*         0x20000665        0x3 
 .bss.pwm_num_channels
                0x20000668        0x4 obj\debug\cmsis\nrf_pwm.o
 .bss.ptrX.5966
                0x2000066c        0x1 obj\debug\src\ui.o
 .bss.ptrY.5967
                0x2000066d        0x1 obj\debug\src\ui.o
 .bss.ptr.5951  0x2000066e        0x1 obj\debug\src\ui.o
 .bss.ptr.5940  0x2000066f        0x1 obj\debug\src\ui.o
 .bss.j.5930    0x20000670        0x1 obj\debug\src\ui.o
 .bss.i.5929    0x20000671        0x1 obj\debug\src\ui.o
 .bss.loseWeight.6071
                0x20000672        0x1 obj\debug\src\games.o
 .bss.buttonCounter
                0x20000673        0x1 obj\debug\src\main.o
                0x20000673                buttonCounter
 .bss.buttonState
                0x20000674        0x2 obj\debug\src\main.o
                0x20000674                buttonState
 .bss.xxxx      0x20000676        0x2 obj\debug\src\main.o
                0x20000676                xxxx
 .bss.Evnt_Hour
                0x20000678        0x1 obj\debug\src\main.o
                0x20000678                Evnt_Hour
 .bss.Evnt_WakeUp
                0x20000679        0x1 obj\debug\src\main.o
                0x20000679                Evnt_WakeUp
 .bss.Evnt_Alarm
                0x2000067a        0x1 obj\debug\src\main.o
                0x2000067a                Evnt_Alarm
 .bss.needUpdate
                0x2000067b        0x1 obj\debug\src\main.o
                0x2000067b                needUpdate
 .bss.needBeep  0x2000067c        0x1 obj\debug\src\main.o
                0x2000067c                needBeep
 .bss.preCnt.6631
                0x2000067d        0x1 obj\debug\src\main.o
 .bss.command   0x2000067e        0x2 obj\debug\src\menu.o
                0x2000067e                command
 .bss.Null_Menu
                0x20000680       0x1c obj\debug\src\menu.o
                0x20000680                Null_Menu
 .bss.__malloc_sbrk_start
                0x2000069c        0x4 c:/program files (x86)/emblocks/2.30/share/em_armgcc/bin/../lib/gcc/arm-none-eabi/4.7.3/../../../../arm-none-eabi/lib/armv6-m\libc_n.a(lib_a-nano-mallocr.o)
                0x2000069c                __malloc_sbrk_start
 .bss.__malloc_free_list
                0x200006a0        0x4 c:/program files (x86)/emblocks/2.30/share/em_armgcc/bin/../lib/gcc/arm-none-eabi/4.7.3/../../../../arm-none-eabi/lib/armv6-m\libc_n.a(lib_a-nano-mallocr.o)
                0x200006a0                __malloc_free_list
 .bss.heap_end.4240
                0x200006a4        0x4 c:/program files (x86)/emblocks/2.30/share/em_armgcc/bin/../lib/gcc/arm-none-eabi/4.7.3/../../../../arm-none-eabi/lib/armv6-m\libnosys.a(sbrk.o)
 *(COMMON)
 COMMON         0x200006a8       0x20 obj\debug\src\bmp180\bmp180.o
                0x200006a8                _BMP180Mode
                0x200006ac                _BMP180_coeffs
                0x200006c4                _sensorID
 COMMON         0x200006c8       0x10 obj\debug\src\ssd1306\ssd1306.o
                0x200006c8                orient
                0x200006c9                _transparent
                0x200006cc                cfont
 COMMON         0x200006d8       0xb6 obj\debug\src\games.o
                0x200006d8                blocks
                0x20000778                score
                0x2000077c                ball
                0x2000078c                uptMove
                0x2000078d                platformX
 *fill*         0x2000078e        0x2 
 COMMON         0x20000790        0x9 obj\debug\src\light.o
                0x20000790                VBat
                0x20000794                Light
                0x20000798                channel
 *fill*         0x20000799        0x3 
 COMMON         0x2000079c       0x20 obj\debug\src\main.o
                0x2000079c                SysTickTimer
                0x200007a0                MAGNET
                0x200007ac                ACCEL
                0x200007b8                RTCCounter
 COMMON         0x200007bc        0x8 obj\debug\src\menu.o
                0x200007bc                CurrWorkItem
                0x200007c0                CurrScreen
 COMMON         0x200007c4        0x4 c:/program files (x86)/emblocks/2.30/share/em_armgcc/bin/../lib/gcc/arm-none-eabi/4.7.3/../../../../arm-none-eabi/lib/armv6-m\libc_n.a(lib_a-reent.o)
                0x200007c4                errno
                0x200007c8                . = ALIGN (0x4)
                0x200007c8                __bss_end__ = .

.heap           0x200007c8      0x800
                0x200007c8                __end__ = .
                0x200007c8                end = __end__
 *(.heap*)
 .heap          0x200007c8      0x800 obj\debug\startup_nrf51.o
                0x200007c8                __HeapBase
                0x20000fc8                __HeapLimit = .

.stack_dummy    0x200007c8      0x800
 *(.stack*)
 .stack         0x200007c8      0x800 obj\debug\startup_nrf51.o
                0x20004000                __StackTop = (ORIGIN (RAM) + 0x4000)
                0x20003800                __StackLimit = (__StackTop - SIZEOF (.stack_dummy))
                0x20004000                PROVIDE (__stack, __StackTop)
                0x00000001                ASSERT ((__StackLimit >= __HeapLimit), region RAM overflowed with stack)
LOAD obj\debug\cmsis\hal\nrf_delay.o
LOAD obj\debug\cmsis\hal\nrf_ecb.o
LOAD obj\debug\cmsis\hal\nrf_nvmc.o
LOAD obj\debug\cmsis\hal\nrf_soc.o
LOAD obj\debug\cmsis\nrf_pwm.o
LOAD obj\debug\cmsis\simple_uart.o
LOAD obj\debug\cmsis\spi_master.o
LOAD obj\debug\cmsis\twi_hw_master.o
LOAD obj\debug\src\bmp180\bmp180.o
LOAD obj\debug\src\lsm303\lsm303.o
LOAD obj\debug\src\lsm303\lsm303_process.o
LOAD obj\debug\src\ssd1306\defaultfonts.o
LOAD obj\debug\src\ssd1306\ssd1306.o
LOAD obj\debug\src\ui.o
LOAD obj\debug\src\dispatcher.o
LOAD obj\debug\src\games.o
LOAD obj\debug\src\light.o
LOAD obj\debug\src\main.o
LOAD obj\debug\src\menu.o
LOAD obj\debug\src\resources.o
LOAD obj\debug\src\sound.o
LOAD obj\debug\src\string.o
LOAD obj\debug\src\system_nrf51.o
LOAD obj\debug\src\timework.o
LOAD obj\debug\startup_nrf51.o
LOAD c:/program files (x86)/emblocks/2.30/share/em_armgcc/bin/../lib/gcc/arm-none-eabi/4.7.3/../../../../arm-none-eabi/lib/armv6-m\libm.a
START GROUP
LOAD c:/program files (x86)/emblocks/2.30/share/em_armgcc/bin/../lib/gcc/arm-none-eabi/4.7.3/armv6-m\libgcc.a
LOAD c:/program files (x86)/emblocks/2.30/share/em_armgcc/bin/../lib/gcc/arm-none-eabi/4.7.3/../../../../arm-none-eabi/lib/armv6-m\libc_n.a
LOAD c:/program files (x86)/emblocks/2.30/share/em_armgcc/bin/../lib/gcc/arm-none-eabi/4.7.3/../../../../arm-none-eabi/lib/armv6-m\libg_n.a
LOAD c:/program files (x86)/emblocks/2.30/share/em_armgcc/bin/../lib/gcc/arm-none-eabi/4.7.3/../../../../arm-none-eabi/lib/armv6-m\libnosys.a
END GROUP
LOAD c:/program files (x86)/emblocks/2.30/share/em_armgcc/bin/../lib/gcc/arm-none-eabi/4.7.3/armv6-m/crtend.o
LOAD c:/program files (x86)/emblocks/2.30/share/em_armgcc/bin/../lib/gcc/arm-none-eabi/4.7.3/armv6-m/crtn.o
OUTPUT(bin\Debug\SmartWatch.elf elf32-littlearm)

.ARM.attributes
                0x00000000       0x27
 .ARM.attributes
                0x00000000       0x1e c:/program files (x86)/emblocks/2.30/share/em_armgcc/bin/../lib/gcc/arm-none-eabi/4.7.3/armv6-m/crti.o
 .ARM.attributes
                0x0000001e       0x1b c:/program files (x86)/emblocks/2.30/share/em_armgcc/bin/../lib/gcc/arm-none-eabi/4.7.3/../../../../arm-none-eabi/lib/armv6-m/crt0.o
 .ARM.attributes
                0x00000039       0x31 obj\debug\cmsis\hal\nrf_delay.o
 .ARM.attributes
                0x0000006a       0x31 obj\debug\cmsis\nrf_pwm.o
 .ARM.attributes
                0x0000009b       0x31 obj\debug\cmsis\spi_master.o
 .ARM.attributes
                0x000000cc       0x31 obj\debug\cmsis\twi_hw_master.o
 .ARM.attributes
                0x000000fd       0x31 obj\debug\src\bmp180\bmp180.o
 .ARM.attributes
                0x0000012e       0x31 obj\debug\src\lsm303\lsm303.o
 .ARM.attributes
                0x0000015f       0x31 obj\debug\src\ssd1306\defaultfonts.o
 .ARM.attributes
                0x00000190       0x31 obj\debug\src\ssd1306\ssd1306.o
 .ARM.attributes
                0x000001c1       0x31 obj\debug\src\ui.o
 .ARM.attributes
                0x000001f2       0x31 obj\debug\src\games.o
 .ARM.attributes
                0x00000223       0x31 obj\debug\src\light.o
 .ARM.attributes
                0x00000254       0x31 obj\debug\src\main.o
 .ARM.attributes
                0x00000285       0x31 obj\debug\src\menu.o
 .ARM.attributes
                0x000002b6       0x31 obj\debug\src\resources.o
 .ARM.attributes
                0x000002e7       0x31 obj\debug\src\sound.o
 .ARM.attributes
                0x00000318       0x31 obj\debug\src\string.o
 .ARM.attributes
                0x00000349       0x31 obj\debug\src\system_nrf51.o
 .ARM.attributes
                0x0000037a       0x31 obj\debug\src\timework.o
 .ARM.attributes
                0x000003ab       0x1b obj\debug\startup_nrf51.o
 .ARM.attributes
                0x000003c6       0x1e c:/program files (x86)/emblocks/2.30/share/em_armgcc/bin/../lib/gcc/arm-none-eabi/4.7.3/armv6-m\libgcc.a(_udivsi3.o)
 .ARM.attributes
                0x000003e4       0x1e c:/program files (x86)/emblocks/2.30/share/em_armgcc/bin/../lib/gcc/arm-none-eabi/4.7.3/armv6-m\libgcc.a(_divsi3.o)
 .ARM.attributes
                0x00000402       0x1e c:/program files (x86)/emblocks/2.30/share/em_armgcc/bin/../lib/gcc/arm-none-eabi/4.7.3/armv6-m\libgcc.a(_dvmd_tls.o)
 .ARM.attributes
                0x00000420       0x1e c:/program files (x86)/emblocks/2.30/share/em_armgcc/bin/../lib/gcc/arm-none-eabi/4.7.3/armv6-m\libgcc.a(_arm_cmpsf2.o)
 .ARM.attributes
                0x0000043e       0x2c c:/program files (x86)/emblocks/2.30/share/em_armgcc/bin/../lib/gcc/arm-none-eabi/4.7.3/armv6-m\libgcc.a(_fixunssfsi.o)
 .ARM.attributes
                0x0000046a       0x2c c:/program files (x86)/emblocks/2.30/share/em_armgcc/bin/../lib/gcc/arm-none-eabi/4.7.3/armv6-m\libgcc.a(addsf3.o)
 .ARM.attributes
                0x00000496       0x2c c:/program files (x86)/emblocks/2.30/share/em_armgcc/bin/../lib/gcc/arm-none-eabi/4.7.3/armv6-m\libgcc.a(divsf3.o)
 .ARM.attributes
                0x000004c2       0x2c c:/program files (x86)/emblocks/2.30/share/em_armgcc/bin/../lib/gcc/arm-none-eabi/4.7.3/armv6-m\libgcc.a(eqsf2.o)
 .ARM.attributes
                0x000004ee       0x2c c:/program files (x86)/emblocks/2.30/share/em_armgcc/bin/../lib/gcc/arm-none-eabi/4.7.3/armv6-m\libgcc.a(gesf2.o)
 .ARM.attributes
                0x0000051a       0x2c c:/program files (x86)/emblocks/2.30/share/em_armgcc/bin/../lib/gcc/arm-none-eabi/4.7.3/armv6-m\libgcc.a(lesf2.o)
 .ARM.attributes
                0x00000546       0x2c c:/program files (x86)/emblocks/2.30/share/em_armgcc/bin/../lib/gcc/arm-none-eabi/4.7.3/armv6-m\libgcc.a(mulsf3.o)
 .ARM.attributes
                0x00000572       0x2c c:/program files (x86)/emblocks/2.30/share/em_armgcc/bin/../lib/gcc/arm-none-eabi/4.7.3/armv6-m\libgcc.a(subsf3.o)
 .ARM.attributes
                0x0000059e       0x2c c:/program files (x86)/emblocks/2.30/share/em_armgcc/bin/../lib/gcc/arm-none-eabi/4.7.3/armv6-m\libgcc.a(fixsfsi.o)
 .ARM.attributes
                0x000005ca       0x2c c:/program files (x86)/emblocks/2.30/share/em_armgcc/bin/../lib/gcc/arm-none-eabi/4.7.3/armv6-m\libgcc.a(floatsisf.o)
 .ARM.attributes
                0x000005f6       0x2c c:/program files (x86)/emblocks/2.30/share/em_armgcc/bin/../lib/gcc/arm-none-eabi/4.7.3/armv6-m\libgcc.a(adddf3.o)
 .ARM.attributes
                0x00000622       0x2c c:/program files (x86)/emblocks/2.30/share/em_armgcc/bin/../lib/gcc/arm-none-eabi/4.7.3/armv6-m\libgcc.a(muldf3.o)
 .ARM.attributes
                0x0000064e       0x2c c:/program files (x86)/emblocks/2.30/share/em_armgcc/bin/../lib/gcc/arm-none-eabi/4.7.3/armv6-m\libgcc.a(floatsidf.o)
 .ARM.attributes
                0x0000067a       0x2c c:/program files (x86)/emblocks/2.30/share/em_armgcc/bin/../lib/gcc/arm-none-eabi/4.7.3/armv6-m\libgcc.a(extendsfdf2.o)
 .ARM.attributes
                0x000006a6       0x2c c:/program files (x86)/emblocks/2.30/share/em_armgcc/bin/../lib/gcc/arm-none-eabi/4.7.3/armv6-m\libgcc.a(truncdfsf2.o)
 .ARM.attributes
                0x000006d2       0x1e c:/program files (x86)/emblocks/2.30/share/em_armgcc/bin/../lib/gcc/arm-none-eabi/4.7.3/armv6-m\libgcc.a(_clzsi2.o)
 .ARM.attributes
                0x000006f0       0x2c c:/program files (x86)/emblocks/2.30/share/em_armgcc/bin/../lib/gcc/arm-none-eabi/4.7.3/../../../../arm-none-eabi/lib/armv6-m\libc_n.a(lib_a-exit.o)
 .ARM.attributes
                0x0000071c       0x2c c:/program files (x86)/emblocks/2.30/share/em_armgcc/bin/../lib/gcc/arm-none-eabi/4.7.3/../../../../arm-none-eabi/lib/armv6-m\libc_n.a(lib_a-impure.o)
 .ARM.attributes
                0x00000748       0x2c c:/program files (x86)/emblocks/2.30/share/em_armgcc/bin/../lib/gcc/arm-none-eabi/4.7.3/../../../../arm-none-eabi/lib/armv6-m\libc_n.a(lib_a-init.o)
 .ARM.attributes
                0x00000774       0x2c c:/program files (x86)/emblocks/2.30/share/em_armgcc/bin/../lib/gcc/arm-none-eabi/4.7.3/../../../../arm-none-eabi/lib/armv6-m\libc_n.a(lib_a-memcpy-stub.o)
 .ARM.attributes
                0x000007a0       0x2c c:/program files (x86)/emblocks/2.30/share/em_armgcc/bin/../lib/gcc/arm-none-eabi/4.7.3/../../../../arm-none-eabi/lib/armv6-m\libc_n.a(lib_a-memset.o)
 .ARM.attributes
                0x000007cc       0x2c c:/program files (x86)/emblocks/2.30/share/em_armgcc/bin/../lib/gcc/arm-none-eabi/4.7.3/../../../../arm-none-eabi/lib/armv6-m\libc_n.a(lib_a-rand.o)
 .ARM.attributes
                0x000007f8       0x2c c:/program files (x86)/emblocks/2.30/share/em_armgcc/bin/../lib/gcc/arm-none-eabi/4.7.3/../../../../arm-none-eabi/lib/armv6-m\libc_n.a(lib_a-malloc.o)
 .ARM.attributes
                0x00000824       0x2c c:/program files (x86)/emblocks/2.30/share/em_armgcc/bin/../lib/gcc/arm-none-eabi/4.7.3/../../../../arm-none-eabi/lib/armv6-m\libc_n.a(lib_a-nano-mallocr.o)
 .ARM.attributes
                0x00000850       0x2c c:/program files (x86)/emblocks/2.30/share/em_armgcc/bin/../lib/gcc/arm-none-eabi/4.7.3/../../../../arm-none-eabi/lib/armv6-m\libc_n.a(lib_a-sbrkr.o)
 .ARM.attributes
                0x0000087c       0x2c c:/program files (x86)/emblocks/2.30/share/em_armgcc/bin/../lib/gcc/arm-none-eabi/4.7.3/../../../../arm-none-eabi/lib/armv6-m\libc_n.a(lib_a-reent.o)
 .ARM.attributes
                0x000008a8       0x2c c:/program files (x86)/emblocks/2.30/share/em_armgcc/bin/../lib/gcc/arm-none-eabi/4.7.3/../../../../arm-none-eabi/lib/armv6-m\libnosys.a(sbrk.o)
 .ARM.attributes
                0x000008d4       0x2c c:/program files (x86)/emblocks/2.30/share/em_armgcc/bin/../lib/gcc/arm-none-eabi/4.7.3/../../../../arm-none-eabi/lib/armv6-m\libnosys.a(_exit.o)
 .ARM.attributes
                0x00000900       0x2c c:/program files (x86)/emblocks/2.30/share/em_armgcc/bin/../lib/gcc/arm-none-eabi/4.7.3/armv6-m\libgcc.a(_muldi3.o)
 .ARM.attributes
                0x0000092c       0x1e c:/program files (x86)/emblocks/2.30/share/em_armgcc/bin/../lib/gcc/arm-none-eabi/4.7.3/armv6-m/crtn.o

.comment        0x00000000       0x38
 .comment       0x00000000       0x38 obj\debug\cmsis\hal\nrf_delay.o
                                 0x39 (size before relaxing)
 .comment       0x00000000       0x39 obj\debug\cmsis\nrf_pwm.o
 .comment       0x00000000       0x39 obj\debug\cmsis\spi_master.o
 .comment       0x00000000       0x39 obj\debug\cmsis\twi_hw_master.o
 .comment       0x00000000       0x39 obj\debug\src\bmp180\bmp180.o
 .comment       0x00000000       0x39 obj\debug\src\lsm303\lsm303.o
 .comment       0x00000000       0x39 obj\debug\src\ssd1306\defaultfonts.o
 .comment       0x00000000       0x39 obj\debug\src\ssd1306\ssd1306.o
 .comment       0x00000000       0x39 obj\debug\src\ui.o
 .comment       0x00000000       0x39 obj\debug\src\games.o
 .comment       0x00000000       0x39 obj\debug\src\light.o
 .comment       0x00000000       0x39 obj\debug\src\main.o
 .comment       0x00000000       0x39 obj\debug\src\menu.o
 .comment       0x00000000       0x39 obj\debug\src\resources.o
 .comment       0x00000000       0x39 obj\debug\src\sound.o
 .comment       0x00000000       0x39 obj\debug\src\string.o
 .comment       0x00000000       0x39 obj\debug\src\system_nrf51.o
 .comment       0x00000000       0x39 obj\debug\src\timework.o

.debug_info     0x00000000     0x7e31
 .debug_info    0x00000000       0xea obj\debug\cmsis\hal\nrf_delay.o
 .debug_info    0x000000ea      0xe77 obj\debug\cmsis\nrf_pwm.o
 .debug_info    0x00000f61      0xc9f obj\debug\cmsis\spi_master.o
 .debug_info    0x00001c00      0x88d obj\debug\cmsis\twi_hw_master.o
 .debug_info    0x0000248d      0x7ae obj\debug\src\bmp180\bmp180.o
 .debug_info    0x00002c3b      0x257 obj\debug\src\lsm303\lsm303.o
 .debug_info    0x00002e92       0xaa obj\debug\src\ssd1306\defaultfonts.o
 .debug_info    0x00002f3c     0x123c obj\debug\src\ssd1306\ssd1306.o
 .debug_info    0x00004178      0x7be obj\debug\src\ui.o
 .debug_info    0x00004936      0x628 obj\debug\src\games.o
 .debug_info    0x00004f5e      0x481 obj\debug\src\light.o
 .debug_info    0x000053df     0x189c obj\debug\src\main.o
 .debug_info    0x00006c7b      0x369 obj\debug\src\menu.o
 .debug_info    0x00006fe4       0xf8 obj\debug\src\resources.o
 .debug_info    0x000070dc      0x411 obj\debug\src\sound.o
 .debug_info    0x000074ed      0x4a6 obj\debug\src\string.o
 .debug_info    0x00007993      0x1d8 obj\debug\src\system_nrf51.o
 .debug_info    0x00007b6b      0x272 obj\debug\src\timework.o
 .debug_info    0x00007ddd       0x54 obj\debug\startup_nrf51.o

.debug_abbrev   0x00000000     0x175b
 .debug_abbrev  0x00000000       0x82 obj\debug\cmsis\hal\nrf_delay.o
 .debug_abbrev  0x00000082      0x210 obj\debug\cmsis\nrf_pwm.o
 .debug_abbrev  0x00000292      0x1df obj\debug\cmsis\spi_master.o
 .debug_abbrev  0x00000471      0x17c obj\debug\cmsis\twi_hw_master.o
 .debug_abbrev  0x000005ed      0x1a8 obj\debug\src\bmp180\bmp180.o
 .debug_abbrev  0x00000795       0xa9 obj\debug\src\lsm303\lsm303.o
 .debug_abbrev  0x0000083e       0x59 obj\debug\src\ssd1306\defaultfonts.o
 .debug_abbrev  0x00000897      0x231 obj\debug\src\ssd1306\ssd1306.o
 .debug_abbrev  0x00000ac8      0x188 obj\debug\src\ui.o
 .debug_abbrev  0x00000c50      0x1ab obj\debug\src\games.o
 .debug_abbrev  0x00000dfb      0x137 obj\debug\src\light.o
 .debug_abbrev  0x00000f32      0x2ba obj\debug\src\main.o
 .debug_abbrev  0x000011ec      0x107 obj\debug\src\menu.o
 .debug_abbrev  0x000012f3       0x48 obj\debug\src\resources.o
 .debug_abbrev  0x0000133b      0x105 obj\debug\src\sound.o
 .debug_abbrev  0x00001440      0x135 obj\debug\src\string.o
 .debug_abbrev  0x00001575       0xe7 obj\debug\src\system_nrf51.o
 .debug_abbrev  0x0000165c       0xeb obj\debug\src\timework.o
 .debug_abbrev  0x00001747       0x14 obj\debug\startup_nrf51.o

.debug_loc      0x00000000     0x22dc
 .debug_loc     0x00000000       0x70 obj\debug\cmsis\hal\nrf_delay.o
 .debug_loc     0x00000070      0x3cc obj\debug\cmsis\nrf_pwm.o
 .debug_loc     0x0000043c      0x306 obj\debug\cmsis\spi_master.o
 .debug_loc     0x00000742      0x144 obj\debug\cmsis\twi_hw_master.o
 .debug_loc     0x00000886      0x376 obj\debug\src\bmp180\bmp180.o
 .debug_loc     0x00000bfc      0x164 obj\debug\src\lsm303\lsm303.o
 .debug_loc     0x00000d60      0x8d8 obj\debug\src\ssd1306\ssd1306.o
 .debug_loc     0x00001638      0x18a obj\debug\src\ui.o
 .debug_loc     0x000017c2      0x120 obj\debug\src\games.o
 .debug_loc     0x000018e2      0x100 obj\debug\src\light.o
 .debug_loc     0x000019e2      0x390 obj\debug\src\main.o
 .debug_loc     0x00001d72      0x138 obj\debug\src\menu.o
 .debug_loc     0x00001eaa       0x38 obj\debug\src\sound.o
 .debug_loc     0x00001ee2      0x26a obj\debug\src\string.o
 .debug_loc     0x0000214c       0xb0 obj\debug\src\system_nrf51.o
 .debug_loc     0x000021fc       0xe0 obj\debug\src\timework.o

.debug_aranges  0x00000000      0x700
 .debug_aranges
                0x00000000       0x28 obj\debug\cmsis\hal\nrf_delay.o
 .debug_aranges
                0x00000028       0xa8 obj\debug\cmsis\nrf_pwm.o
 .debug_aranges
                0x000000d0       0x88 obj\debug\cmsis\spi_master.o
 .debug_aranges
                0x00000158       0x48 obj\debug\cmsis\twi_hw_master.o
 .debug_aranges
                0x000001a0       0x98 obj\debug\src\bmp180\bmp180.o
 .debug_aranges
                0x00000238       0x50 obj\debug\src\lsm303\lsm303.o
 .debug_aranges
                0x00000288       0x18 obj\debug\src\ssd1306\defaultfonts.o
 .debug_aranges
                0x000002a0      0x160 obj\debug\src\ssd1306\ssd1306.o
 .debug_aranges
                0x00000400       0x50 obj\debug\src\ui.o
 .debug_aranges
                0x00000450       0x48 obj\debug\src\games.o
 .debug_aranges
                0x00000498       0x40 obj\debug\src\light.o
 .debug_aranges
                0x000004d8       0xa8 obj\debug\src\main.o
 .debug_aranges
                0x00000580       0x48 obj\debug\src\menu.o
 .debug_aranges
                0x000005c8       0x18 obj\debug\src\resources.o
 .debug_aranges
                0x000005e0       0x20 obj\debug\src\sound.o
 .debug_aranges
                0x00000600       0x70 obj\debug\src\string.o
 .debug_aranges
                0x00000670       0x38 obj\debug\src\system_nrf51.o
 .debug_aranges
                0x000006a8       0x38 obj\debug\src\timework.o
 .debug_aranges
                0x000006e0       0x20 obj\debug\startup_nrf51.o

.debug_ranges   0x00000000      0x5e0
 .debug_ranges  0x00000000       0x18 obj\debug\cmsis\hal\nrf_delay.o
 .debug_ranges  0x00000018       0x98 obj\debug\cmsis\nrf_pwm.o
 .debug_ranges  0x000000b0       0x78 obj\debug\cmsis\spi_master.o
 .debug_ranges  0x00000128       0x38 obj\debug\cmsis\twi_hw_master.o
 .debug_ranges  0x00000160       0x88 obj\debug\src\bmp180\bmp180.o
 .debug_ranges  0x000001e8       0x40 obj\debug\src\lsm303\lsm303.o
 .debug_ranges  0x00000228      0x168 obj\debug\src\ssd1306\ssd1306.o
 .debug_ranges  0x00000390       0x40 obj\debug\src\ui.o
 .debug_ranges  0x000003d0       0x38 obj\debug\src\games.o
 .debug_ranges  0x00000408       0x30 obj\debug\src\light.o
 .debug_ranges  0x00000438       0xb0 obj\debug\src\main.o
 .debug_ranges  0x000004e8       0x38 obj\debug\src\menu.o
 .debug_ranges  0x00000520       0x10 obj\debug\src\sound.o
 .debug_ranges  0x00000530       0x60 obj\debug\src\string.o
 .debug_ranges  0x00000590       0x28 obj\debug\src\system_nrf51.o
 .debug_ranges  0x000005b8       0x28 obj\debug\src\timework.o

.debug_macro    0x00000000     0xb1b1
 .debug_macro   0x00000000      0x171 obj\debug\cmsis\hal\nrf_delay.o
 .debug_macro   0x00000171      0x7f6 obj\debug\cmsis\hal\nrf_delay.o
 .debug_macro   0x00000967       0x58 obj\debug\cmsis\hal\nrf_delay.o
 .debug_macro   0x000009bf       0x16 obj\debug\cmsis\hal\nrf_delay.o
 .debug_macro   0x000009d5       0x35 obj\debug\cmsis\hal\nrf_delay.o
 .debug_macro   0x00000a0a       0xa3 obj\debug\cmsis\hal\nrf_delay.o
 .debug_macro   0x00000aad       0x16 obj\debug\cmsis\hal\nrf_delay.o
 .debug_macro   0x00000ac3       0x97 obj\debug\cmsis\hal\nrf_delay.o
 .debug_macro   0x00000b5a       0x10 obj\debug\cmsis\hal\nrf_delay.o
 .debug_macro   0x00000b6a       0xf5 obj\debug\cmsis\hal\nrf_delay.o
 .debug_macro   0x00000c5f       0x4a obj\debug\cmsis\hal\nrf_delay.o
 .debug_macro   0x00000ca9       0x52 obj\debug\cmsis\hal\nrf_delay.o
 .debug_macro   0x00000cfb       0x16 obj\debug\cmsis\hal\nrf_delay.o
 .debug_macro   0x00000d11       0x43 obj\debug\cmsis\hal\nrf_delay.o
 .debug_macro   0x00000d54      0x180 obj\debug\cmsis\hal\nrf_delay.o
 .debug_macro   0x00000ed4       0x10 obj\debug\cmsis\hal\nrf_delay.o
 .debug_macro   0x00000ee4       0x22 obj\debug\cmsis\hal\nrf_delay.o
 .debug_macro   0x00000f06       0xbd obj\debug\cmsis\hal\nrf_delay.o
 .debug_macro   0x00000fc3       0x16 obj\debug\cmsis\hal\nrf_delay.o
 .debug_macro   0x00000fd9      0x16c obj\debug\cmsis\hal\nrf_delay.o
 .debug_macro   0x00001145       0x22 obj\debug\cmsis\hal\nrf_delay.o
 .debug_macro   0x00001167       0x46 obj\debug\cmsis\hal\nrf_delay.o
 .debug_macro   0x000011ad       0x3a obj\debug\cmsis\hal\nrf_delay.o
 .debug_macro   0x000011e7      0x20f obj\debug\cmsis\hal\nrf_delay.o
 .debug_macro   0x000013f6      0x241 obj\debug\cmsis\hal\nrf_delay.o
 .debug_macro   0x00001637      0x1e0 obj\debug\cmsis\hal\nrf_delay.o
 .debug_macro   0x00001817     0x77f9 obj\debug\cmsis\hal\nrf_delay.o
 .debug_macro   0x00009010      0x976 obj\debug\cmsis\hal\nrf_delay.o
 .debug_macro   0x00009986       0xe2 obj\debug\cmsis\nrf_pwm.o
 .debug_macro   0x00009a68       0x2e obj\debug\cmsis\nrf_pwm.o
 .debug_macro   0x00009a96      0x18e obj\debug\cmsis\spi_master.o
 .debug_macro   0x00009c24       0x16 obj\debug\cmsis\spi_master.o
 .debug_macro   0x00009c3a       0x10 obj\debug\cmsis\spi_master.o
 .debug_macro   0x00009c4a       0x16 obj\debug\cmsis\spi_master.o
 .debug_macro   0x00009c60       0xe1 obj\debug\cmsis\twi_hw_master.o
 .debug_macro   0x00009d41       0x5e obj\debug\cmsis\twi_hw_master.o
 .debug_macro   0x00009d9f       0xeb obj\debug\src\bmp180\bmp180.o
 .debug_macro   0x00009e8a       0x64 obj\debug\src\bmp180\bmp180.o
 .debug_macro   0x00009eee       0xcc obj\debug\src\lsm303\lsm303.o
 .debug_macro   0x00009fba       0x28 obj\debug\src\lsm303\lsm303.o
 .debug_macro   0x00009fe2       0x11 obj\debug\src\ssd1306\defaultfonts.o
 .debug_macro   0x00009ff3      0x230 obj\debug\src\ssd1306\ssd1306.o
 .debug_macro   0x0000a223       0x22 obj\debug\src\ssd1306\ssd1306.o
 .debug_macro   0x0000a245      0x1c5 obj\debug\src\ui.o
 .debug_macro   0x0000a40a       0xc4 obj\debug\src\ui.o
 .debug_macro   0x0000a4ce       0x40 obj\debug\src\ui.o
 .debug_macro   0x0000a50e      0x254 obj\debug\src\games.o
 .debug_macro   0x0000a762       0x34 obj\debug\src\games.o
 .debug_macro   0x0000a796       0xdf obj\debug\src\light.o
 .debug_macro   0x0000a875      0x221 obj\debug\src\main.o
 .debug_macro   0x0000aa96      0x16c obj\debug\src\main.o
 .debug_macro   0x0000ac02       0x35 obj\debug\src\main.o
 .debug_macro   0x0000ac37       0x10 obj\debug\src\main.o
 .debug_macro   0x0000ac47      0x206 obj\debug\src\menu.o
 .debug_macro   0x0000ae4d       0x3a obj\debug\src\menu.o
 .debug_macro   0x0000ae87       0x11 obj\debug\src\resources.o
 .debug_macro   0x0000ae98       0xeb obj\debug\src\sound.o
 .debug_macro   0x0000af83       0xb5 obj\debug\src\string.o
 .debug_macro   0x0000b038       0xbe obj\debug\src\system_nrf51.o
 .debug_macro   0x0000b0f6       0xbb obj\debug\src\timework.o

.debug_line     0x00000000     0x5977
 .debug_line    0x00000000      0x419 obj\debug\cmsis\hal\nrf_delay.o
 .debug_line    0x00000419      0x5d4 obj\debug\cmsis\nrf_pwm.o
 .debug_line    0x000009ed      0x637 obj\debug\cmsis\spi_master.o
 .debug_line    0x00001024      0x4bb obj\debug\cmsis\twi_hw_master.o
 .debug_line    0x000014df      0x503 obj\debug\src\bmp180\bmp180.o
 .debug_line    0x000019e2      0x425 obj\debug\src\lsm303\lsm303.o
 .debug_line    0x00001e07       0x3b obj\debug\src\ssd1306\defaultfonts.o
 .debug_line    0x00001e42      0xb1f obj\debug\src\ssd1306\ssd1306.o
 .debug_line    0x00002961      0x77e obj\debug\src\ui.o
 .debug_line    0x000030df      0x627 obj\debug\src\games.o
 .debug_line    0x00003706      0x3f2 obj\debug\src\light.o
 .debug_line    0x00003af8      0x80b obj\debug\src\main.o
 .debug_line    0x00004303      0x538 obj\debug\src\menu.o
 .debug_line    0x0000483b       0x30 obj\debug\src\resources.o
 .debug_line    0x0000486b      0x39c obj\debug\src\sound.o
 .debug_line    0x00004c07      0x579 obj\debug\src\string.o
 .debug_line    0x00005180      0x3ca obj\debug\src\system_nrf51.o
 .debug_line    0x0000554a      0x3bf obj\debug\src\timework.o
 .debug_line    0x00005909       0x6e obj\debug\startup_nrf51.o

.debug_str      0x00000000    0x36388
 .debug_str     0x00000000    0x31ca3 obj\debug\cmsis\hal\nrf_delay.o
                              0x31e79 (size before relaxing)
 .debug_str     0x00031ca3      0x86a obj\debug\cmsis\nrf_pwm.o
                              0x30616 (size before relaxing)
 .debug_str     0x0003250d      0xd7e obj\debug\cmsis\spi_master.o
                              0x2f0d7 (size before relaxing)
 .debug_str     0x0003328b      0x62d obj\debug\cmsis\twi_hw_master.o
                              0x304f9 (size before relaxing)
 .debug_str     0x000338b8      0x43a obj\debug\src\bmp180\bmp180.o
                              0x30613 (size before relaxing)
 .debug_str     0x00033cf2       0xed obj\debug\src\lsm303\lsm303.o
                              0x30293 (size before relaxing)
 .debug_str     0x00033ddf       0x3b obj\debug\src\ssd1306\defaultfonts.o
                               0x21c0 (size before relaxing)
 .debug_str     0x00033e1a      0xb6d obj\debug\src\ssd1306\ssd1306.o
                              0x3285b (size before relaxing)
 .debug_str     0x00034987      0x6a7 obj\debug\src\ui.o
                              0x3250a (size before relaxing)
 .debug_str     0x0003502e      0x248 obj\debug\src\games.o
                              0x32ad3 (size before relaxing)
 .debug_str     0x00035276       0x69 obj\debug\src\light.o
                              0x3010b (size before relaxing)
 .debug_str     0x000352df      0xd95 obj\debug\src\main.o
                              0x33748 (size before relaxing)
 .debug_str     0x00036074       0x8f obj\debug\src\menu.o
                              0x3279f (size before relaxing)
 .debug_str     0x00036103       0x10 obj\debug\src\resources.o
                               0x21eb (size before relaxing)
 .debug_str     0x00036113       0x66 obj\debug\src\sound.o
                              0x3029f (size before relaxing)
 .debug_str     0x00036179       0xb3 obj\debug\src\string.o
                              0x2fe18 (size before relaxing)
 .debug_str     0x0003622c       0xeb obj\debug\src\system_nrf51.o
                              0x2fe76 (size before relaxing)
 .debug_str     0x00036317       0x71 obj\debug\src\timework.o
                              0x2fe0f (size before relaxing)

.debug_frame    0x00000000     0x1ae0
 .debug_frame   0x00000000       0x50 obj\debug\cmsis\hal\nrf_delay.o
 .debug_frame   0x00000050      0x24c obj\debug\cmsis\nrf_pwm.o
 .debug_frame   0x0000029c      0x1cc obj\debug\cmsis\spi_master.o
 .debug_frame   0x00000468       0xcc obj\debug\cmsis\twi_hw_master.o
 .debug_frame   0x00000534      0x210 obj\debug\src\bmp180\bmp180.o
 .debug_frame   0x00000744       0xe4 obj\debug\src\lsm303\lsm303.o
 .debug_frame   0x00000828      0x534 obj\debug\src\ssd1306\ssd1306.o
 .debug_frame   0x00000d5c       0xf0 obj\debug\src\ui.o
 .debug_frame   0x00000e4c       0xc4 obj\debug\src\games.o
 .debug_frame   0x00000f10       0xa8 obj\debug\src\light.o
 .debug_frame   0x00000fb8      0x230 obj\debug\src\main.o
 .debug_frame   0x000011e8       0xc8 obj\debug\src\menu.o
 .debug_frame   0x000012b0       0x30 obj\debug\src\sound.o
 .debug_frame   0x000012e0      0x170 obj\debug\src\string.o
 .debug_frame   0x00001450       0x80 obj\debug\src\system_nrf51.o
 .debug_frame   0x000014d0       0x90 obj\debug\src\timework.o
 .debug_frame   0x00001560       0x20 c:/program files (x86)/emblocks/2.30/share/em_armgcc/bin/../lib/gcc/arm-none-eabi/4.7.3/armv6-m\libgcc.a(_udivsi3.o)
 .debug_frame   0x00001580       0x20 c:/program files (x86)/emblocks/2.30/share/em_armgcc/bin/../lib/gcc/arm-none-eabi/4.7.3/armv6-m\libgcc.a(_divsi3.o)
 .debug_frame   0x000015a0       0x28 c:/program files (x86)/emblocks/2.30/share/em_armgcc/bin/../lib/gcc/arm-none-eabi/4.7.3/armv6-m\libgcc.a(_fixunssfsi.o)
 .debug_frame   0x000015c8       0x30 c:/program files (x86)/emblocks/2.30/share/em_armgcc/bin/../lib/gcc/arm-none-eabi/4.7.3/armv6-m\libgcc.a(addsf3.o)
 .debug_frame   0x000015f8       0x3c c:/program files (x86)/emblocks/2.30/share/em_armgcc/bin/../lib/gcc/arm-none-eabi/4.7.3/armv6-m\libgcc.a(divsf3.o)
 .debug_frame   0x00001634       0x30 c:/program files (x86)/emblocks/2.30/share/em_armgcc/bin/../lib/gcc/arm-none-eabi/4.7.3/armv6-m\libgcc.a(eqsf2.o)
 .debug_frame   0x00001664       0x34 c:/program files (x86)/emblocks/2.30/share/em_armgcc/bin/../lib/gcc/arm-none-eabi/4.7.3/armv6-m\libgcc.a(gesf2.o)
 .debug_frame   0x00001698       0x38 c:/program files (x86)/emblocks/2.30/share/em_armgcc/bin/../lib/gcc/arm-none-eabi/4.7.3/armv6-m\libgcc.a(lesf2.o)
 .debug_frame   0x000016d0       0x3c c:/program files (x86)/emblocks/2.30/share/em_armgcc/bin/../lib/gcc/arm-none-eabi/4.7.3/armv6-m\libgcc.a(mulsf3.o)
 .debug_frame   0x0000170c       0x34 c:/program files (x86)/emblocks/2.30/share/em_armgcc/bin/../lib/gcc/arm-none-eabi/4.7.3/armv6-m\libgcc.a(subsf3.o)
 .debug_frame   0x00001740       0x28 c:/program files (x86)/emblocks/2.30/share/em_armgcc/bin/../lib/gcc/arm-none-eabi/4.7.3/armv6-m\libgcc.a(fixsfsi.o)
 .debug_frame   0x00001768       0x2c c:/program files (x86)/emblocks/2.30/share/em_armgcc/bin/../lib/gcc/arm-none-eabi/4.7.3/armv6-m\libgcc.a(floatsisf.o)
 .debug_frame   0x00001794       0x3c c:/program files (x86)/emblocks/2.30/share/em_armgcc/bin/../lib/gcc/arm-none-eabi/4.7.3/armv6-m\libgcc.a(adddf3.o)
 .debug_frame   0x000017d0       0x3c c:/program files (x86)/emblocks/2.30/share/em_armgcc/bin/../lib/gcc/arm-none-eabi/4.7.3/armv6-m\libgcc.a(muldf3.o)
 .debug_frame   0x0000180c       0x2c c:/program files (x86)/emblocks/2.30/share/em_armgcc/bin/../lib/gcc/arm-none-eabi/4.7.3/armv6-m\libgcc.a(floatsidf.o)
 .debug_frame   0x00001838       0x2c c:/program files (x86)/emblocks/2.30/share/em_armgcc/bin/../lib/gcc/arm-none-eabi/4.7.3/armv6-m\libgcc.a(extendsfdf2.o)
 .debug_frame   0x00001864       0x30 c:/program files (x86)/emblocks/2.30/share/em_armgcc/bin/../lib/gcc/arm-none-eabi/4.7.3/armv6-m\libgcc.a(truncdfsf2.o)
 .debug_frame   0x00001894       0x28 c:/program files (x86)/emblocks/2.30/share/em_armgcc/bin/../lib/gcc/arm-none-eabi/4.7.3/../../../../arm-none-eabi/lib/armv6-m\libc_n.a(lib_a-exit.o)
 .debug_frame   0x000018bc       0x2c c:/program files (x86)/emblocks/2.30/share/em_armgcc/bin/../lib/gcc/arm-none-eabi/4.7.3/../../../../arm-none-eabi/lib/armv6-m\libc_n.a(lib_a-init.o)
 .debug_frame   0x000018e8       0x28 c:/program files (x86)/emblocks/2.30/share/em_armgcc/bin/../lib/gcc/arm-none-eabi/4.7.3/../../../../arm-none-eabi/lib/armv6-m\libc_n.a(lib_a-memcpy-stub.o)
 .debug_frame   0x00001910       0x28 c:/program files (x86)/emblocks/2.30/share/em_armgcc/bin/../lib/gcc/arm-none-eabi/4.7.3/../../../../arm-none-eabi/lib/armv6-m\libc_n.a(lib_a-memset.o)
 .debug_frame   0x00001938       0x44 c:/program files (x86)/emblocks/2.30/share/em_armgcc/bin/../lib/gcc/arm-none-eabi/4.7.3/../../../../arm-none-eabi/lib/armv6-m\libc_n.a(lib_a-rand.o)
 .debug_frame   0x0000197c       0x40 c:/program files (x86)/emblocks/2.30/share/em_armgcc/bin/../lib/gcc/arm-none-eabi/4.7.3/../../../../arm-none-eabi/lib/armv6-m\libc_n.a(lib_a-malloc.o)
 .debug_frame   0x000019bc       0x30 c:/program files (x86)/emblocks/2.30/share/em_armgcc/bin/../lib/gcc/arm-none-eabi/4.7.3/../../../../arm-none-eabi/lib/armv6-m\libc_n.a(lib_a-nano-mallocr.o)
 .debug_frame   0x000019ec       0x2c c:/program files (x86)/emblocks/2.30/share/em_armgcc/bin/../lib/gcc/arm-none-eabi/4.7.3/../../../../arm-none-eabi/lib/armv6-m\libc_n.a(lib_a-sbrkr.o)
 .debug_frame   0x00001a18       0x48 c:/program files (x86)/emblocks/2.30/share/em_armgcc/bin/../lib/gcc/arm-none-eabi/4.7.3/../../../../arm-none-eabi/lib/armv6-m\libc_n.a(lib_a-reent.o)
 .debug_frame   0x00001a60       0x28 c:/program files (x86)/emblocks/2.30/share/em_armgcc/bin/../lib/gcc/arm-none-eabi/4.7.3/../../../../arm-none-eabi/lib/armv6-m\libnosys.a(sbrk.o)
 .debug_frame   0x00001a88       0x28 c:/program files (x86)/emblocks/2.30/share/em_armgcc/bin/../lib/gcc/arm-none-eabi/4.7.3/../../../../arm-none-eabi/lib/armv6-m\libnosys.a(_exit.o)
 .debug_frame   0x00001ab0       0x30 c:/program files (x86)/emblocks/2.30/share/em_armgcc/bin/../lib/gcc/arm-none-eabi/4.7.3/armv6-m\libgcc.a(_muldi3.o)
