Component: ARM Compiler 5.05 update 2 (build 169) Tool: armlink [4d0f33]

==============================================================================

Section Cross References

    main.o(i.ButtonProcess) refers to sound.o(i.SoundBeep) for SoundBeep
    main.o(i.ButtonProcess) refers to menu.o(i.UIShortButton) for UIShortButton
    main.o(i.ButtonProcess) refers to menu.o(i.UILongButton) for UILongButton
    main.o(i.ButtonProcess) refers to main.o(.data) for .data
    main.o(i.GPIOTE_IRQHandler) refers to dispatcher.o(i.DispatcherRemoveEvnt) for DispatcherRemoveEvnt
    main.o(i.GPIOTE_IRQHandler) refers to alarm.o(i.AlarmUpdate) for AlarmUpdate
    main.o(i.GPIOTE_IRQHandler) refers to main.o(.data) for .data
    main.o(i.GPIOTE_IRQHandler) refers to alarm.o(.data) for alarmRingEntity
    main.o(i.GPIOTE_IRQHandler) refers to shadow_logic.o(.data) for countDown
    main.o(i.RTC1_IRQHandler) refers to main.o(i.ButtonProcess) for ButtonProcess
    main.o(i.RTC1_IRQHandler) refers to dispatcher.o(i.DispatcherCallback) for DispatcherCallback
    main.o(i.RTC1_IRQHandler) refers to dispatcher.o(i.DispatcherEnable) for DispatcherEnable
    main.o(i.RTC1_IRQHandler) refers to shadow_logic.o(i.UpdateCorrectionCounter) for UpdateCorrectionCounter
    main.o(i.RTC1_IRQHandler) refers to dispatcher.o(i.DispatcherDisable) for DispatcherDisable
    main.o(i.RTC1_IRQHandler) refers to lsm303.o(i.LSM303_ReadReg) for LSM303_ReadReg
    main.o(i.RTC1_IRQHandler) refers to uidiv.o(.text) for __aeabi_uidivmod
    main.o(i.RTC1_IRQHandler) refers to lsm303.o(i.LSM303_GetAccelData) for LSM303_GetAccelData
    main.o(i.RTC1_IRQHandler) refers to shadow_logic.o(i.Vibrate) for Vibrate
    main.o(i.RTC1_IRQHandler) refers to main.o(.data) for .data
    main.o(i.RTC1_IRQHandler) refers to shadow_logic.o(.data) for correctionCoundown
    main.o(i.RTC1_IRQHandler) refers to ui.o(.data) for bitch
    main.o(i.RTC1_IRQHandler) refers to ui.o(.bss) for SleepLog
    main.o(i.UI_Handler) refers to ssd1306.o(i.SSD1306_On) for SSD1306_On
    main.o(i.UI_Handler) refers to lsm303.o(i.LSM303_On) for LSM303_On
    main.o(i.UI_Handler) refers to menu.o(i.MenuCallback) for MenuCallback
    main.o(i.UI_Handler) refers to nrf_delay.o(i.nrf_delay_ms) for nrf_delay_ms
    main.o(i.UI_Handler) refers to ssd1306.o(i.SSD1306_EndSplash) for SSD1306_EndSplash
    main.o(i.UI_Handler) refers to menu.o(i.MenuChangeMain) for MenuChangeMain
    main.o(i.UI_Handler) refers to ssd1306.o(i.SSD1306_Off) for SSD1306_Off
    main.o(i.UI_Handler) refers to lsm303.o(i.LSM303_Off) for LSM303_Off
    main.o(i.UI_Handler) refers to ssd1306.o(i.SSD1306_Clear) for SSD1306_Clear
    main.o(i.UI_Handler) refers to ui.o(i.BIGScreen) for BIGScreen
    main.o(i.UI_Handler) refers to ssd1306.o(i.SSD1306_ReDraw) for SSD1306_ReDraw
    main.o(i.UI_Handler) refers to main.o(.data) for .data
    main.o(i.UI_Handler) refers to shadow_logic.o(.data) for countDown
    main.o(i.main) refers to ble_app.o(i.ble_stack_init) for ble_stack_init
    main.o(i.main) refers to periph.o(i.LFCLK_Config) for LFCLK_Config
    main.o(i.main) refers to periph.o(i.InitPeriph) for InitPeriph
    main.o(i.main) refers to periph.o(i.RTC1_Config) for RTC1_Config
    main.o(i.main) refers to ble_app.o(i.device_manager_init) for device_manager_init
    main.o(i.main) refers to ble_app.o(i.db_discovery_init) for db_discovery_init
    main.o(i.main) refers to ble_app.o(i.gap_params_init) for gap_params_init
    main.o(i.main) refers to ble_app.o(i.advertising_init) for advertising_init
    main.o(i.main) refers to ble_app.o(i.services_init) for services_init
    main.o(i.main) refers to ble_app.o(i.conn_params_init) for conn_params_init
    main.o(i.main) refers to dispatcher.o(i.DispatcherInit) for DispatcherInit
    main.o(i.main) refers to ssd1306.o(i.SSD1306_Init) for SSD1306_Init
    main.o(i.main) refers to ssd1306.o(i.SSD1306_ReDraw) for SSD1306_ReDraw
    main.o(i.main) refers to ssd1306.o(i.SSD1306_setFont) for SSD1306_setFont
    main.o(i.main) refers to shadow_logic.o(i.UpdateCorrectionCounter) for UpdateCorrectionCounter
    main.o(i.main) refers to alarm.o(i.AlarmUpdate) for AlarmUpdate
    main.o(i.main) refers to sound.o(i.SoundBeep) for SoundBeep
    main.o(i.main) refers to twi_hw_master_sd.o(i.twi_master_init) for twi_master_init
    main.o(i.main) refers to bmp180.o(i.BMP180_Init) for BMP180_Init
    main.o(i.main) refers to lsm303.o(i.LSM303_Init) for LSM303_Init
    main.o(i.main) refers to ssd1306.o(i.SSD1306_Clear) for SSD1306_Clear
    main.o(i.main) refers to ssd1306.o(i.SSD1306_Brightness) for SSD1306_Brightness
    main.o(i.main) refers to menu.o(i.SetStartScreen) for SetStartScreen
    main.o(i.main) refers to ui.o(i.LogAddInfo) for LogAddInfo
    main.o(i.main) refers to nrf_delay.o(i.nrf_delay_ms) for nrf_delay_ms
    main.o(i.main) refers to shadow_logic.o(i.UpdateSwitchModes) for UpdateSwitchModes
[...]
    m_next_app_instance                      0x20002362   Data           2  pstorage.o(.data)
    m_flags                                  0x20002364   Data           4  pstorage.o(.data)
    m_next_page_addr                         0x20002368   Data           4  pstorage.o(.data)
    m_head_word_size                         0x2000236c   Data           4  pstorage.o(.data)
    m_tail_word_size                         0x20002370   Data           4  pstorage.o(.data)
    m_current_page_id                        0x20002374   Data           4  pstorage.o(.data)
    m_num_of_command_retries                 0x20002378   Data           4  pstorage.o(.data)
    m_num_of_bytes_written                   0x2000237c   Data           4  pstorage.o(.data)
    m_app_data_size                          0x20002380   Data           4  pstorage.o(.data)
    .data                                    0x20002384   Section     1043  ssd1306.o(.data)
    premask                                  0x20002387   Data           8  ssd1306.o(.data)
    postmask                                 0x2000238f   Data           8  ssd1306.o(.data)
    buffer                                   0x20002397   Data        1024  ssd1306.o(.data)
    .data                                    0x20002797   Section        1  bmp180.o(.data)
    .data                                    0x20002798   Section        1  lsm303.o(.data)
    .data                                    0x2000279c   Section        4  system_nrf51.o(.data)
    __tagsym$$used                           0x2000279c   Number         0  system_nrf51.o(.data)
    .data                                    0x200027a0   Section        4  rand.o(.data)
    _rand_state                              0x200027a0   Data           4  rand.o(.data)
    .data                                    0x200027a4   Section        4  mvars.o(.data)
    .data                                    0x200027a8   Section        4  mvars.o(.data)
    .data                                    0x200027ac   Section        4  errno.o(.data)
    _errno                                   0x200027ac   Data           4  errno.o(.data)
    .bss                                     0x200027b0   Section       12  main.o(.bss)
    .bss                                     0x200027bc   Section      292  ble_app.o(.bss)
    BLE_EVT_BUFFER                           0x200027bc   Data          72  ble_app.o(.bss)
    m_bas                                    0x20002804   Data          24  ble_app.o(.bss)
    m_hrs                                    0x2000281c   Data          80  ble_app.o(.bss)
    m_ble_db_discovery                       0x2000286c   Data          98  ble_app.o(.bss)
    m_cts                                    0x200028d0   Data          16  ble_app.o(.bss)
    .bss                                     0x200028e0   Section      176  games.o(.bss)
    .bss                                     0x20002990   Section       20  menu.o(.bss)
    .bss                                     0x200029a4   Section      753  ui.o(.bss)
    .bss                                     0x20002c98   Section      420  dispatcher.o(.bss)
    .bss                                     0x20002e3c   Section      251  ble_advertising.o(.bss)
    m_advdata                                0x20002e3c   Data          48  ble_advertising.o(.bss)
    m_adv_modes_config                       0x20002e6c   Data          36  ble_advertising.o(.bss)
    m_whitelist                              0x20002e90   Data          16  ble_advertising.o(.bss)
    mp_whitelist_addr                        0x20002ea0   Data          32  ble_advertising.o(.bss)
    mp_whitelist_irk                         0x20002ec0   Data          32  ble_advertising.o(.bss)
    m_manuf_specific_data                    0x20002ee0   Data          12  ble_advertising.o(.bss)
    m_manuf_data_array                       0x20002eec   Data          31  ble_advertising.o(.bss)
    m_service_data                           0x20002f0c   Data          12  ble_advertising.o(.bss)
    m_service_data_array                     0x20002f18   Data          31  ble_advertising.o(.bss)
    .bss                                     0x20002f38   Section       28  ble_conn_params.o(.bss)
    m_conn_params_config                     0x20002f38   Data          28  ble_conn_params.o(.bss)
    .bss                                     0x20002f54   Section      295  device_manager_peripheral.o(.bss)
    m_peer_table                             0x20002f54   Data         196  device_manager_peripheral.o(.bss)
    m_bond_table                             0x20003018   Data          28  device_manager_peripheral.o(.bss)
    m_gatts_table                            0x20003034   Data          24  device_manager_peripheral.o(.bss)
    m_connection_table                       0x2000304c   Data          12  device_manager_peripheral.o(.bss)
    m_application_table                      0x20003058   Data          12  device_manager_peripheral.o(.bss)
    m_local_id_info                          0x20003064   Data          23  device_manager_peripheral.o(.bss)
    .bss                                     0x2000307c   Section      128  ble_db_discovery.o(.bss)
    m_registered_handlers                    0x2000307c   Data          16  ble_db_discovery.o(.bss)
    m_pending_user_evts                      0x2000308c   Data         112  ble_db_discovery.o(.bss)
    .bss                                     0x200030fc   Section      216  pstorage.o(.bss)
    m_cmd_queue                              0x200030fc   Data         204  pstorage.o(.bss)
    m_app_table                              0x200031c8   Data          12  pstorage.o(.bss)
    .bss                                     0x200031d4   Section       12  ssd1306.o(.bss)
    .bss                                     0x200031e0   Section       22  bmp180.o(.bss)
    HEAP                                     0x200031f8   Section        0  arm_startup_nrf51.o(HEAP)
    STACK                                    0x200031f8   Section     2048  arm_startup_nrf51.o(STACK)

    Global Symbols

    Symbol Name                              Value     Ov Type        Size  Object(Section)

    BuildAttributes$$THM_ISAv3M$S$PE$A:L22$X:L11$S22$IEEE1$IW$USESV6$~STKCKD$USESV7$~SHL$OTIME$ROPI$IEEEX$EBA8$MICROLIB$REQ8$PRES8$EABIv2 0x00000000   Number         0  anon$$obj.o ABSOLUTE
    __ARM_use_no_argv                        0x00000000   Number         0  main.o ABSOLUTE
    __cpp_initialize__aeabi_                  - Undefined Weak Reference
    __cxa_finalize                            - Undefined Weak Reference
    _clock_init                               - Undefined Weak Reference
    _microlib_exit                            - Undefined Weak Reference
    assert_nrf_callback                       - Undefined Weak Reference
    __Vectors_Size                           0x000000c0   Number         0  arm_startup_nrf51.o ABSOLUTE
    __Vectors                                0x00018000   Data           4  arm_startup_nrf51.o(RESET)
    __Vectors_End                            0x000180c0   Data           0  arm_startup_nrf51.o(RESET)
    __main                                   0x000180c1   Thumb Code     0  entry.o(.ARM.Collect$$$$00000000)
    _main_stk                                0x000180c1   Thumb Code     0  entry2.o(.ARM.Collect$$$$00000001)
    _main_scatterload                        0x000180c5   Thumb Code     0  entry5.o(.ARM.Collect$$$$00000004)
    __main_after_scatterload                 0x000180c9   Thumb Code     0  entry5.o(.ARM.Collect$$$$00000004)
    _main_clock                              0x000180c9   Thumb Code     0  entry7b.o(.ARM.Collect$$$$00000008)
    _main_cpp_init                           0x000180c9   Thumb Code     0  entry8b.o(.ARM.Collect$$$$0000000A)
    _main_init                               0x000180c9   Thumb Code     0  entry9a.o(.ARM.Collect$$$$0000000B)
    __rt_final_cpp                           0x000180d1   Thumb Code     0  entry10a.o(.ARM.Collect$$$$0000000D)
    __rt_final_exit                          0x000180d1   Thumb Code     0  entry11a.o(.ARM.Collect$$$$0000000F)
    __asm___9_nrf_pwm_c_fbd0b587__nrf_delay_us 0x000180d5   Thumb Code    30  nrf_pwm.o(.emb_text)
    __asm___11_nrf_delay_c_532987f3__nrf_delay_us 0x000180f5   Thumb Code    30  nrf_delay.o(.emb_text)
    __asm___18_twi_hw_master_sd_c_959ec897__nrf_delay_us 0x00018115   Thumb Code    30  twi_hw_master_sd.o(.emb_text)
    __asm___9_SSD1306_c_rotation__nrf_delay_us 0x00018135   Thumb Code    30  ssd1306.o(.emb_text)
    Reset_Handler                            0x00018155   Thumb Code    26  arm_startup_nrf51.o(.text)
    NMI_Handler                              0x0001816f   Thumb Code     2  arm_startup_nrf51.o(.text)
    HardFault_Handler                        0x00018171   Thumb Code     2  arm_startup_nrf51.o(.text)
    SVC_Handler                              0x00018173   Thumb Code     2  arm_startup_nrf51.o(.text)
    PendSV_Handler                           0x00018175   Thumb Code     2  arm_startup_nrf51.o(.text)
    SysTick_Handler                          0x00018177   Thumb Code     2  arm_startup_nrf51.o(.text)
    ADC_IRQHandler                           0x00018179   Thumb Code     0  arm_startup_nrf51.o(.text)
    CCM_AAR_IRQHandler                       0x00018179   Thumb Code     0  arm_startup_nrf51.o(.text)
    ECB_IRQHandler                           0x00018179   Thumb Code     0  arm_startup_nrf51.o(.text)
    LPCOMP_IRQHandler                        0x00018179   Thumb Code     0  arm_startup_nrf51.o(.text)
    POWER_CLOCK_IRQHandler                   0x00018179   Thumb Code     0  arm_startup_nrf51.o(.text)
    QDEC_IRQHandler                          0x00018179   Thumb Code     0  arm_startup_nrf51.o(.text)
    RADIO_IRQHandler                         0x00018179   Thumb Code     0  arm_startup_nrf51.o(.text)
    RNG_IRQHandler                           0x00018179   Thumb Code     0  arm_startup_nrf51.o(.text)
    RTC0_IRQHandler                          0x00018179   Thumb Code     0  arm_startup_nrf51.o(.text)
    SPI1_TWI1_IRQHandler                     0x00018179   Thumb Code     0  arm_startup_nrf51.o(.text)
    SWI0_IRQHandler                          0x00018179   Thumb Code     0  arm_startup_nrf51.o(.text)
    SWI1_IRQHandler                          0x00018179   Thumb Code     0  arm_startup_nrf51.o(.text)
    SWI3_IRQHandler                          0x00018179   Thumb Code     0  arm_startup_nrf51.o(.text)
    SWI4_IRQHandler                          0x00018179   Thumb Code     0  arm_startup_nrf51.o(.text)
    SWI5_IRQHandler                          0x00018179   Thumb Code     0  arm_startup_nrf51.o(.text)
    TEMP_IRQHandler                          0x00018179   Thumb Code     0  arm_startup_nrf51.o(.text)
    TIMER0_IRQHandler                        0x00018179   Thumb Code     0  arm_startup_nrf51.o(.text)
    TIMER1_IRQHandler                        0x00018179   Thumb Code     0  arm_startup_nrf51.o(.text)
    UART0_IRQHandler                         0x00018179   Thumb Code     0  arm_startup_nrf51.o(.text)
    WDT_IRQHandler                           0x00018179   Thumb Code     0  arm_startup_nrf51.o(.text)
    __aeabi_uidiv                            0x0001818d   Thumb Code     0  uidiv.o(.text)
    __aeabi_uidivmod                         0x0001818d   Thumb Code    44  uidiv.o(.text)
    __aeabi_idiv                             0x000181b9   Thumb Code     0  idiv.o(.text)
    __aeabi_idivmod                          0x000181b9   Thumb Code    40  idiv.o(.text)
    rand                                     0x000181e1   Thumb Code    18  rand.o(.text)
    srand                                    0x000181f3   Thumb Code     6  rand.o(.text)
    __aeabi_memcpy                           0x00018205   Thumb Code    36  memcpya.o(.text)
    __aeabi_memcpy4                          0x00018205   Thumb Code     0  memcpya.o(.text)
    __aeabi_memcpy8                          0x00018205   Thumb Code     0  memcpya.o(.text)
    __aeabi_memset                           0x00018229   Thumb Code    14  memseta.o(.text)
    __aeabi_memset4                          0x00018229   Thumb Code     0  memseta.o(.text)
    __aeabi_memset8                          0x00018229   Thumb Code     0  memseta.o(.text)
    __aeabi_memclr                           0x00018237   Thumb Code     4  memseta.o(.text)
    __aeabi_memclr4                          0x00018237   Thumb Code     0  memseta.o(.text)
    __aeabi_memclr8                          0x00018237   Thumb Code     0  memseta.o(.text)
    _memset$wrapper                          0x0001823b   Thumb Code    18  memseta.o(.text)
    memcmp                                   0x0001824d   Thumb Code    26  memcmp.o(.text)
    __aeabi_fadd                             0x00018267   Thumb Code   162  fadd.o(.text)
    __aeabi_fsub                             0x00018309   Thumb Code     8  fadd.o(.text)
    __aeabi_frsub                            0x00018311   Thumb Code     8  fadd.o(.text)
    __aeabi_fmul                             0x00018319   Thumb Code   122  fmul.o(.text)
    __aeabi_fdiv                             0x00018393   Thumb Code   124  fdiv.o(.text)
    __ARM_scalbnf                            0x0001840f   Thumb Code    24  fscalb.o(.text)
    scalbnf                                  0x0001840f   Thumb Code     0  fscalb.o(.text)
    __aeabi_dadd                             0x00018429   Thumb Code   328  dadd.o(.text)
    __aeabi_dsub                             0x00018571   Thumb Code    12  dadd.o(.text)
    __aeabi_drsub                            0x0001857d   Thumb Code    12  dadd.o(.text)
    __aeabi_dmul                             0x0001858d   Thumb Code   202  dmul.o(.text)
    __aeabi_ddiv                             0x0001865d   Thumb Code   234  ddiv.o(.text)
    __aeabi_i2f                              0x0001874d   Thumb Code    22  fflti.o(.text)
    __aeabi_ui2f                             0x00018763   Thumb Code    14  ffltui.o(.text)
    __aeabi_ui2d                             0x00018771   Thumb Code    24  dfltui.o(.text)
    __aeabi_f2iz                             0x0001878d   Thumb Code    50  ffixi.o(.text)
    __aeabi_f2uiz                            0x000187bf   Thumb Code    40  ffixui.o(.text)
    __aeabi_f2d                              0x000187e7   Thumb Code    40  f2d.o(.text)
    __aeabi_d2f                              0x0001880f   Thumb Code    56  d2f.o(.text)
    __aeabi_cfcmpeq                          0x00018849   Thumb Code     0  cfcmple.o(.text)
    __aeabi_cfcmple                          0x00018849   Thumb Code    20  cfcmple.o(.text)
    __aeabi_llsl                             0x0001885d   Thumb Code    32  llshl.o(.text)
    _ll_shift_l                              0x0001885d   Thumb Code     0  llshl.o(.text)
    __aeabi_llsr                             0x0001887d   Thumb Code    34  llushr.o(.text)
    _ll_ushift_r                             0x0001887d   Thumb Code     0  llushr.o(.text)
    __aeabi_lasr                             0x0001889f   Thumb Code    38  llsshr.o(.text)
    _ll_sshift_r                             0x0001889f   Thumb Code     0  llsshr.o(.text)
    __I$use$fp                               0x000188c5   Thumb Code     0  iusefp.o(.text)
    _float_round                             0x000188c5   Thumb Code    16  fepilogue.o(.text)
    _float_epilogue                          0x000188d5   Thumb Code   114  fepilogue.o(.text)
    _double_round                            0x00018947   Thumb Code    26  depilogue.o(.text)
    _double_epilogue                         0x00018961   Thumb Code   164  depilogue.o(.text)
    __ARM_scalbn                             0x00018a05   Thumb Code    44  dscalb.o(.text)
    scalbn                                   0x00018a05   Thumb Code     0  dscalb.o(.text)
    _dsqrt                                   0x00018a31   Thumb Code   162  dsqrt.o(.text)
    __aeabi_i2d                              0x00018ad5   Thumb Code    34  dflti.o(.text)
    __aeabi_cdrcmple                         0x00018afd   Thumb Code    38  cdrcmple.o(.text)
    __scatterload                            0x00018b25   Thumb Code    28  init.o(.text)
    __scatterload_rt2                        0x00018b25   Thumb Code     0  init.o(.text)
    __decompress                             0x00018b49   Thumb Code     0  __dczerorl2.o(.text)
    __decompress1                            0x00018b49   Thumb Code    86  __dczerorl2.o(.text)
    ADCInit                                  0x00018ba1   Thumb Code    78  light.o(i.ADCInit)
    AlarmDisable                             0x00018c0d   Thumb Code    18  alarm.o(i.AlarmDisable)
    AlarmRing                                0x00018c25   Thumb Code    36  alarm.o(i.AlarmRing)
    AlarmRing2                               0x00018c51   Thumb Code     2  alarm.o(i.AlarmRing2)
    AlarmUpdate                              0x00018c55   Thumb Code   176  alarm.o(i.AlarmUpdate)
    AllDataDisplayCb                         0x00018d19   Thumb Code  1654  ui.o(i.AllDataDisplayCb)
    BIGScreen                                0x000193ad   Thumb Code   496  ui.o(i.BIGScreen)
    BLE_Stop                                 0x000195bd   Thumb Code    54  ble_app.o(i.BLE_Stop)
    BMP180_Init                              0x00019629   Thumb Code    68  bmp180.o(i.BMP180_Init)
    BMP180_Read16S                           0x00019671   Thumb Code    50  bmp180.o(i.BMP180_Read16S)
    ButtonProcess                            0x000196a5   Thumb Code   346  main.o(i.ButtonProcess)
    CalendarDraw                             0x00019815   Thumb Code   564  ui.o(i.CalendarDraw)
    ClearBuffer                              0x00019a85   Thumb Code    30  string.o(i.ClearBuffer)
    Count100ms                               0x00019aa5   Thumb Code    56  shadow_logic.o(i.Count100ms)
    Count1s                                  0x00019ae5   Thumb Code   248  shadow_logic.o(i.Count1s)
    DispatcherAddEvnt                        0x00019c0d   Thumb Code   102  dispatcher.o(i.DispatcherAddEvnt)
    DispatcherCallback                       0x00019c7d   Thumb Code   174  dispatcher.o(i.DispatcherCallback)
    DispatcherDisable                        0x00019d39   Thumb Code     8  dispatcher.o(i.DispatcherDisable)
    DispatcherEnable                         0x00019d45   Thumb Code     8  dispatcher.o(i.DispatcherEnable)
    DispatcherInit                           0x00019d51   Thumb Code    32  dispatcher.o(i.DispatcherInit)
    DispatcherRemoveEvnt                     0x00019d7d   Thumb Code    20  dispatcher.o(i.DispatcherRemoveEvnt)
    DrawInfoPanel                            0x00019d95   Thumb Code   284  ui.o(i.DrawInfoPanel)
    DrawSleepLog                             0x00019ee9   Thumb Code   146  ui.o(i.DrawSleepLog)
    ExtendScreen                             0x00019f85   Thumb Code   248  ui.o(i.ExtendScreen)
    FlashLight                               0x0001a099   Thumb Code    54  ui.o(i.FlashLight)
    GPIOTE_IRQHandler                        0x0001a0d5   Thumb Code   152  main.o(i.GPIOTE_IRQHandler)
    Game1                                    0x0001a181   Thumb Code   158  games.o(i.Game1)
    HourBuzzDo                               0x0001a259   Thumb Code    38  shadow_logic.o(i.HourBuzzDo)
    InitPeriph                               0x0001a289   Thumb Code   338  periph.o(i.InitPeriph)
    LFCLK_Config                             0x0001a425   Thumb Code    26  periph.o(i.LFCLK_Config)
    LSM303_GetAccelData                      0x0001a449   Thumb Code    62  lsm303.o(i.LSM303_GetAccelData)
    LSM303_GetMagnetData                     0x0001a487   Thumb Code   130  lsm303.o(i.LSM303_GetMagnetData)
    LSM303_Init                              0x0001a509   Thumb Code   406  lsm303.o(i.LSM303_Init)
    LSM303_Init_ShadowGesture                0x0001a69f   Thumb Code   370  lsm303.o(i.LSM303_Init_ShadowGesture)
    LSM303_Init_SleepTracker                 0x0001a811   Thumb Code   280  lsm303.o(i.LSM303_Init_SleepTracker)
    LSM303_Off                               0x0001a929   Thumb Code    34  lsm303.o(i.LSM303_Off)
    LSM303_On                                0x0001a94b   Thumb Code     2  lsm303.o(i.LSM303_On)
    LSM303_Read                              0x0001a94d   Thumb Code   110  lsm303.o(i.LSM303_Read)
    LSM303_ReadReg                           0x0001a9c1   Thumb Code    82  lsm303.o(i.LSM303_ReadReg)
    LSM303_Write                             0x0001aa19   Thumb Code    44  lsm303.o(i.LSM303_Write)
    LogAddInfo                               0x0001aa45   Thumb Code   240  ui.o(i.LogAddInfo)
    LogScreen                                0x0001ab49   Thumb Code   536  ui.o(i.LogScreen)
    MainScreen                               0x0001ad79   Thumb Code   734  ui.o(i.MainScreen)
    MeasureLight                             0x0001b0b9   Thumb Code    24  light.o(i.MeasureLight)
    MeasureVBat                              0x0001b0d5   Thumb Code    10  light.o(i.MeasureVBat)
    MenuCallback                             0x0001b0e1   Thumb Code   134  menu.o(i.MenuCallback)
    MenuChange                               0x0001b175   Thumb Code    10  menu.o(i.MenuChange)
    MenuChangeMain                           0x0001b185   Thumb Code    18  menu.o(i.MenuChangeMain)
    RTC1_Config                              0x0001b1a1   Thumb Code    46  periph.o(i.RTC1_Config)
    RTC1_IRQHandler                          0x0001b1ed   Thumb Code   552  main.o(i.RTC1_IRQHandler)
    RTC_CntToTimeDate                        0x0001b44d   Thumb Code   264  timework.o(i.RTC_CntToTimeDate)
    RTC_TimeDateToCnt                        0x0001b569   Thumb Code   142  timework.o(i.RTC_TimeDateToCnt)
    SPI0_TWI0_IRQHandler                     0x0001b601   Thumb Code    22  spi_master.o(i.SPI0_TWI0_IRQHandler)
    SSD1306_BigNum                           0x0001b621   Thumb Code    78  ssd1306.o(i.SSD1306_BigNum)
    SSD1306_BigString                        0x0001b675   Thumb Code    48  ssd1306.o(i.SSD1306_BigString)
    SSD1306_Bitmap                           0x0001b6a9   Thumb Code   120  ssd1306.o(i.SSD1306_Bitmap)
    SSD1306_BitmapPartial3                   0x0001b721   Thumb Code   244  ssd1306.o(i.SSD1306_BitmapPartial3)
    SSD1306_Brightness                       0x0001b815   Thumb Code    18  ssd1306.o(i.SSD1306_Brightness)
    SSD1306_Char                             0x0001b827   Thumb Code    10  ssd1306.o(i.SSD1306_Char)
    SSD1306_Checkbox                         0x0001b831   Thumb Code    92  ssd1306.o(i.SSD1306_Checkbox)
    SSD1306_Clear                            0x0001b88d   Thumb Code    16  ssd1306.o(i.SSD1306_Clear)
    SSD1306_Command                          0x0001b8a1   Thumb Code    38  ssd1306.o(i.SSD1306_Command)
    SSD1306_EndSplash                        0x0001b8d5   Thumb Code    82  ssd1306.o(i.SSD1306_EndSplash)
    SSD1306_Fill                             0x0001b929   Thumb Code    16  ssd1306.o(i.SSD1306_Fill)
    SSD1306_Float                            0x0001b93d   Thumb Code    60  ssd1306.o(i.SSD1306_Float)
    SSD1306_FloatWDesc                       0x0001b97d   Thumb Code   102  ssd1306.o(i.SSD1306_FloatWDesc)
    SSD1306_HLine                            0x0001b9e9   Thumb Code    36  ssd1306.o(i.SSD1306_HLine)
    SSD1306_HLineFull                        0x0001ba0d   Thumb Code   104  ssd1306.o(i.SSD1306_HLineFull)
    SSD1306_Init                             0x0001ba81   Thumb Code   228  ssd1306.o(i.SSD1306_Init)
    SSD1306_InvertRect                       0x0001bb89   Thumb Code    66  ssd1306.o(i.SSD1306_InvertRect)
    SSD1306_MultChar                         0x0001bbcd   Thumb Code   422  ssd1306.o(i.SSD1306_MultChar)
    SSD1306_Num                              0x0001bd7d   Thumb Code    56  ssd1306.o(i.SSD1306_Num)
    SSD1306_NumWDesc                         0x0001bdb9   Thumb Code   100  ssd1306.o(i.SSD1306_NumWDesc)
    SSD1306_Off                              0x0001be21   Thumb Code    10  ssd1306.o(i.SSD1306_Off)
    SSD1306_On                               0x0001be2b   Thumb Code    10  ssd1306.o(i.SSD1306_On)
    SSD1306_Pixel                            0x0001be35   Thumb Code   190  ssd1306.o(i.SSD1306_Pixel)
    SSD1306_ReDraw                           0x0001befd   Thumb Code    90  ssd1306.o(i.SSD1306_ReDraw)
    SSD1306_Rect                             0x0001bf69   Thumb Code   232  ssd1306.o(i.SSD1306_Rect)
    SSD1306_String                           0x0001c055   Thumb Code    44  ssd1306.o(i.SSD1306_String)
    SSD1306_StringCentered                   0x0001c085   Thumb Code    92  ssd1306.o(i.SSD1306_StringCentered)
    SSD1306_StringPtr                        0x0001c0e5   Thumb Code    50  ssd1306.o(i.SSD1306_StringPtr)
    SSD1306_VLine                            0x0001c11d   Thumb Code    36  ssd1306.o(i.SSD1306_VLine)
    SSD1306_setFont                          0x0001c141   Thumb Code    26  ssd1306.o(i.SSD1306_setFont)
    SWI2_IRQHandler                          0x0001c161   Thumb Code   148  softdevice_handler.o(i.SWI2_IRQHandler)
    SetAlarm                                 0x0001c1fd   Thumb Code   716  ui.o(i.SetAlarm)
    SetStartScreen                           0x0001c4f1   Thumb Code    16  menu.o(i.SetStartScreen)
    SettScreen                               0x0001c509   Thumb Code   192  ui.o(i.SettScreen)
    SlotSpin                                 0x0001c601   Thumb Code   208  games.o(i.SlotSpin)
    SoundBeep                                0x0001c839   Thumb Code   106  sound.o(i.SoundBeep)
    StopWatchCb                              0x0001c8c1   Thumb Code   442  ui.o(i.StopWatchCb)
    SystemInit                               0x0001d0ad   Thumb Code   108  system_nrf51.o(i.SystemInit)
    TDScreen                                 0x0001d12d   Thumb Code   546  ui.o(i.TDScreen)
    TIMER2_IRQHandler                        0x0001d3b9   Thumb Code    62  nrf_pwm.o(i.TIMER2_IRQHandler)
    TextScreen1                              0x0001d411   Thumb Code   470  ui.o(i.TextScreen1)
    TimeToString                             0x0001d625   Thumb Code    90  timework.o(i.TimeToString)
    TimerCb                                  0x0001d681   Thumb Code   380  ui.o(i.TimerCb)
    UILongButton                             0x0001d821   Thumb Code   132  menu.o(i.UILongButton)
    UIShortButton                            0x0001d8cd   Thumb Code    64  menu.o(i.UIShortButton)
    UpdateCorrectionCounter                  0x0001d915   Thumb Code     8  shadow_logic.o(i.UpdateCorrectionCounter)
    UpdateSwitchModes                        0x0001d921   Thumb Code   112  shadow_logic.o(i.UpdateSwitchModes)
    Vibrate                                  0x0001d9b1   Thumb Code    14  shadow_logic.o(i.Vibrate)
    __ARM_clz                                0x0001d9c9   Thumb Code    46  depilogue.o(i.__ARM_clz)
    __ARM_common_memclr1_5                   0x0001d9f7   Thumb Code    14  ble_app.o(i.__ARM_common_memclr1_5)
    __ARM_common_memclr1_6                   0x0001da05   Thumb Code    16  device_manager_peripheral.o(i.__ARM_common_memclr1_6)
    __ARM_common_memclr2_7                   0x0001da15   Thumb Code    12  device_manager_peripheral.o(i.__ARM_common_memclr2_7)
    __ARM_common_memclr4_7                   0x0001da21   Thumb Code    10  ble_advertising.o(i.__ARM_common_memclr4_7)
    __ARM_common_memcpy1_5                   0x0001da2b   Thumb Code    22  device_manager_peripheral.o(i.__ARM_common_memcpy1_5)
    __ARM_fpclassify                         0x0001da41   Thumb Code    40  fpclassify.o(i.__ARM_fpclassify)
    __kernel_poly                            0x0001da6d   Thumb Code   172  poly.o(i.__kernel_poly)
    __mathlib_dbl_divzero                    0x0001db19   Thumb Code    16  dunder.o(i.__mathlib_dbl_divzero)
    __mathlib_dbl_infnan2                    0x0001db2d   Thumb Code     8  dunder.o(i.__mathlib_dbl_infnan2)
    __mathlib_dbl_invalid                    0x0001db35   Thumb Code    16  dunder.o(i.__mathlib_dbl_invalid)
    __mathlib_dbl_overflow                   0x0001db45   Thumb Code    16  dunder.o(i.__mathlib_dbl_overflow)
    __mathlib_dbl_underflow                  0x0001db59   Thumb Code    14  dunder.o(i.__mathlib_dbl_underflow)
    __scatterload_copy                       0x0001db6d   Thumb Code    14  handlers.o(i.__scatterload_copy)
    __scatterload_null                       0x0001db7b   Thumb Code     2  handlers.o(i.__scatterload_null)
    __scatterload_zeroinit                   0x0001db7d   Thumb Code    14  handlers.o(i.__scatterload_zeroinit)
    __set_errno                              0x0001db8d   Thumb Code     6  errno.o(i.__set_errno)
    advertising_init                         0x0001de61   Thumb Code   108  ble_app.o(i.advertising_init)
    advertising_start                        0x0001def1   Thumb Code    38  ble_app.o(i.advertising_start)
    advertising_stop                         0x0001df45   Thumb Code    28  ble_app.o(i.advertising_stop)
    app_error_handler                        0x0001df71   Thumb Code   252  app_error.o(i.app_error_handler)
    ble_advdata_set                          0x0001e095   Thumb Code    92  ble_advdata.o(i.ble_advdata_set)
    ble_advertising_init                     0x0001e0f1   Thumb Code   296  ble_advertising.o(i.ble_advertising_init)
    ble_advertising_on_ble_evt               0x0001e251   Thumb Code   152  ble_advertising.o(i.ble_advertising_on_ble_evt)
    ble_advertising_on_sys_evt               0x0001e2ed   Thumb Code    44  ble_advertising.o(i.ble_advertising_on_sys_evt)
    ble_advertising_start                    0x0001e31d   Thumb Code   512  ble_advertising.o(i.ble_advertising_start)
    ble_bas_init                             0x0001e531   Thumb Code   330  ble_bas.o(i.ble_bas_init)
    ble_bas_on_ble_evt                       0x0001e689   Thumb Code    90  ble_bas.o(i.ble_bas_on_ble_evt)
    ble_conn_params_init                     0x0001e6e5   Thumb Code    84  ble_conn_params.o(i.ble_conn_params_init)
    ble_conn_params_on_ble_evt               0x0001e745   Thumb Code   144  ble_conn_params.o(i.ble_conn_params_on_ble_evt)
    ble_cts_c_init                           0x0001e7dd   Thumb Code    68  ble_cts_c.o(i.ble_cts_c_init)
    ble_cts_c_on_ble_evt                     0x0001e82d   Thumb Code   286  ble_cts_c.o(i.ble_cts_c_on_ble_evt)
    ble_db_discovery_evt_register            0x0001e955   Thumb Code    76  ble_db_discovery.o(i.ble_db_discovery_evt_register)
    ble_db_discovery_init                    0x0001e9a9   Thumb Code    18  ble_db_discovery.o(i.ble_db_discovery_init)
    ble_db_discovery_on_ble_evt              0x0001e9c1   Thumb Code   572  ble_db_discovery.o(i.ble_db_discovery_on_ble_evt)
    ble_db_discovery_start                   0x0001ec05   Thumb Code    90  ble_db_discovery.o(i.ble_db_discovery_start)
    ble_dis_init                             0x0001ec69   Thumb Code   358  ble_dis.o(i.ble_dis_init)
    ble_evt_dispatch                         0x0001ee21   Thumb Code    98  ble_app.o(i.ble_evt_dispatch)
    ble_srv_ascii_to_utf8                    0x0001ee99   Thumb Code    18  ble_srv_common.o(i.ble_srv_ascii_to_utf8)
    ble_srv_report_ref_encode                0x0001eeab   Thumb Code    12  ble_srv_common.o(i.ble_srv_report_ref_encode)
    ble_stack_init                           0x0001eeb9   Thumb Code    96  ble_app.o(i.ble_stack_init)
    bsp_btn_ble_on_ble_evt                   0x0001ef41   Thumb Code    58  btn_ble.o(i.bsp_btn_ble_on_ble_evt)
    bsp_indication_set                       0x0001ef81   Thumb Code     4  ble_indicator.o(i.bsp_indication_set)
    conn_params_error_handler                0x0001f205   Thumb Code    12  ble_app.o(i.conn_params_error_handler)
    conn_params_init                         0x0001f231   Thumb Code    70  ble_app.o(i.conn_params_init)
    current_time_error_handler               0x0001f31d   Thumb Code    32  ble_app.o(i.current_time_error_handler)
    db_discovery_init                        0x0001f4cd   Thumb Code    22  ble_app.o(i.db_discovery_init)
    device_manager_evt_handler               0x0001f655   Thumb Code    80  ble_app.o(i.device_manager_evt_handler)
    device_manager_init                      0x0001f6c9   Thumb Code   108  ble_app.o(i.device_manager_init)
    dm_ble_evt_handler                       0x0001f845   Thumb Code  1248  device_manager_peripheral.o(i.dm_ble_evt_handler)
    dm_init                                  0x0001fd39   Thumb Code   228  device_manager_peripheral.o(i.dm_init)
    dm_register                              0x0001ffb9   Thumb Code    98  device_manager_peripheral.o(i.dm_register)
    draw                                     0x00020035   Thumb Code   862  games.o(i.draw)
    drawFastHLine                            0x000203d9   Thumb Code    68  ssd1306.o(i.drawFastHLine)
    drawFastHLineInternal                    0x00020421   Thumb Code   496  ssd1306.o(i.drawFastHLineInternal)
    drawFastVLine                            0x00020615   Thumb Code    74  ssd1306.o(i.drawFastVLine)
    drawFastVLineInternal                    0x00020665   Thumb Code   334  ssd1306.o(i.drawFastVLineInternal)
    free                                     0x000208f9   Thumb Code    80  malloc.o(i.free)
    ftoa_                                    0x0002094d   Thumb Code   388  string.o(i.ftoa_)
    gap_params_init                          0x00020af1   Thumb Code    94  ble_app.o(i.gap_params_init)
    getPressure                              0x00020d61   Thumb Code   396  bmp180.o(i.getPressure)
    getTemperature                           0x00020f05   Thumb Code   124  bmp180.o(i.getTemperature)
    itoa_                                    0x00021055   Thumb Code    82  string.o(i.itoa_)
    main                                     0x000210a9   Thumb Code   380  main.o(i.main)
    malloc                                   0x00021269   Thumb Code    92  malloc.o(i.malloc)
    menuScreen                               0x000212d5   Thumb Code   350  ui.o(i.menuScreen)
    nrf_delay_ms                             0x0002148d   Thumb Code    30  nrf_delay.o(i.nrf_delay_ms)
    nrf_drv_rng_bytes_available              0x000214b1   Thumb Code     4  nrf_drv_rng.o(i.nrf_drv_rng_bytes_available)
    nrf_drv_rng_init                         0x000214b5   Thumb Code    42  nrf_drv_rng.o(i.nrf_drv_rng_init)
    nrf_drv_rng_rand                         0x000214e5   Thumb Code     4  nrf_drv_rng.o(i.nrf_drv_rng_rand)
    nrf_drv_rng_uninit                       0x000214e9   Thumb Code     8  nrf_drv_rng.o(i.nrf_drv_rng_uninit)
    nrf_pwm_init                             0x000214f5   Thumb Code   336  nrf_pwm.o(i.nrf_pwm_init)
    nrf_pwm_set_value                        0x00021681   Thumb Code   622  nrf_pwm.o(i.nrf_pwm_set_value)
    on_adv_evt                               0x0002194d   Thumb Code    58  ble_app.o(i.on_adv_evt)
    on_ble_evt                               0x000219b5   Thumb Code    48  ble_app.o(i.on_ble_evt)
    on_conn_params_evt                       0x00021a05   Thumb Code    32  ble_app.o(i.on_conn_params_evt)
    on_cts_c_evt                             0x00021a45   Thumb Code     2  ble_app.o(i.on_cts_c_evt)
    pow                                      0x00021aa5   Thumb Code  2428  pow.o(i.pow)
    pressureToAltitude                       0x00022425   Thumb Code    46  bmp180.o(i.pressureToAltitude)
    pstorage_access_status_get               0x00022465   Thumb Code    30  pstorage.o(i.pstorage_access_status_get)
    pstorage_block_identifier_get            0x0002248d   Thumb Code    76  pstorage.o(i.pstorage_block_identifier_get)
    pstorage_clear                           0x000224e1   Thumb Code   144  pstorage.o(i.pstorage_clear)
    pstorage_init                            0x00022579   Thumb Code    98  pstorage.o(i.pstorage_init)
    pstorage_load                            0x000225f1   Thumb Code   132  pstorage.o(i.pstorage_load)
    pstorage_register                        0x0002267d   Thumb Code   198  pstorage.o(i.pstorage_register)
    pstorage_store                           0x00022751   Thumb Code   110  pstorage.o(i.pstorage_store)
    pstorage_sys_event_handler               0x000227c9   Thumb Code   110  pstorage.o(i.pstorage_sys_event_handler)
    pstorage_update                          0x00022849   Thumb Code   110  pstorage.o(i.pstorage_update)
    random_vector_generate                   0x000228c1   Thumb Code    60  ui.o(i.random_vector_generate)
    readCoefficients                         0x00022919   Thumb Code   194  bmp180.o(i.readCoefficients)
    services_init                            0x00022a7d   Thumb Code   174  ble_app.o(i.services_init)
    softdevice_assertion_handler             0x00022ca5   Thumb Code    12  softdevice_handler.o(i.softdevice_assertion_handler)
    softdevice_ble_evt_handler_set           0x00022cb1   Thumb Code    16  softdevice_handler.o(i.softdevice_ble_evt_handler_set)
    softdevice_handler_init                  0x00022cc5   Thumb Code    48  softdevice_handler.o(i.softdevice_handler_init)
    softdevice_sys_evt_handler_set           0x00022cfd   Thumb Code    16  softdevice_handler.o(i.softdevice_sys_evt_handler_set)
    sqrt                                     0x00022d11   Thumb Code    66  sqrt.o(i.sqrt)
    strcat_                                  0x00022f0d   Thumb Code    36  string.o(i.strcat_)
    strlen                                   0x00022f31   Thumb Code    18  string.o(i.strlen)
    sys_evt_dispatch                         0x00022f6d   Thumb Code    16  ble_app.o(i.sys_evt_dispatch)
    twi_master_init                          0x00022fc5   Thumb Code   186  twi_hw_master_sd.o(i.twi_master_init)
    twi_master_transfer                      0x000230a9   Thumb Code   538  twi_hw_master_sd.o(i.twi_master_transfer)
    COMPILE_TIME                             0x000234ac   Data           9  main.o(.constdata)
    COMPILE_DATE                             0x000234b5   Data          12  main.o(.constdata)
    platform                                 0x000234c1   Data          14  games.o(.constdata)
    livesImg                                 0x000234cf   Data           9  games.o(.constdata)
    SlotSeven                                0x000234d8   Data          34  games.o(.constdata)
    SlotApple                                0x000234fa   Data          34  games.o(.constdata)
    SlotBar                                  0x0002351c   Data          34  games.o(.constdata)
    SlotBell                                 0x0002353e   Data          34  games.o(.constdata)
    SlotCherry                               0x00023560   Data          34  games.o(.constdata)
    BTicon                                   0x00023582   Data          10  resources.o(.constdata)
    AlarmIcon                                0x0002358c   Data          10  resources.o(.constdata)
    SoundFullIcon                            0x00023596   Data           8  resources.o(.constdata)
    menu_alarm                               0x0002359e   Data         130  resources.o(.constdata)
    menu_stopwatch                           0x00023620   Data         130  resources.o(.constdata)
    menu_timedate                            0x000236a2   Data         130  resources.o(.constdata)
    menu_torch                               0x00023724   Data         130  resources.o(.constdata)
    menu_rand                                0x000237a6   Data         130  resources.o(.constdata)
    menu_games                               0x00023828   Data         130  resources.o(.constdata)
    menu_settings                            0x000238aa   Data         130  resources.o(.constdata)
    menu_txt                                 0x0002392c   Data         130  resources.o(.constdata)
    m_service_context_store                  0x000239e4   Data          16  device_manager_peripheral.o(.constdata)
    m_service_context_load                   0x000239f4   Data          16  device_manager_peripheral.o(.constdata)
    m_service_context_apply                  0x00023a04   Data          16  device_manager_peripheral.o(.constdata)
    NoteMass                                 0x00023a14   Data         120  sound.o(.constdata)
    font3x5                                  0x00023ac4   Data         487  defaultfonts.o(.constdata)
    font5x8                                  0x00023cab   Data        1045  defaultfonts.o(.constdata)
    fontSTD_numSevenSegNumFont               0x000240c0   Data        2005  defaultfonts.o(.constdata)
    fontSTD_numCalibriBold                   0x00024895   Data        1925  defaultfonts.o(.constdata)
    fontSTD_numDotMatrix_XL_Num              0x0002501a   Data        2005  defaultfonts.o(.constdata)
    fontSTD_numArialNumFontPlus              0x000257ef   Data        2205  defaultfonts.o(.constdata)
    fontSTD_mykefont2                        0x0002608c   Data         860  defaultfonts.o(.constdata)
    __mathlib_zero                           0x00026470   Data           8  qnan.o(.constdata)
    Region$$Table$$Base                      0x00026520   Number         0  anon$$obj.o(Region$$Table)
    Region$$Table$$Limit                     0x00026540   Number         0  anon$$obj.o(Region$$Table)
    sleepVibrator                            0x20002001   Data           1  main.o(.data)
    Evnt_WakeUp                              0x20002002   Data           1  main.o(.data)
    Evnt_Browsing                            0x20002003   Data           1  main.o(.data)
    _L2_stepCounter                          0x20002010   Data           4  main.o(.data)
    _L1_stepTime                             0x20002014   Data           4  main.o(.data)
    TotalStepTime                            0x20002018   Data           4  main.o(.data)
    TotalStepCounter                         0x2000201c   Data           4  main.o(.data)
    BluetoothEnabled                         0x20002024   Data           1  main.o(.data)
    lives                                    0x20002044   Data           1  games.o(.data)
    uptMove                                  0x20002047   Data           1  games.o(.data)
    platformX                                0x20002048   Data           1  games.o(.data)
    score                                    0x2000204a   Data           2  games.o(.data)
    Menu                                     0x2000204c   Data          20  menu.o(.data)
    CurrWorkItem                             0x20002064   Data           4  menu.o(.data)
    NextWorkItem                             0x20002074   Data           4  menu.o(.data)
    CurrScreen                               0x20002078   Data           4  menu.o(.data)
    MainClock                                0x2000207c   Data          20  menu.o(.data)
    ExtndClock                               0x20002090   Data          20  menu.o(.data)
    Stopwatch                                0x200020a4   Data          20  menu.o(.data)
    TimerMode                                0x200020b8   Data          20  menu.o(.data)
    Flashlight                               0x200020cc   Data          20  menu.o(.data)
    LogScrn                                  0x200020e0   Data          20  menu.o(.data)
    SlpScrn                                  0x200020f4   Data          20  menu.o(.data)
    AllData                                  0x20002108   Data          20  menu.o(.data)
    BIGClock                                 0x2000211c   Data          20  menu.o(.data)
    TextClock1                               0x20002130   Data          20  menu.o(.data)
    Settings                                 0x20002144   Data          20  menu.o(.data)
    Random                                   0x20002158   Data          20  menu.o(.data)
    Calendar                                 0x2000216c   Data          20  menu.o(.data)
    Alarm                                    0x20002180   Data          20  menu.o(.data)
    Game                                     0x20002194   Data          20  menu.o(.data)
    SetTime                                  0x200021a8   Data          20  menu.o(.data)
    bitch                                    0x200021ca   Data           1  ui.o(.data)
    LogNumOfFields                           0x200021cc   Data           2  ui.o(.data)
    LogFirstField                            0x200021ce   Data           2  ui.o(.data)
    WeekDays                                 0x200021d6   Data          25  ui.o(.data)
    monthMass                                0x200021ef   Data          40  periph.o(.data)
    SysTickTimer                             0x2000221c   Data           4  dispatcher.o(.data)
    UpTimeCounter                            0x20002220   Data           4  dispatcher.o(.data)
    DownTimeCounter                          0x20002224   Data           4  dispatcher.o(.data)
    stopWatchEnabled                         0x20002228   Data           1  shadow_logic.o(.data)
    countDown                                0x2000222c   Data           2  shadow_logic.o(.data)
    vibroCounter                             0x2000222e   Data           2  shadow_logic.o(.data)
    TimerCounter                             0x20002230   Data           4  shadow_logic.o(.data)
    correctionValue                          0x20002234   Data           4  shadow_logic.o(.data)
    stopWatchCounter                         0x20002238   Data           4  shadow_logic.o(.data)
    RTCCounter                               0x2000223c   Data           4  shadow_logic.o(.data)
    correctionCoundown                       0x20002240   Data           4  shadow_logic.o(.data)
    alarmEntity                              0x20002244   Data           1  alarm.o(.data)
    updAlarmEntity                           0x20002245   Data           1  alarm.o(.data)
    alarmRingEntity                          0x20002246   Data           1  alarm.o(.data)
    alarmNearestTimestamp                    0x20002248   Data           4  alarm.o(.data)
    Alarmes                                  0x2000224c   Data          40  alarm.o(.data)
    soundCountDown                           0x2000233c   Data           4  nrf_pwm.o(.data)
    Light                                    0x20002354   Data           4  light.o(.data)
    VBat                                     0x20002358   Data           4  light.o(.data)
    rotation                                 0x20002384   Data           1  ssd1306.o(.data)
    _transparent                             0x20002385   Data           1  ssd1306.o(.data)
    orient                                   0x20002386   Data           1  ssd1306.o(.data)
    _BMP180Mode                              0x20002797   Data           1  bmp180.o(.data)
    TWIBusy                                  0x20002798   Data           1  lsm303.o(.data)
    SystemCoreClock                          0x2000279c   Data           4  system_nrf51.o(.data)
    __microlib_freelist                      0x200027a4   Data           4  mvars.o(.data)
    __microlib_freelist_initialised          0x200027a8   Data           4  mvars.o(.data)
    ACCEL                                    0x200027b0   Data          12  main.o(.bss)
    ball                                     0x200028e0   Data          16  games.o(.bss)
    blocks                                   0x200028f0   Data         160  games.o(.bss)
    Null_Menu                                0x20002990   Data          20  menu.o(.bss)
    LogBuffer                                0x200029a4   Data         153  ui.o(.bss)
    SleepLog                                 0x20002a3d   Data         600  ui.o(.bss)
    DispMass                                 0x20002c98   Data         420  dispatcher.o(.bss)
    cfont                                    0x200031d4   Data          12  ssd1306.o(.bss)
    _BMP180_coeffs                           0x200031e0   Data          22  bmp180.o(.bss)
    __heap_base                              0x200031f8   Data           0  arm_startup_nrf51.o(HEAP)
    __heap_limit                             0x200031f8   Data           0  arm_startup_nrf51.o(HEAP)
    __initial_sp                             0x200039f8   Data           0  arm_startup_nrf51.o(STACK)



==============================================================================

Memory Map of the image

  Image Entry point : 0x000180c1

  Load Region LR_IROM1 (Base: 0x00018000, Size: 0x0000ecf0, Max: 0x00028000, ABSOLUTE, COMPRESSED[0x0000e65c])

    Execution Region ER_IROM1 (Base: 0x00018000, Size: 0x0000e540, Max: 0x00028000, ABSOLUTE)

    Base Addr    Size         Type   Attr      Idx    E Section Name        Object

    0x00018000   0x000000c0   Data   RO         3025    RESET               arm_startup_nrf51.o
    0x000180c0   0x00000000   Code   RO         3116  * .ARM.Collect$$$$00000000  mc_p.l(entry.o)
    0x000180c0   0x00000004   Code   RO         3229    .ARM.Collect$$$$00000001  mc_p.l(entry2.o)
    0x000180c4   0x00000004   Code   RO         3232    .ARM.Collect$$$$00000004  mc_p.l(entry5.o)
    0x000180c8   0x00000000   Code   RO         3234    .ARM.Collect$$$$00000008  mc_p.l(entry7b.o)
    0x000180c8   0x00000000   Code   RO         3236    .ARM.Collect$$$$0000000A  mc_p.l(entry8b.o)
    0x000180c8   0x00000008   Code   RO         3237    .ARM.Collect$$$$0000000B  mc_p.l(entry9a.o)
    0x000180d0   0x00000000   Code   RO         3239    .ARM.Collect$$$$0000000D  mc_p.l(entry10a.o)
    0x000180d0   0x00000000   Code   RO         3241    .ARM.Collect$$$$0000000F  mc_p.l(entry11a.o)
    0x000180d0   0x00000004   Code   RO         3230    .ARM.Collect$$$$00002712  mc_p.l(entry2.o)
    0x000180d4   0x0000001e   Code   RO         1850    .emb_text           nrf_pwm.o
    0x000180f2   0x00000002   PAD
    0x000180f4   0x0000001e   Code   RO         2198    .emb_text           nrf_delay.o
    0x00018112   0x00000002   PAD
    0x00018114   0x0000001e   Code   RO         2229    .emb_text           twi_hw_master_sd.o
    0x00018132   0x00000002   PAD
    0x00018134   0x0000001e   Code   RO         2491    .emb_text           ssd1306.o
    0x00018152   0x00000002   PAD
    0x00018154   0x00000038   Code   RO         3026    .text               arm_startup_nrf51.o
    0x0001818c   0x0000002c   Code   RO         3119    .text               mc_p.l(uidiv.o)
    0x000181b8   0x00000028   Code   RO         3121    .text               mc_p.l(idiv.o)
    0x000181e0   0x00000024   Code   RO         3123    .text               mc_p.l(rand.o)
    0x00018204   0x00000024   Code   RO         3126    .text               mc_p.l(memcpya.o)
    0x00018228   0x00000024   Code   RO         3128    .text               mc_p.l(memseta.o)
    0x0001824c   0x0000001a   Code   RO         3130    .text               mc_p.l(memcmp.o)
    0x00018266   0x000000b2   Code   RO         3162    .text               mf_p.l(fadd.o)
    0x00018318   0x0000007a   Code   RO         3164    .text               mf_p.l(fmul.o)
    0x00018392   0x0000007c   Code   RO         3166    .text               mf_p.l(fdiv.o)
    0x0001840e   0x00000018   Code   RO         3168    .text               mf_p.l(fscalb.o)
    0x00018426   0x00000002   PAD
    0x00018428   0x00000164   Code   RO         3170    .text               mf_p.l(dadd.o)
    0x0001858c   0x000000d0   Code   RO         3172    .text               mf_p.l(dmul.o)
    0x0001865c   0x000000f0   Code   RO         3174    .text               mf_p.l(ddiv.o)
    0x0001874c   0x00000016   Code   RO         3176    .text               mf_p.l(fflti.o)
    0x00018762   0x0000000e   Code   RO         3178    .text               mf_p.l(ffltui.o)
    0x00018770   0x0000001c   Code   RO         3180    .text               mf_p.l(dfltui.o)
    0x0001878c   0x00000032   Code   RO         3182    .text               mf_p.l(ffixi.o)
    0x000187be   0x00000028   Code   RO         3184    .text               mf_p.l(ffixui.o)
    0x000187e6   0x00000028   Code   RO         3188    .text               mf_p.l(f2d.o)
    0x0001880e   0x00000038   Code   RO         3190    .text               mf_p.l(d2f.o)
    0x00018846   0x00000002   PAD
    0x00018848   0x00000014   Code   RO         3192    .text               mf_p.l(cfcmple.o)
    0x0001885c   0x00000020   Code   RO         3243    .text               mc_p.l(llshl.o)
    0x0001887c   0x00000022   Code   RO         3245    .text               mc_p.l(llushr.o)
    0x0001889e   0x00000026   Code   RO         3247    .text               mc_p.l(llsshr.o)
    0x000188c4   0x00000000   Code   RO         3258    .text               mc_p.l(iusefp.o)
    0x000188c4   0x00000082   Code   RO         3259    .text               mf_p.l(fepilogue.o)
    0x00018946   0x000000be   Code   RO         3261    .text               mf_p.l(depilogue.o)
    0x00018a04   0x0000002c   Code   RO         3265    .text               mf_p.l(dscalb.o)
    0x00018a30   0x000000a2   Code   RO         3267    .text               mf_p.l(dsqrt.o)
    0x00018ad2   0x00000002   PAD
    0x00018ad4   0x00000028   Code   RO         3269    .text               mf_p.l(dflti.o)
    0x00018afc   0x00000028   Code   RO         3273    .text               mf_p.l(cdrcmple.o)
    0x00018b24   0x00000024   Code   RO         3275    .text               mc_p.l(init.o)
    0x00018b48   0x00000056   Code   RO         3285    .text               mc_p.l(__dczerorl2.o)
    0x00018b9e   0x00000002   PAD
    0x00018ba0   0x0000006c   Code   RO         1905    i.ADCInit           light.o
    0x00018c0c   0x00000018   Code   RO         1051    i.AlarmDisable      alarm.o
    0x00018c24   0x0000002c   Code   RO         1052    i.AlarmRing         alarm.o
    0x00018c50   0x00000002   Code   RO         1053    i.AlarmRing2        alarm.o
    0x00018c52   0x00000002   PAD
    0x00018c54   0x000000c4   Code   RO         1054    i.AlarmUpdate       alarm.o
    0x00018d18   0x00000694   Code   RO          667    i.AllDataDisplayCb  ui.o
    0x000193ac   0x00000210   Code   RO          668    i.BIGScreen         ui.o
    0x000195bc   0x0000006c   Code   RO          293    i.BLE_Stop          ble_app.o
    0x00019628   0x00000048   Code   RO         2777    i.BMP180_Init       bmp180.o
    0x00019670   0x00000032   Code   RO         2780    i.BMP180_Read16S    bmp180.o
    0x000196a2   0x00000002   PAD
    0x000196a4   0x00000170   Code   RO            4    i.ButtonProcess     main.o
    0x00019814   0x00000270   Code   RO          670    i.CalendarDraw      ui.o
    0x00019a84   0x0000001e   Code   RO         2042    i.ClearBuffer       string.o
    0x00019aa2   0x00000002   PAD
    0x00019aa4   0x00000040   Code   RO          974    i.Count100ms        shadow_logic.o
    0x00019ae4   0x00000128   Code   RO          975    i.Count1s           shadow_logic.o
    0x00019c0c   0x00000070   Code   RO          905    i.DispatcherAddEvnt  dispatcher.o
    0x00019c7c   0x000000bc   Code   RO          906    i.DispatcherCallback  dispatcher.o
    0x00019d38   0x0000000c   Code   RO          907    i.DispatcherDisable  dispatcher.o
    0x00019d44   0x0000000c   Code   RO          908    i.DispatcherEnable  dispatcher.o
    0x00019d50   0x0000002c   Code   RO          910    i.DispatcherInit    dispatcher.o
    0x00019d7c   0x00000018   Code   RO          911    i.DispatcherRemoveEvnt  dispatcher.o
    0x00019d94   0x00000154   Code   RO          671    i.DrawInfoPanel     ui.o
    0x00019ee8   0x0000009c   Code   RO          672    i.DrawSleepLog      ui.o
    0x00019f84   0x00000114   Code   RO          673    i.ExtendScreen      ui.o
    0x0001a098   0x0000003c   Code   RO          674    i.FlashLight        ui.o
    0x0001a0d4   0x000000ac   Code   RO            5    i.GPIOTE_IRQHandler  main.o
    0x0001a180   0x000000d8   Code   RO          501    i.Game1             games.o
    0x0001a258   0x00000030   Code   RO          977    i.HourBuzzDo        shadow_logic.o
    0x0001a288   0x0000019c   Code   RO          856    i.InitPeriph        periph.o
    0x0001a424   0x00000024   Code   RO          857    i.LFCLK_Config      periph.o
    0x0001a448   0x0000003e   Code   RO         2884    i.LSM303_GetAccelData  lsm303.o
    0x0001a486   0x00000082   Code   RO         2885    i.LSM303_GetMagnetData  lsm303.o
    0x0001a508   0x00000196   Code   RO         2886    i.LSM303_Init       lsm303.o
    0x0001a69e   0x00000172   Code   RO         2888    i.LSM303_Init_ShadowGesture  lsm303.o
    0x0001a810   0x00000118   Code   RO         2889    i.LSM303_Init_SleepTracker  lsm303.o
    0x0001a928   0x00000022   Code   RO         2890    i.LSM303_Off        lsm303.o
    0x0001a94a   0x00000002   Code   RO         2891    i.LSM303_On         lsm303.o
    0x0001a94c   0x00000074   Code   RO         2892    i.LSM303_Read       lsm303.o
    0x0001a9c0   0x00000058   Code   RO         2893    i.LSM303_ReadReg    lsm303.o
    0x0001aa18   0x0000002c   Code   RO         2894    i.LSM303_Write      lsm303.o
    0x0001aa44   0x00000104   Code   RO          675    i.LogAddInfo        ui.o
    0x0001ab48   0x00000230   Code   RO          676    i.LogScreen         ui.o
    0x0001ad78   0x00000340   Code   RO          677    i.MainScreen        ui.o
    0x0001b0b8   0x0000001c   Code   RO         1906    i.MeasureLight      light.o
    0x0001b0d4   0x0000000a   Code   RO         1907    i.MeasureVBat       light.o
    0x0001b0de   0x00000002   PAD
    0x0001b0e0   0x00000094   Code   RO          581    i.MenuCallback      menu.o
    0x0001b174   0x00000010   Code   RO          582    i.MenuChange        menu.o
    0x0001b184   0x0000001c   Code   RO          583    i.MenuChangeMain    menu.o
    0x0001b1a0   0x0000004c   Code   RO          858    i.RTC1_Config       periph.o
    0x0001b1ec   0x00000260   Code   RO            6    i.RTC1_IRQHandler   main.o
    0x0001b44c   0x0000011c   Code   RO         2129    i.RTC_CntToTimeDate  timework.o
    0x0001b568   0x00000098   Code   RO         2130    i.RTC_TimeDateToCnt  timework.o
    0x0001b600   0x00000020   Code   RO         1983    i.SPI0_TWI0_IRQHandler  spi_master.o
    0x0001b620   0x00000054   Code   RO         2492    i.SSD1306_BigNum    ssd1306.o
    0x0001b674   0x00000034   Code   RO         2493    i.SSD1306_BigString  ssd1306.o
    0x0001b6a8   0x00000078   Code   RO         2494    i.SSD1306_Bitmap    ssd1306.o
    0x0001b720   0x000000f4   Code   RO         2496    i.SSD1306_BitmapPartial3  ssd1306.o
    0x0001b814   0x00000012   Code   RO         2497    i.SSD1306_Brightness  ssd1306.o
    0x0001b826   0x0000000a   Code   RO         2498    i.SSD1306_Char      ssd1306.o
    0x0001b830   0x0000005c   Code   RO         2499    i.SSD1306_Checkbox  ssd1306.o
    0x0001b88c   0x00000014   Code   RO         2500    i.SSD1306_Clear     ssd1306.o
    0x0001b8a0   0x00000034   Code   RO         2502    i.SSD1306_Command   ssd1306.o
    0x0001b8d4   0x00000052   Code   RO         2504    i.SSD1306_EndSplash  ssd1306.o
    0x0001b926   0x00000002   PAD
    0x0001b928   0x00000014   Code   RO         2505    i.SSD1306_Fill      ssd1306.o
    0x0001b93c   0x00000040   Code   RO         2506    i.SSD1306_Float     ssd1306.o
    0x0001b97c   0x0000006c   Code   RO         2507    i.SSD1306_FloatWDesc  ssd1306.o
    0x0001b9e8   0x00000024   Code   RO         2508    i.SSD1306_HLine     ssd1306.o
    0x0001ba0c   0x00000074   Code   RO         2509    i.SSD1306_HLineFull  ssd1306.o
    0x0001ba80   0x00000108   Code   RO         2510    i.SSD1306_Init      ssd1306.o
    0x0001bb88   0x00000042   Code   RO         2511    i.SSD1306_InvertRect  ssd1306.o
    0x0001bbca   0x00000002   PAD
    0x0001bbcc   0x000001b0   Code   RO         2513    i.SSD1306_MultChar  ssd1306.o
    0x0001bd7c   0x0000003c   Code   RO         2514    i.SSD1306_Num       ssd1306.o
    0x0001bdb8   0x00000068   Code   RO         2515    i.SSD1306_NumWDesc  ssd1306.o
    0x0001be20   0x0000000a   Code   RO         2516    i.SSD1306_Off       ssd1306.o
    0x0001be2a   0x0000000a   Code   RO         2517    i.SSD1306_On        ssd1306.o
    0x0001be34   0x000000c8   Code   RO         2518    i.SSD1306_Pixel     ssd1306.o
    0x0001befc   0x0000006c   Code   RO         2519    i.SSD1306_ReDraw    ssd1306.o
    0x0001bf68   0x000000ec   Code   RO         2520    i.SSD1306_Rect      ssd1306.o
    0x0001c054   0x00000030   Code   RO         2522    i.SSD1306_String    ssd1306.o
    0x0001c084   0x00000060   Code   RO         2523    i.SSD1306_StringCentered  ssd1306.o
    0x0001c0e4   0x00000038   Code   RO         2524    i.SSD1306_StringPtr  ssd1306.o
    0x0001c11c   0x00000024   Code   RO         2525    i.SSD1306_VLine     ssd1306.o
    0x0001c140   0x00000020   Code   RO         2526    i.SSD1306_setFont   ssd1306.o
    0x0001c160   0x0000009c   Code   RO         1102    i.SWI2_IRQHandler   softdevice_handler.o
    0x0001c1fc   0x000002f4   Code   RO          679    i.SetAlarm          ui.o
    0x0001c4f0   0x00000018   Code   RO          584    i.SetStartScreen    menu.o
    0x0001c508   0x000000f8   Code   RO          680    i.SettScreen        ui.o
    0x0001c600   0x000000f4   Code   RO          502    i.SlotSpin          games.o
    0x0001c6f4   0x00000144   Code   RO          503    i.SlotSpinNTimes    games.o
    0x0001c838   0x00000088   Code   RO         1948    i.SoundBeep         sound.o
    0x0001c8c0   0x000001f4   Code   RO          681    i.StopWatchCb       ui.o
    0x0001cab4   0x00000090   Code   RO          682    i.SubAccelGraph     ui.o
    0x0001cb44   0x00000084   Code   RO          683    i.SubAltimeter      ui.o
    0x0001cbc8   0x000000d8   Code   RO          684    i.SubPedometer      ui.o
    0x0001cca0   0x0000013c   Code   RO          685    i.SubSleepGraph     ui.o
    0x0001cddc   0x00000158   Code   RO          686    i.SubStopWatch      ui.o
    0x0001cf34   0x00000114   Code   RO          687    i.SubTimer          ui.o
    0x0001d048   0x00000064   Code   RO          688    i.SubWeatherPresr   ui.o
    0x0001d0ac   0x00000080   Code   RO         3033    i.SystemInit        system_nrf51.o
    0x0001d12c   0x0000028c   Code   RO          689    i.TDScreen          ui.o
    0x0001d3b8   0x00000058   Code   RO         1851    i.TIMER2_IRQHandler  nrf_pwm.o
    0x0001d410   0x00000214   Code   RO          690    i.TextScreen1       ui.o
    0x0001d624   0x0000005a   Code   RO         2131    i.TimeToString      timework.o
    0x0001d67e   0x00000002   PAD
    0x0001d680   0x000001a0   Code   RO          691    i.TimerCb           ui.o
    0x0001d820   0x000000ac   Code   RO          585    i.UILongButton      menu.o
    0x0001d8cc   0x00000048   Code   RO          586    i.UIShortButton     menu.o
    0x0001d914   0x0000000c   Code   RO          978    i.UpdateCorrectionCounter  shadow_logic.o
    0x0001d920   0x00000090   Code   RO          979    i.UpdateSwitchModes  shadow_logic.o
    0x0001d9b0   0x00000018   Code   RO          980    i.Vibrate           shadow_logic.o
    0x0001d9c8   0x0000002e   Code   RO         3263    i.__ARM_clz         mf_p.l(depilogue.o)
    0x0001d9f6   0x0000000e   Code   RO          426    i.__ARM_common_memclr1_5  ble_app.o
    0x0001da04   0x00000010   Code   RO         1577    i.__ARM_common_memclr1_6  device_manager_peripheral.o
    0x0001da14   0x0000000c   Code   RO         1579    i.__ARM_common_memclr2_7  device_manager_peripheral.o
    0x0001da20   0x0000000a   Code   RO         1227    i.__ARM_common_memclr4_7  ble_advertising.o
    0x0001da2a   0x00000016   Code   RO         1575    i.__ARM_common_memcpy1_5  device_manager_peripheral.o
    0x0001da40   0x0000002c   Code   RO         3211    i.__ARM_fpclassify  m_ps.l(fpclassify.o)
    0x0001da6c   0x000000ac   Code   RO         3213    i.__kernel_poly     m_ps.l(poly.o)
    0x0001db18   0x00000014   Code   RO         3197    i.__mathlib_dbl_divzero  m_ps.l(dunder.o)
    0x0001db2c   0x00000008   Code   RO         3199    i.__mathlib_dbl_infnan2  m_ps.l(dunder.o)
    0x0001db34   0x00000010   Code   RO         3200    i.__mathlib_dbl_invalid  m_ps.l(dunder.o)
    0x0001db44   0x00000014   Code   RO         3201    i.__mathlib_dbl_overflow  m_ps.l(dunder.o)
    0x0001db58   0x00000014   Code   RO         3203    i.__mathlib_dbl_underflow  m_ps.l(dunder.o)
    0x0001db6c   0x0000000e   Code   RO         3279    i.__scatterload_copy  mc_p.l(handlers.o)
    0x0001db7a   0x00000002   Code   RO         3280    i.__scatterload_null  mc_p.l(handlers.o)
    0x0001db7c   0x0000000e   Code   RO         3281    i.__scatterload_zeroinit  mc_p.l(handlers.o)
    0x0001db8a   0x00000002   PAD
    0x0001db8c   0x0000000c   Code   RO         3253    i.__set_errno       mc_p.l(errno.o)
    0x0001db98   0x000002c8   Code   RO         1241    i.adv_data_encode   ble_advdata.o
    0x0001de60   0x00000090   Code   RO          294    i.advertising_init  ble_app.o
    0x0001def0   0x00000054   Code   RO          295    i.advertising_start  ble_app.o
    0x0001df44   0x0000002c   Code   RO          296    i.advertising_stop  ble_app.o
    0x0001df70   0x00000124   Code   RO         1796    i.app_error_handler  app_error.o
    0x0001e094   0x0000005c   Code   RO         1242    i.ble_advdata_set   ble_advdata.o
    0x0001e0f0   0x00000160   Code   RO         1173    i.ble_advertising_init  ble_advertising.o
    0x0001e250   0x0000009c   Code   RO         1174    i.ble_advertising_on_ble_evt  ble_advertising.o
    0x0001e2ec   0x00000030   Code   RO         1175    i.ble_advertising_on_sys_evt  ble_advertising.o
    0x0001e31c   0x00000214   Code   RO         1178    i.ble_advertising_start  ble_advertising.o
    0x0001e530   0x00000158   Code   RO         1589    i.ble_bas_init      ble_bas.o
    0x0001e688   0x0000005a   Code   RO         1590    i.ble_bas_on_ble_evt  ble_bas.o
    0x0001e6e2   0x00000002   PAD
    0x0001e6e4   0x00000060   Code   RO         1273    i.ble_conn_params_init  ble_conn_params.o
    0x0001e744   0x00000098   Code   RO         1274    i.ble_conn_params_on_ble_evt  ble_conn_params.o
    0x0001e7dc   0x00000050   Code   RO         1690    i.ble_cts_c_init    ble_cts_c.o
    0x0001e82c   0x00000128   Code   RO         1691    i.ble_cts_c_on_ble_evt  ble_cts_c.o
    0x0001e954   0x00000054   Code   RO         1727    i.ble_db_discovery_evt_register  ble_db_discovery.o
    0x0001e9a8   0x00000018   Code   RO         1728    i.ble_db_discovery_init  ble_db_discovery.o
    0x0001e9c0   0x00000244   Code   RO         1729    i.ble_db_discovery_on_ble_evt  ble_db_discovery.o
    0x0001ec04   0x00000064   Code   RO         1730    i.ble_db_discovery_start  ble_db_discovery.o
    0x0001ec68   0x000001b8   Code   RO         1666    i.ble_dis_init      ble_dis.o
    0x0001ee20   0x00000078   Code   RO          297    i.ble_evt_dispatch  ble_app.o
    0x0001ee98   0x00000012   Code   RO         1324    i.ble_srv_ascii_to_utf8  ble_srv_common.o
    0x0001eeaa   0x0000000c   Code   RO         1325    i.ble_srv_report_ref_encode  ble_srv_common.o
    0x0001eeb6   0x00000002   PAD
    0x0001eeb8   0x00000088   Code   RO          298    i.ble_stack_init    ble_app.o
    0x0001ef40   0x00000040   Code   RO          481    i.bsp_btn_ble_on_ble_evt  btn_ble.o
    0x0001ef80   0x00000004   Code   RO          451    i.bsp_indication_set  ble_indicator.o
    0x0001ef84   0x0000009c   Code   RO         1667    i.char_add          ble_dis.o
    0x0001f020   0x00000108   Code   RO         2316    i.clear_operation_execute  pstorage.o
    0x0001f128   0x00000074   Code   RO         2317    i.cmd_queue_enqueue  pstorage.o
    0x0001f19c   0x00000068   Code   RO         2318    i.command_end_procedure_run  pstorage.o
    0x0001f204   0x0000002c   Code   RO          299    i.conn_params_error_handler  ble_app.o
    0x0001f230   0x00000070   Code   RO          300    i.conn_params_init  ble_app.o
    0x0001f2a0   0x0000007c   Code   RO         1276    i.conn_params_negotiation  ble_conn_params.o
    0x0001f31c   0x00000044   Code   RO          301    i.current_time_error_handler  ble_app.o
    0x0001f360   0x000000b8   Code   RO         2319    i.data_page_erase_state_run  pstorage.o
    0x0001f418   0x0000003c   Code   RO         2320    i.data_to_swap_write_state_run  pstorage.o
    0x0001f454   0x00000078   Code   RO         1692    i.db_discover_evt_handler  ble_cts_c.o
    0x0001f4cc   0x00000034   Code   RO          302    i.db_discovery_init  ble_app.o
    0x0001f500   0x00000098   Code   RO         1731    i.descriptors_discover  ble_db_discovery.o
    0x0001f598   0x000000bc   Code   RO         1356    i.device_context_store  device_manager_peripheral.o
    0x0001f654   0x00000074   Code   RO          303    i.device_manager_evt_handler  ble_app.o
    0x0001f6c8   0x00000090   Code   RO          304    i.device_manager_init  ble_app.o
    0x0001f758   0x00000084   Code   RO         1732    i.discovery_complete_evt_trigger  ble_db_discovery.o
    0x0001f7dc   0x00000068   Code   RO         1733    i.discovery_error_evt_trigger  ble_db_discovery.o
    0x0001f844   0x000004f4   Code   RO         1361    i.dm_ble_evt_handler  device_manager_peripheral.o
    0x0001fd38   0x0000010c   Code   RO         1368    i.dm_init           device_manager_peripheral.o
    0x0001fe44   0x00000174   Code   RO         1371    i.dm_pstorage_cb_handler  device_manager_peripheral.o
    0x0001ffb8   0x0000007c   Code   RO         1372    i.dm_register       device_manager_peripheral.o
    0x00020034   0x000003a4   Code   RO          505    i.draw              games.o
    0x000203d8   0x00000048   Code   RO         2527    i.drawFastHLine     ssd1306.o
    0x00020420   0x000001f4   Code   RO         2528    i.drawFastHLineInternal  ssd1306.o
    0x00020614   0x00000050   Code   RO         2529    i.drawFastVLine     ssd1306.o
    0x00020664   0x0000015c   Code   RO         2530    i.drawFastVLineInternal  ssd1306.o
    0x000207c0   0x000000ec   Code   RO         2321    i.flash_operation_success_run  pstorage.o
    0x000208ac   0x0000004c   Code   RO         2322    i.flash_write       pstorage.o
    0x000208f8   0x00000054   Code   RO         3134    i.free              mc_p.l(malloc.o)
    0x0002094c   0x000001a4   Code   RO         2044    i.ftoa_             string.o
    0x00020af0   0x00000088   Code   RO          305    i.gap_params_init   ble_app.o
    0x00020b78   0x00000004   Code   RO         1379    i.gattc_context_apply  device_manager_peripheral.o
    0x00020b7c   0x00000004   Code   RO         1380    i.gattc_context_load  device_manager_peripheral.o
    0x00020b80   0x00000004   Code   RO         1381    i.gattc_context_store  device_manager_peripheral.o
    0x00020b84   0x000000b4   Code   RO         1382    i.gatts_context_apply  device_manager_peripheral.o
    0x00020c38   0x00000030   Code   RO         1383    i.gatts_context_load  device_manager_peripheral.o
    0x00020c68   0x000000b8   Code   RO         1384    i.gatts_context_store  device_manager_peripheral.o
    0x00020d20   0x00000008   Code   RO         1385    i.gattsc_context_apply  device_manager_peripheral.o
    0x00020d28   0x00000030   Code   RO         1386    i.gattsc_context_load  device_manager_peripheral.o
    0x00020d58   0x00000008   Code   RO         1387    i.gattsc_context_store  device_manager_peripheral.o
    0x00020d60   0x000001a4   Code   RO         2783    i.getPressure       bmp180.o
    0x00020f04   0x00000084   Code   RO         2784    i.getTemperature    bmp180.o
    0x00020f88   0x000000cc   Code   RO         2323    i.head_restore_state_run  pstorage.o
    0x00021054   0x00000052   Code   RO         2045    i.itoa_             string.o
    0x000210a6   0x00000002   PAD
    0x000210a8   0x000001c0   Code   RO            8    i.main              main.o
    0x00021268   0x0000006c   Code   RO         3135    i.malloc            mc_p.l(malloc.o)
    0x000212d4   0x000001ac   Code   RO          692    i.menuScreen        ui.o
    0x00021480   0x00000004   Code   RO         1388    i.no_service_context_apply  device_manager_peripheral.o
    0x00021484   0x00000004   Code   RO         1389    i.no_service_context_load  device_manager_peripheral.o
    0x00021488   0x00000004   Code   RO         1390    i.no_service_context_store  device_manager_peripheral.o
    0x0002148c   0x00000024   Code   RO         2199    i.nrf_delay_ms      nrf_delay.o
    0x000214b0   0x00000004   Code   RO         2264    i.nrf_drv_rng_bytes_available  nrf_drv_rng.o
    0x000214b4   0x00000030   Code   RO         2265    i.nrf_drv_rng_init  nrf_drv_rng.o
    0x000214e4   0x00000004   Code   RO         2267    i.nrf_drv_rng_rand  nrf_drv_rng.o
    0x000214e8   0x0000000c   Code   RO         2268    i.nrf_drv_rng_uninit  nrf_drv_rng.o
    0x000214f4   0x0000018c   Code   RO         1853    i.nrf_pwm_init      nrf_pwm.o
    0x00021680   0x000002cc   Code   RO         1854    i.nrf_pwm_set_value  nrf_pwm.o
    0x0002194c   0x00000068   Code   RO          306    i.on_adv_evt        ble_app.o
    0x000219b4   0x00000050   Code   RO          307    i.on_ble_evt        ble_app.o
    0x00021a04   0x00000040   Code   RO          308    i.on_conn_params_evt  ble_app.o
    0x00021a44   0x00000002   Code   RO          309    i.on_cts_c_evt      ble_app.o
    0x00021a46   0x00000002   PAD
    0x00021a48   0x0000005c   Code   RO         1734    i.on_srv_disc_completion  ble_db_discovery.o
    0x00021aa4   0x00000980   Code   RO         3091    i.pow               m_ps.l(pow.o)
    0x00022424   0x00000040   Code   RO         2785    i.pressureToAltitude  bmp180.o
    0x00022464   0x00000028   Code   RO         2324    i.pstorage_access_status_get  pstorage.o
    0x0002248c   0x00000054   Code   RO         2325    i.pstorage_block_identifier_get  pstorage.o
    0x000224e0   0x00000098   Code   RO         2326    i.pstorage_clear    pstorage.o
    0x00022578   0x00000078   Code   RO         2327    i.pstorage_init     pstorage.o
    0x000225f0   0x0000008c   Code   RO         2328    i.pstorage_load     pstorage.o
    0x0002267c   0x000000d4   Code   RO         2329    i.pstorage_register  pstorage.o
    0x00022750   0x00000078   Code   RO         2330    i.pstorage_store    pstorage.o
    0x000227c8   0x00000080   Code   RO         2331    i.pstorage_sys_event_handler  pstorage.o
    0x00022848   0x00000078   Code   RO         2332    i.pstorage_update   pstorage.o
    0x000228c0   0x00000058   Code   RO          693    i.random_vector_generate  ui.o
    0x00022918   0x000000dc   Code   RO         2787    i.readCoefficients  bmp180.o
    0x000229f4   0x00000088   Code   RO         1735    i.registered_handler_get  ble_db_discovery.o
    0x00022a7c   0x000000e8   Code   RO          310    i.services_init     ble_app.o
    0x00022b64   0x00000140   Code   RO         2333    i.sm_state_change   pstorage.o
    0x00022ca4   0x0000000c   Code   RO         1104    i.softdevice_assertion_handler  softdevice_handler.o
    0x00022cb0   0x00000014   Code   RO         1105    i.softdevice_ble_evt_handler_set  softdevice_handler.o
    0x00022cc4   0x00000038   Code   RO         1106    i.softdevice_handler_init  softdevice_handler.o
    0x00022cfc   0x00000014   Code   RO         1108    i.softdevice_sys_evt_handler_set  softdevice_handler.o
    0x00022d10   0x00000048   Code   RO         3109    i.sqrt              m_ps.l(sqrt.o)
    0x00022d58   0x00000050   Code   RO         2334    i.state_erase_data_page_entry_run  pstorage.o
    0x00022da8   0x00000040   Code   RO         2335    i.state_restore_head_entry_run  pstorage.o
    0x00022de8   0x0000005c   Code   RO         2336    i.state_restore_tail_entry_run  pstorage.o
    0x00022e44   0x00000080   Code   RO         2337    i.state_swap_erase_entry_run  pstorage.o
    0x00022ec4   0x00000044   Code   RO         2338    i.state_write_data_swap_entry_run  pstorage.o
    0x00022f08   0x00000004   Code   RO         1391    i.storage_operation_dummy_handler  device_manager_peripheral.o
    0x00022f0c   0x00000024   Code   RO         2051    i.strcat_           string.o
    0x00022f30   0x00000012   Code   RO         2052    i.strlen            string.o
    0x00022f42   0x00000002   PAD
    0x00022f44   0x00000028   Code   RO         2339    i.swap_erase_state_run  pstorage.o
    0x00022f6c   0x00000010   Code   RO          312    i.sys_evt_dispatch  ble_app.o
    0x00022f7c   0x00000048   Code   RO         2340    i.tail_restore_state_run  pstorage.o
    0x00022fc4   0x000000e4   Code   RO         2230    i.twi_master_init   twi_hw_master_sd.o
    0x000230a8   0x00000254   Code   RO         2231    i.twi_master_transfer  twi_hw_master_sd.o
    0x000232fc   0x00000068   Code   RO         1277    i.update_timeout_handler  ble_conn_params.o
    0x00023364   0x00000148   Code   RO         1243    i.uuid_list_encode  ble_advdata.o
    0x000234ac   0x00000009   Data   RO           11    .constdata          main.o
    0x000234b5   0x0000000c   Data   RO           12    .constdata          main.o
    0x000234c1   0x000000c1   Data   RO          509    .constdata          games.o
    0x00023582   0x0000000a   Data   RO          646    .constdata          resources.o
    0x0002358c   0x0000000a   Data   RO          647    .constdata          resources.o
    0x00023596   0x00000008   Data   RO          648    .constdata          resources.o
    0x0002359e   0x00000082   Data   RO          650    .constdata          resources.o
    0x00023620   0x00000082   Data   RO          651    .constdata          resources.o
    0x000236a2   0x00000082   Data   RO          652    .constdata          resources.o
    0x00023724   0x00000082   Data   RO          653    .constdata          resources.o
    0x000237a6   0x00000082   Data   RO          654    .constdata          resources.o
    0x00023828   0x00000082   Data   RO          655    .constdata          resources.o
    0x000238aa   0x00000082   Data   RO          656    .constdata          resources.o
    0x0002392c   0x00000082   Data   RO          657    .constdata          resources.o
    0x000239ae   0x00000002   PAD
    0x000239b0   0x00000034   Data   RO          695    .constdata          ui.o
    0x000239e4   0x00000030   Data   RO         1393    .constdata          device_manager_peripheral.o
    0x00023a14   0x00000086   Data   RO         1950    .constdata          sound.o
    0x00023a9a   0x00000002   PAD
    0x00023a9c   0x00000028   Data   RO         2342    .constdata          pstorage.o
    0x00023ac4   0x000001e7   Data   RO         2472    .constdata          defaultfonts.o
    0x00023cab   0x00000415   Data   RO         2473    .constdata          defaultfonts.o
    0x000240c0   0x000007d5   Data   RO         2475    .constdata          defaultfonts.o
    0x00024895   0x00000785   Data   RO         2476    .constdata          defaultfonts.o
    0x0002501a   0x000007d5   Data   RO         2477    .constdata          defaultfonts.o
    0x000257ef   0x0000089d   Data   RO         2478    .constdata          defaultfonts.o
    0x0002608c   0x0000035c   Data   RO         2480    .constdata          defaultfonts.o
    0x000263e8   0x00000088   Data   RO         3092    .constdata          m_ps.l(pow.o)
    0x00026470   0x00000008   Data   RO         3215    .constdata          m_ps.l(qnan.o)
    0x00026478   0x0000005d   Data   RO         1109    .conststring        softdevice_handler.o
    0x000264d5   0x00000003   PAD
    0x000264d8   0x00000046   Data   RO         1668    .conststring        ble_dis.o
    0x0002651e   0x00000002   PAD
    0x00026520   0x00000020   Data   RO         3277    Region$$Table       anon$$obj.o


    Execution Region RW_IRAM1 (Base: 0x20002000, Size: 0x000019f8, Max: 0x00002000, ABSOLUTE, COMPRESSED[0x0000011c])

    Base Addr    Size         Type   Attr      Idx    E Section Name        Object

    0x20002000   0x00000024   Data   RW           14    .data               main.o
    0x20002024   0x00000001   Data   RW           18    .data               main.o
    0x20002025   0x00000001   PAD
    0x20002026   0x00000014   Data   RW          314    .data               ble_app.o
    0x2000203a   0x00000002   PAD
    0x2000203c   0x00000008   Data   RW          482    .data               btn_ble.o
    0x20002044   0x00000008   Data   RW          510    .data               games.o
    0x2000204c   0x00000014   Data   RW          588    .data               menu.o
    0x20002060   0x000000bc   Data   RW          589    .data               menu.o
    0x2000211c   0x00000014   Data   RW          590    .data               menu.o
    0x20002130   0x00000014   Data   RW          591    .data               menu.o
    0x20002144   0x00000014   Data   RW          593    .data               menu.o
    0x20002158   0x00000014   Data   RW          594    .data               menu.o
    0x2000216c   0x00000014   Data   RW          595    .data               menu.o
    0x20002180   0x00000014   Data   RW          596    .data               menu.o
    0x20002194   0x00000014   Data   RW          598    .data               menu.o
    0x200021a8   0x00000014   Data   RW          599    .data               menu.o
    0x200021bc   0x00000033   Data   RW          696    .data               ui.o
    0x200021ef   0x00000028   Data   RW          859    .data               periph.o
    0x20002217   0x00000001   PAD
    0x20002218   0x00000008   Data   RW          915    .data               dispatcher.o
    0x20002220   0x00000004   Data   RW          916    .data               dispatcher.o
    0x20002224   0x00000004   Data   RW          917    .data               dispatcher.o
    0x20002228   0x0000001c   Data   RW          981    .data               shadow_logic.o
    0x20002244   0x00000030   Data   RW         1056    .data               alarm.o
    0x20002274   0x00000014   Data   RW         1110    .data               softdevice_handler.o
    0x20002288   0x0000001f   Data   RW         1181    .data               ble_advertising.o
    0x200022a7   0x00000001   PAD
    0x200022a8   0x00000016   Data   RW         1279    .data               ble_conn_params.o
    0x200022be   0x00000002   PAD
    0x200022c0   0x00000018   Data   RW         1395    .data               device_manager_peripheral.o
    0x200022d8   0x0000004a   Data   RW         1669    .data               ble_dis.o
    0x20002322   0x00000002   PAD
    0x20002324   0x00000004   Data   RW         1693    .data               ble_cts_c.o
    0x20002328   0x00000010   Data   RW         1737    .data               ble_db_discovery.o
    0x20002338   0x0000001c   Data   RW         1855    .data               nrf_pwm.o
    0x20002354   0x00000008   Data   RW         1909    .data               light.o
    0x2000235c   0x00000001   Data   RW         2232    .data               twi_hw_master_sd.o
    0x2000235d   0x00000001   Data   RW         2269    .data               nrf_drv_rng.o
    0x2000235e   0x00000002   PAD
    0x20002360   0x00000024   Data   RW         2343    .data               pstorage.o
    0x20002384   0x00000413   Data   RW         2537    .data               ssd1306.o
    0x20002797   0x00000001   Data   RW         2792    .data               bmp180.o
    0x20002798   0x00000001   Data   RW         2895    .data               lsm303.o
    0x20002799   0x00000003   PAD
    0x2000279c   0x00000004   Data   RW         3034    .data               system_nrf51.o
    0x200027a0   0x00000004   Data   RW         3124    .data               mc_p.l(rand.o)
    0x200027a4   0x00000004   Data   RW         3249    .data               mc_p.l(mvars.o)
    0x200027a8   0x00000004   Data   RW         3250    .data               mc_p.l(mvars.o)
    0x200027ac   0x00000004   Data   RW         3254    .data               mc_p.l(errno.o)
    0x200027b0   0x0000000c   Zero   RW            9    .bss                main.o
    0x200027bc   0x00000124   Zero   RW          313    .bss                ble_app.o
    0x200028e0   0x000000b0   Zero   RW          507    .bss                games.o
    0x20002990   0x00000014   Zero   RW          587    .bss                menu.o
    0x200029a4   0x000002f1   Zero   RW          694    .bss                ui.o
    0x20002c95   0x00000003   PAD
    0x20002c98   0x000001a4   Zero   RW          914    .bss                dispatcher.o
    0x20002e3c   0x000000fb   Zero   RW         1180    .bss                ble_advertising.o
    0x20002f37   0x00000001   PAD
    0x20002f38   0x0000001c   Zero   RW         1278    .bss                ble_conn_params.o
    0x20002f54   0x00000127   Zero   RW         1392    .bss                device_manager_peripheral.o
    0x2000307b   0x00000001   PAD
    0x2000307c   0x00000080   Zero   RW         1736    .bss                ble_db_discovery.o
    0x200030fc   0x000000d8   Zero   RW         2341    .bss                pstorage.o
    0x200031d4   0x0000000c   Zero   RW         2536    .bss                ssd1306.o
    0x200031e0   0x00000016   Zero   RW         2790    .bss                bmp180.o
    0x200031f6   0x00000002   PAD
    0x200031f8   0x00000000   Zero   RW         3024    HEAP                arm_startup_nrf51.o
    0x200031f8   0x00000800   Zero   RW         3023    STACK               arm_startup_nrf51.o


==============================================================================

Image component sizes


      Code (inc. data)   RO Data    RW Data    ZI Data      Debug   Object Name

       266         34          0         48          0       2867   alarm.o
       292         40          0          0          0       1772   app_error.o
        56         18        192          0       2048        624   arm_startup_nrf51.o
      1132          4          0          0          0      16102   ble_advdata.o
      1098         84          0         31        251       8357   ble_advertising.o
      1820        636          0         20        292      15810   ble_app.o
       434         14          0          0          0       9940   ble_bas.o
       476         58          0         22         28      11931   ble_conn_params.o
       496         34          0          4          0       6980   ble_cts_c.o
      1404         68          0         16        128      13595   ble_db_discovery.o
       596         92         70         74          0       5095   ble_dis.o
         4          0          0          0          0       2885   ble_indicator.o
        30          0          0          0          0       1988   ble_srv_common.o
       958         80          0          1         22       8386   bmp180.o
        64          6          0          8          0       2005   btn_ble.o
         0          0      10532          0          0       1106   defaultfonts.o
      2774        256         48         24        295      25975   device_manager_peripheral.o
       392         48          0         16        420       4561   dispatcher.o
      1716        188        193          8        176       5566   games.o
       146         34          0          8          0       2404   light.o
      1532         12          0          1          0      11391   lsm303.o
      1596        166         21         37         12      89757   main.o
       460         86          0        368         20       5002   menu.o
        66          6          0          0          0       1555   nrf_delay.o
        68         10          0          1          0       4965   nrf_drv_rng.o
      1230        186          0         28          0      14536   nrf_pwm.o
       524        114          0         40          0      11625   periph.o
      3224        308         40         36        216      30694   pstorage.o
         0          0       1068          0          0        936   resources.o
       588        112          0         28          0       4742   shadow_logic.o
       264         24         93         20          0       7424   softdevice_handler.o
       136         30        134          0          0       1374   sound.o
        32         10          0          0          0        423   spi_master.o
      3906        188          0       1043         12      28816   ssd1306.o
       586         32          0          0          0       4697   string.o
       128         20          0          4          0       1391   system_nrf51.o
       526         30          0          0          0       2547   timework.o
       854        100          0          1          0       4292   twi_hw_master_sd.o
     10468       1144         52         51        753      25649   ui.o

    ----------------------------------------------------------------------
     40374       4272      12484       1952       4680     399765   Object Totals
         0          0         32          0          0          0   (incl. Generated)
        32          0          9         14          7          0   (incl. Padding)

    ----------------------------------------------------------------------

      Code (inc. data)   RO Data    RW Data    ZI Data      Debug   Library Member Name

        84         14          0          0          0        340   dunder.o
        44          4          0          0          0         60   fpclassify.o
       172          0          0          0          0         76   poly.o
      2432        202        136          0          0        208   pow.o
         0          0          8          0          0          0   qnan.o
        72          6          0          0          0         76   sqrt.o
        86          0          0          0          0          0   __dczerorl2.o
         0          0          0          0          0          0   entry.o
         0          0          0          0          0          0   entry10a.o
         0          0          0          0          0          0   entry11a.o
         8          4          0          0          0          0   entry2.o
         4          0          0          0          0          0   entry5.o
         0          0          0          0          0          0   entry7b.o
         0          0          0          0          0          0   entry8b.o
         8          4          0          0          0          0   entry9a.o
        12          6          0          4          0         60   errno.o
        30          0          0          0          0          0   handlers.o
        40          0          0          0          0         72   idiv.o
        36          8          0          0          0         68   init.o
         0          0          0          0          0          0   iusefp.o
        32          0          0          0          0         68   llshl.o
        38          0          0          0          0         68   llsshr.o
        34          0          0          0          0         68   llushr.o
       192         20          0          0          0        144   malloc.o
        26          0          0          0          0         72   memcmp.o
        36          0          0          0          0         60   memcpya.o
        36          0          0          0          0        100   memseta.o
         0          0          0          8          0          0   mvars.o
        36         12          0          4          0        120   rand.o
        44          0          0          0          0         72   uidiv.o
        40          2          0          0          0         68   cdrcmple.o
        20          0          0          0          0         68   cfcmple.o
        56          0          0          0          0         68   d2f.o
       356          4          0          0          0        140   dadd.o
       240          6          0          0          0         84   ddiv.o
       236          0          0          0          0        216   depilogue.o
        40          6          0          0          0         68   dflti.o
        28          4          0          0          0         68   dfltui.o
       208          6          0          0          0         88   dmul.o
        44          0          0          0          0         72   dscalb.o
       162          0          0          0          0         80   dsqrt.o
        40          0          0          0          0         60   f2d.o
       178          0          0          0          0        108   fadd.o
       124          0          0          0          0         72   fdiv.o
       130          0          0          0          0        144   fepilogue.o
        50          0          0          0          0         60   ffixi.o
        40          0          0          0          0         60   ffixui.o
        22          0          0          0          0         68   fflti.o
        14          0          0          0          0         68   ffltui.o
       122          0          0          0          0         72   fmul.o
        24          0          0          0          0         60   fscalb.o

    ----------------------------------------------------------------------
      5686        308        144         16          0       3524   Library Totals
        10          0          0          0          0          0   (incl. Padding)

    ----------------------------------------------------------------------

      Code (inc. data)   RO Data    RW Data    ZI Data      Debug   Library Name

      2804        226        144          0          0        760   m_ps.l
       698         54          0         16          0        972   mc_p.l
      2174         28          0          0          0       1792   mf_p.l

    ----------------------------------------------------------------------
      5686        308        144         16          0       3524   Library Totals

    ----------------------------------------------------------------------

==============================================================================


      Code (inc. data)   RO Data    RW Data    ZI Data      Debug   

     46060       4580      12628       1968       4680     391145   Grand Totals
     46060       4580      12628        284       4680     391145   ELF Image Totals (compressed)
     46060       4580      12628        284          0          0   ROM Totals

==============================================================================

    Total RO  Size (Code + RO Data)                58688 (  57.31kB)
    Total RW  Size (RW Data + ZI Data)              6648 (   6.49kB)
    Total ROM Size (Code + RO Data + RW Data)      58972 (  57.59kB)

==============================================================================

