Component: ARM Compiler 5.05 update 2 (build 169) Tool: armlink [4d0f33]

==============================================================================

Section Cross References

    main.o(i.application_timers_start) refers to app_timer.o(i.app_timer_start) for app_timer_start
    main.o(i.application_timers_start) refers to app_error.o(i.app_error_handler) for app_error_handler
    main.o(i.application_timers_start) refers to main.o(.data) for .data
    main.o(i.assert_nrf_callback) refers to app_error.o(i.app_error_handler) for app_error_handler
    main.o(i.battery_level_meas_timeout_handler) refers to ble_bas.o(i.ble_bas_battery_level_update) for ble_bas_battery_level_update
    main.o(i.battery_level_meas_timeout_handler) refers to app_error.o(i.app_error_handler) for app_error_handler
    main.o(i.battery_level_meas_timeout_handler) refers to main.o(.bss) for .bss
    main.o(i.ble_evt_dispatch) refers to device_manager_peripheral.o(i.dm_ble_evt_handler) for dm_ble_evt_handler
    main.o(i.ble_evt_dispatch) refers to ble_hrs.o(i.ble_hrs_on_ble_evt) for ble_hrs_on_ble_evt
    main.o(i.ble_evt_dispatch) refers to ble_bas.o(i.ble_bas_on_ble_evt) for ble_bas_on_ble_evt
    main.o(i.ble_evt_dispatch) refers to ble_conn_params.o(i.ble_conn_params_on_ble_evt) for ble_conn_params_on_ble_evt
    main.o(i.ble_evt_dispatch) refers to bsp_btn_ble.o(i.bsp_btn_ble_on_ble_evt) for bsp_btn_ble_on_ble_evt
    main.o(i.ble_evt_dispatch) refers to bsp.o(i.bsp_indication_set) for bsp_indication_set
    main.o(i.ble_evt_dispatch) refers to app_error.o(i.app_error_handler) for app_error_handler
    main.o(i.ble_evt_dispatch) refers to ble_advertising.o(i.ble_advertising_on_ble_evt) for ble_advertising_on_ble_evt
    main.o(i.ble_evt_dispatch) refers to main.o(.bss) for .bss
    main.o(i.ble_evt_dispatch) refers to main.o(.data) for .data
    main.o(i.ble_stack_init) refers to softdevice_handler.o(i.softdevice_handler_init) for softdevice_handler_init
    main.o(i.ble_stack_init) refers to app_error.o(i.app_error_handler) for app_error_handler
    main.o(i.ble_stack_init) refers to softdevice_handler.o(i.softdevice_ble_evt_handler_set) for softdevice_ble_evt_handler_set
    main.o(i.ble_stack_init) refers to softdevice_handler.o(i.softdevice_sys_evt_handler_set) for softdevice_sys_evt_handler_set
    main.o(i.ble_stack_init) refers to main.o(.bss) for .bss
    main.o(i.ble_stack_init) refers to main.o(i.ble_evt_dispatch) for ble_evt_dispatch
    main.o(i.ble_stack_init) refers to main.o(i.sys_evt_dispatch) for sys_evt_dispatch
    main.o(i.bsp_event_handler) refers to main.o(i.sleep_mode_enter) for sleep_mode_enter
    main.o(i.bsp_event_handler) refers to app_error.o(i.app_error_handler) for app_error_handler
    main.o(i.bsp_event_handler) refers to ble_advertising.o(i.ble_advertising_restart_without_whitelist) for ble_advertising_restart_without_whitelist
    main.o(i.bsp_event_handler) refers to main.o(.data) for .data
    main.o(i.conn_params_error_handler) refers to app_error.o(i.app_error_handler) for app_error_handler
    main.o(i.device_manager_evt_handler) refers to app_error.o(i.app_error_handler) for app_error_handler
    main.o(i.device_manager_init) refers to pstorage.o(i.pstorage_init) for pstorage_init
    main.o(i.device_manager_init) refers to app_error.o(i.app_error_handler) for app_error_handler
    main.o(i.device_manager_init) refers to device_manager_peripheral.o(i.dm_init) for dm_init
    main.o(i.device_manager_init) refers to memseta.o(.text) for __aeabi_memclr
    main.o(i.device_manager_init) refers to device_manager_peripheral.o(i.dm_register) for dm_register
    main.o(i.device_manager_init) refers to main.o(i.device_manager_evt_handler) for device_manager_evt_handler
    main.o(i.device_manager_init) refers to main.o(.data) for .data
    main.o(i.gap_params_init) refers to app_error.o(i.app_error_handler) for app_error_handler
    main.o(i.heart_rate_meas_timeout_handler) refers to ble_hrs.o(i.ble_hrs_heart_rate_measurement_send) for ble_hrs_heart_rate_measurement_send
    main.o(i.heart_rate_meas_timeout_handler) refers to app_error.o(i.app_error_handler) for app_error_handler
    main.o(i.heart_rate_meas_timeout_handler) refers to main.o(.bss) for .bss
    main.o(i.main) refers to main.o(i.timers_init) for timers_init
    main.o(i.main) refers to bsp.o(i.bsp_init) for bsp_init
    main.o(i.main) refers to app_error.o(i.app_error_handler) for app_error_handler
    main.o(i.main) refers to bsp_btn_ble.o(i.bsp_btn_ble_init) for bsp_btn_ble_init
    main.o(i.main) refers to main.o(i.ble_stack_init) for ble_stack_init
    main.o(i.main) refers to main.o(i.device_manager_init) for device_manager_init
    main.o(i.main) refers to main.o(i.gap_params_init) for gap_params_init
    main.o(i.main) refers to memseta.o(.text) for __aeabi_memclr4
    main.o(i.main) refers to ble_advertising.o(i.ble_advertising_init) for ble_advertising_init
[...]
    app_evt_notify                           0x00018845   Thumb Code     6  device_manager_peripheral.o(i.app_evt_notify)
    i.app_fifo_get                           0x00018850   Section        0  app_fifo.o(i.app_fifo_get)
    i.app_fifo_put                           0x00018872   Section        0  app_fifo.o(i.app_fifo_put)
    i.app_notify                             0x00018894   Section        0  pstorage.o(i.app_notify)
    app_notify                               0x00018895   Thumb Code    34  pstorage.o(i.app_notify)
    i.app_notify_error_state_transit         0x000188c0   Section        0  pstorage.o(i.app_notify_error_state_transit)
    app_notify_error_state_transit           0x000188c1   Thumb Code    26  pstorage.o(i.app_notify_error_state_transit)
    i.app_timer_create                       0x000188e0   Section        0  app_timer.o(i.app_timer_create)
    i.app_timer_init                         0x0001892c   Section        0  app_timer.o(i.app_timer_init)
    i.app_timer_start                        0x000189e0   Section        0  app_timer.o(i.app_timer_start)
    i.app_timer_stop                         0x00018a64   Section        0  app_timer.o(i.app_timer_stop)
    i.application_timers_start               0x00018abc   Section        0  main.o(i.application_timers_start)
    application_timers_start                 0x00018abd   Thumb Code   100  main.o(i.application_timers_start)
    i.battery_level_char_add                 0x00018b28   Section        0  ble_bas.o(i.battery_level_char_add)
    battery_level_char_add                   0x00018b29   Thumb Code   302  ble_bas.o(i.battery_level_char_add)
    i.battery_level_meas_timeout_handler     0x00018c60   Section        0  main.o(i.battery_level_meas_timeout_handler)
    battery_level_meas_timeout_handler       0x00018c61   Thumb Code    40  main.o(i.battery_level_meas_timeout_handler)
    i.ble_advdata_set                        0x00018c94   Section        0  ble_advdata.o(i.ble_advdata_set)
    i.ble_advertising_init                   0x00018cf0   Section        0  ble_advertising.o(i.ble_advertising_init)
    i.ble_advertising_on_ble_evt             0x00018e14   Section        0  ble_advertising.o(i.ble_advertising_on_ble_evt)
    i.ble_advertising_on_sys_evt             0x00018e88   Section        0  ble_advertising.o(i.ble_advertising_on_sys_evt)
    i.ble_advertising_peer_address_clear     0x00018eb8   Section        0  ble_advertising.o(i.ble_advertising_peer_address_clear)
    ble_advertising_peer_address_clear       0x00018eb9   Thumb Code    12  ble_advertising.o(i.ble_advertising_peer_address_clear)
    i.ble_advertising_restart_without_whitelist 0x00018ec8   Section        0  ble_advertising.o(i.ble_advertising_restart_without_whitelist)
    i.ble_advertising_start                  0x00018f08   Section        0  ble_advertising.o(i.ble_advertising_start)
    i.ble_bas_battery_level_update           0x000190e8   Section        0  ble_bas.o(i.ble_bas_battery_level_update)
    i.ble_bas_init                           0x00019154   Section        0  ble_bas.o(i.ble_bas_init)
    i.ble_bas_on_ble_evt                     0x00019190   Section        0  ble_bas.o(i.ble_bas_on_ble_evt)
    i.ble_conn_params_init                   0x000191e8   Section        0  ble_conn_params.o(i.ble_conn_params_init)
    i.ble_conn_params_on_ble_evt             0x0001923c   Section        0  ble_conn_params.o(i.ble_conn_params_on_ble_evt)
    i.ble_dis_init                           0x000192cc   Section        0  ble_dis.o(i.ble_dis_init)
    i.ble_evt_dispatch                       0x0001940c   Section        0  main.o(i.ble_evt_dispatch)
    ble_evt_dispatch                         0x0001940d   Thumb Code    88  main.o(i.ble_evt_dispatch)
    i.ble_hrs_heart_rate_measurement_send    0x0001946c   Section        0  ble_hrs.o(i.ble_hrs_heart_rate_measurement_send)
    i.ble_hrs_init                           0x000194c4   Section        0  ble_hrs.o(i.ble_hrs_init)
    i.ble_hrs_on_ble_evt                     0x00019520   Section        0  ble_hrs.o(i.ble_hrs_on_ble_evt)
    i.ble_hrs_rr_interval_add                0x00019570   Section        0  ble_hrs.o(i.ble_hrs_rr_interval_add)
    i.ble_hrs_sensor_contact_detected_update 0x0001959e   Section        0  ble_hrs.o(i.ble_hrs_sensor_contact_detected_update)
    i.ble_srv_ascii_to_utf8                  0x000195a4   Section        0  ble_srv_common.o(i.ble_srv_ascii_to_utf8)
    i.ble_srv_report_ref_encode              0x000195b6   Section        0  ble_srv_common.o(i.ble_srv_report_ref_encode)
    i.ble_stack_init                         0x000195c4   Section        0  main.o(i.ble_stack_init)
    ble_stack_init                           0x000195c5   Thumb Code    92  main.o(i.ble_stack_init)
    i.body_sensor_location_char_add          0x0001962c   Section        0  ble_hrs.o(i.body_sensor_location_char_add)
    body_sensor_location_char_add            0x0001962d   Thumb Code   130  ble_hrs.o(i.body_sensor_location_char_add)
    i.bond_data_load                         0x000196b4   Section        0  device_manager_peripheral.o(i.bond_data_load)
    i.bsp_btn_ble_init                       0x000196fc   Section        0  bsp_btn_ble.o(i.bsp_btn_ble_init)
    i.bsp_btn_ble_on_ble_evt                 0x00019750   Section        0  bsp_btn_ble.o(i.bsp_btn_ble_on_ble_evt)
    i.bsp_btn_ble_sleep_mode_prepare         0x000197c8   Section        0  bsp_btn_ble.o(i.bsp_btn_ble_sleep_mode_prepare)
    i.bsp_button_event_handler               0x000197dc   Section        0  bsp.o(i.bsp_button_event_handler)
    bsp_button_event_handler                 0x000197dd   Thumb Code   144  bsp.o(i.bsp_button_event_handler)
    i.bsp_button_is_pressed                  0x00019878   Section        0  bsp.o(i.bsp_button_is_pressed)
    i.bsp_event_handler                      0x000198a4   Section        0  main.o(i.bsp_event_handler)
    i.bsp_event_to_button_action_assign      0x000198e0   Section        0  bsp.o(i.bsp_event_to_button_action_assign)
    i.bsp_indication_set                     0x00019928   Section        0  bsp.o(i.bsp_indication_set)
    i.bsp_init                               0x00019944   Section        0  bsp.o(i.bsp_init)
    i.bsp_led_indication                     0x000199e4   Section        0  bsp.o(i.bsp_led_indication)
    bsp_led_indication                       0x000199e5   Thumb Code   460  bsp.o(i.bsp_led_indication)
    i.bsp_wakeup_buttons_set                 0x00019bc8   Section        0  bsp.o(i.bsp_wakeup_buttons_set)
    i.button_timer_handler                   0x00019c04   Section        0  bsp.o(i.button_timer_handler)
    button_timer_handler                     0x00019c05   Thumb Code    12  bsp.o(i.button_timer_handler)
    i.channel_free                           0x00019c10   Section        0  nrf_drv_gpiote.o(i.channel_free)
    channel_free                             0x00019c11   Thumb Code    22  nrf_drv_gpiote.o(i.channel_free)
    i.channel_port_alloc                     0x00019c2c   Section        0  nrf_drv_gpiote.o(i.channel_port_alloc)
    channel_port_alloc                       0x00019c2d   Thumb Code    66  nrf_drv_gpiote.o(i.channel_port_alloc)
    i.channel_port_get                       0x00019c74   Section        0  nrf_drv_gpiote.o(i.channel_port_get)
    channel_port_get                         0x00019c75   Thumb Code    10  nrf_drv_gpiote.o(i.channel_port_get)
    i.char_add                               0x00019c84   Section        0  ble_dis.o(i.char_add)
    char_add                                 0x00019c85   Thumb Code   156  ble_dis.o(i.char_add)
    i.clear_operation_execute                0x00019d24   Section        0  pstorage.o(i.clear_operation_execute)
    clear_operation_execute                  0x00019d25   Thumb Code   252  pstorage.o(i.clear_operation_execute)
    i.clear_post_processing_run              0x00019e28   Section        0  pstorage.o(i.clear_post_processing_run)
    clear_post_processing_run                0x00019e29   Thumb Code    32  pstorage.o(i.clear_post_processing_run)
    i.cmd_process                            0x00019e4c   Section        0  pstorage.o(i.cmd_process)
    cmd_process                              0x00019e4d   Thumb Code    46  pstorage.o(i.cmd_process)
    i.cmd_queue_element_init                 0x00019e84   Section        0  pstorage.o(i.cmd_queue_element_init)
    cmd_queue_element_init                   0x00019e85   Thumb Code    26  pstorage.o(i.cmd_queue_element_init)
    i.cmd_queue_enqueue                      0x00019ea4   Section        0  pstorage.o(i.cmd_queue_enqueue)
    cmd_queue_enqueue                        0x00019ea5   Thumb Code    68  pstorage.o(i.cmd_queue_enqueue)
    i.command_end_procedure_run              0x00019ef0   Section        0  pstorage.o(i.command_end_procedure_run)
    command_end_procedure_run                0x00019ef1   Thumb Code    56  pstorage.o(i.command_end_procedure_run)
    i.compare_reg_update                     0x00019f2c   Section        0  app_timer.o(i.compare_reg_update)
    compare_reg_update                       0x00019f2d   Thumb Code   140  app_timer.o(i.compare_reg_update)
    i.conn_int_encode                        0x00019fd0   Section        0  ble_advdata.o(i.conn_int_encode)
    conn_int_encode                          0x00019fd1   Thumb Code   126  ble_advdata.o(i.conn_int_encode)
    i.conn_params_error_handler              0x0001a054   Section        0  main.o(i.conn_params_error_handler)
    conn_params_error_handler                0x0001a055   Thumb Code    12  main.o(i.conn_params_error_handler)
    i.conn_params_negotiation                0x0001a060   Section        0  ble_conn_params.o(i.conn_params_negotiation)
    conn_params_negotiation                  0x0001a061   Thumb Code    90  ble_conn_params.o(i.conn_params_negotiation)
    i.connection_instance_find               0x0001a0c4   Section        0  device_manager_peripheral.o(i.connection_instance_find)
    connection_instance_find                 0x0001a0c5   Thumb Code    38  device_manager_peripheral.o(i.connection_instance_find)
    i.connection_instance_init               0x0001a0f4   Section        0  device_manager_peripheral.o(i.connection_instance_init)
    connection_instance_init                 0x0001a0f5   Thumb Code    30  device_manager_peripheral.o(i.connection_instance_init)
    i.data_page_erase_state_run              0x0001a118   Section        0  pstorage.o(i.data_page_erase_state_run)
    data_page_erase_state_run                0x0001a119   Thumb Code    80  pstorage.o(i.data_page_erase_state_run)
    i.data_to_swap_write_state_run           0x0001a16c   Section        0  pstorage.o(i.data_to_swap_write_state_run)
    data_to_swap_write_state_run             0x0001a16d   Thumb Code    34  pstorage.o(i.data_to_swap_write_state_run)
    i.detection_delay_timeout_handler        0x0001a194   Section        0  app_button.o(i.detection_delay_timeout_handler)
    detection_delay_timeout_handler          0x0001a195   Thumb Code    90  app_button.o(i.detection_delay_timeout_handler)
    i.device_context_store                   0x0001a1f4   Section        0  device_manager_peripheral.o(i.device_context_store)
    device_context_store                     0x0001a1f5   Thumb Code   150  device_manager_peripheral.o(i.device_context_store)
    i.device_instance_allocate               0x0001a2a8   Section        0  device_manager_peripheral.o(i.device_instance_allocate)
    device_instance_allocate                 0x0001a2a9   Thumb Code    74  device_manager_peripheral.o(i.device_instance_allocate)
    i.device_instance_find                   0x0001a2fc   Section        0  device_manager_peripheral.o(i.device_instance_find)
    device_instance_find                     0x0001a2fd   Thumb Code    68  device_manager_peripheral.o(i.device_instance_find)
    i.device_instance_free                   0x0001a344   Section        0  device_manager_peripheral.o(i.device_instance_free)
    device_instance_free                     0x0001a345   Thumb Code    40  device_manager_peripheral.o(i.device_instance_free)
    i.device_manager_evt_handler             0x0001a370   Section        0  main.o(i.device_manager_evt_handler)
    device_manager_evt_handler               0x0001a371   Thumb Code    18  main.o(i.device_manager_evt_handler)
    i.device_manager_init                    0x0001a384   Section        0  main.o(i.device_manager_init)
    device_manager_init                      0x0001a385   Thumb Code   106  main.o(i.device_manager_init)
    i.dm_ble_evt_handler                     0x0001a3f8   Section        0  device_manager_peripheral.o(i.dm_ble_evt_handler)
    i.dm_handle_initialize                   0x0001a7d0   Section        0  device_manager_peripheral.o(i.dm_handle_initialize)
    i.dm_init                                0x0001a7ec   Section        0  device_manager_peripheral.o(i.dm_init)
    i.dm_pstorage_cb_handler                 0x0001a8b0   Section        0  device_manager_peripheral.o(i.dm_pstorage_cb_handler)
    dm_pstorage_cb_handler                   0x0001a8b1   Thumb Code   376  device_manager_peripheral.o(i.dm_pstorage_cb_handler)
    i.dm_register                            0x0001aa3c   Section        0  device_manager_peripheral.o(i.dm_register)
    i.elapsed_ticks_acquire                  0x0001aab0   Section        0  app_timer.o(i.elapsed_ticks_acquire)
    elapsed_ticks_acquire                    0x0001aab1   Thumb Code    58  app_timer.o(i.elapsed_ticks_acquire)
    i.expired_timers_handler                 0x0001aaf0   Section        0  app_timer.o(i.expired_timers_handler)
    expired_timers_handler                   0x0001aaf1   Thumb Code    82  app_timer.o(i.expired_timers_handler)
    i.flash_api_err_code_process             0x0001ab48   Section        0  pstorage.o(i.flash_api_err_code_process)
    flash_api_err_code_process               0x0001ab49   Thumb Code    28  pstorage.o(i.flash_api_err_code_process)
    i.flash_operation_success_run            0x0001ab68   Section        0  pstorage.o(i.flash_operation_success_run)
    flash_operation_success_run              0x0001ab69   Thumb Code   114  pstorage.o(i.flash_operation_success_run)
    i.flash_page_erase                       0x0001abe8   Section        0  pstorage.o(i.flash_page_erase)
    flash_page_erase                         0x0001abe9   Thumb Code    10  pstorage.o(i.flash_page_erase)
    i.flash_write                            0x0001abf2   Section        0  pstorage.o(i.flash_write)
    flash_write                              0x0001abf3   Thumb Code    10  pstorage.o(i.flash_write)
    i.gap_params_init                        0x0001abfc   Section        0  main.o(i.gap_params_init)
    gap_params_init                          0x0001abfd   Thumb Code    90  main.o(i.gap_params_init)
    i.gattc_context_apply                    0x0001ac68   Section        0  device_manager_peripheral.o(i.gattc_context_apply)
    gattc_context_apply                      0x0001ac69   Thumb Code     4  device_manager_peripheral.o(i.gattc_context_apply)
    i.gattc_context_load                     0x0001ac6c   Section        0  device_manager_peripheral.o(i.gattc_context_load)
    gattc_context_load                       0x0001ac6d   Thumb Code     4  device_manager_peripheral.o(i.gattc_context_load)
    i.gattc_context_store                    0x0001ac70   Section        0  device_manager_peripheral.o(i.gattc_context_store)
    gattc_context_store                      0x0001ac71   Thumb Code     4  device_manager_peripheral.o(i.gattc_context_store)
    i.gatts_context_apply                    0x0001ac74   Section        0  device_manager_peripheral.o(i.gatts_context_apply)
    gatts_context_apply                      0x0001ac75   Thumb Code   160  device_manager_peripheral.o(i.gatts_context_apply)
    i.gatts_context_load                     0x0001ad24   Section        0  device_manager_peripheral.o(i.gatts_context_load)
    gatts_context_load                       0x0001ad25   Thumb Code    44  device_manager_peripheral.o(i.gatts_context_load)
    i.gatts_context_store                    0x0001ad54   Section        0  device_manager_peripheral.o(i.gatts_context_store)
    gatts_context_store                      0x0001ad55   Thumb Code   158  device_manager_peripheral.o(i.gatts_context_store)
    i.gattsc_context_apply                   0x0001ae00   Section        0  device_manager_peripheral.o(i.gattsc_context_apply)
    gattsc_context_apply                     0x0001ae01   Thumb Code     8  device_manager_peripheral.o(i.gattsc_context_apply)
    i.gattsc_context_load                    0x0001ae08   Section        0  device_manager_peripheral.o(i.gattsc_context_load)
    gattsc_context_load                      0x0001ae09   Thumb Code     8  device_manager_peripheral.o(i.gattsc_context_load)
    i.gattsc_context_store                   0x0001ae10   Section        0  device_manager_peripheral.o(i.gattsc_context_store)
    gattsc_context_store                     0x0001ae11   Thumb Code     8  device_manager_peripheral.o(i.gattsc_context_store)
    i.gpiote_event_handler                   0x0001ae18   Section        0  app_button.o(i.gpiote_event_handler)
    gpiote_event_handler                     0x0001ae19   Thumb Code    70  app_button.o(i.gpiote_event_handler)
    i.head_restore_state_run                 0x0001ae64   Section        0  pstorage.o(i.head_restore_state_run)
    head_restore_state_run                   0x0001ae65   Thumb Code   110  pstorage.o(i.head_restore_state_run)
    i.heart_rate_meas_timeout_handler        0x0001aedc   Section        0  main.o(i.heart_rate_meas_timeout_handler)
    heart_rate_meas_timeout_handler          0x0001aedd   Thumb Code    40  main.o(i.heart_rate_meas_timeout_handler)
    i.heart_rate_measurement_char_add        0x0001af10   Section        0  ble_hrs.o(i.heart_rate_measurement_char_add)
    heart_rate_measurement_char_add          0x0001af11   Thumb Code   172  ble_hrs.o(i.heart_rate_measurement_char_add)
    i.hrm_encode                             0x0001afc0   Section        0  ble_hrs.o(i.hrm_encode)
    hrm_encode                               0x0001afc1   Thumb Code   136  ble_hrs.o(i.hrm_encode)
    i.intern_softdevice_events_execute       0x0001b048   Section        0  softdevice_handler.o(i.intern_softdevice_events_execute)
    i.is_conn_params_ok                      0x0001b0c8   Section        0  ble_conn_params.o(i.is_conn_params_ok)
    is_conn_params_ok                        0x0001b0c9   Thumb Code    24  ble_conn_params.o(i.is_conn_params_ok)
    i.is_manual_peripheral_setup_needed      0x0001b0e4   Section        0  system_nrf51.o(i.is_manual_peripheral_setup_needed)
    is_manual_peripheral_setup_needed        0x0001b0e5   Thumb Code    66  system_nrf51.o(i.is_manual_peripheral_setup_needed)
    i.is_page_erase_required                 0x0001b12c   Section        0  pstorage.o(i.is_page_erase_required)
    is_page_erase_required                   0x0001b12d   Thumb Code    60  pstorage.o(i.is_page_erase_required)
    i.is_word_aligned                        0x0001b170   Section        0  pstorage.o(i.is_word_aligned)
    is_word_aligned                          0x0001b171   Thumb Code    12  pstorage.o(i.is_word_aligned)
    i.leds_timer_handler                     0x0001b17c   Section        0  bsp.o(i.leds_timer_handler)
    leds_timer_handler                       0x0001b17d   Thumb Code    18  bsp.o(i.leds_timer_handler)
    i.list_deletions_handler                 0x0001b194   Section        0  app_timer.o(i.list_deletions_handler)
    list_deletions_handler                   0x0001b195   Thumb Code   144  app_timer.o(i.list_deletions_handler)
    i.list_insertions_handler                0x0001b228   Section        0  app_timer.o(i.list_insertions_handler)
    list_insertions_handler                  0x0001b229   Thumb Code   230  app_timer.o(i.list_insertions_handler)
    i.main                                   0x0001b318   Section        0  main.o(i.main)
    i.main_state_err_busy_process            0x0001b434   Section        0  pstorage.o(i.main_state_err_busy_process)
    main_state_err_busy_process              0x0001b435   Thumb Code    20  pstorage.o(i.main_state_err_busy_process)
    i.manuf_specific_data_encode             0x0001b44c   Section        0  ble_advdata.o(i.manuf_specific_data_encode)
    manuf_specific_data_encode               0x0001b44d   Thumb Code   100  ble_advdata.o(i.manuf_specific_data_encode)
    i.name_encode                            0x0001b4b0   Section        0  ble_advdata.o(i.name_encode)
    name_encode                              0x0001b4b1   Thumb Code   106  ble_advdata.o(i.name_encode)
    i.no_service_context_apply               0x0001b51a   Section        0  device_manager_peripheral.o(i.no_service_context_apply)
    no_service_context_apply                 0x0001b51b   Thumb Code     4  device_manager_peripheral.o(i.no_service_context_apply)
    i.no_service_context_load                0x0001b51e   Section        0  device_manager_peripheral.o(i.no_service_context_load)
    no_service_context_load                  0x0001b51f   Thumb Code     4  device_manager_peripheral.o(i.no_service_context_load)
    i.no_service_context_store               0x0001b522   Section        0  device_manager_peripheral.o(i.no_service_context_store)
    no_service_context_store                 0x0001b523   Thumb Code     4  device_manager_peripheral.o(i.no_service_context_store)
    i.nrf_drv_common_irq_enable              0x0001b528   Section        0  nrf_drv_common.o(i.nrf_drv_common_irq_enable)
    i.nrf_drv_gpiote_in_event_enable         0x0001b588   Section        0  nrf_drv_gpiote.o(i.nrf_drv_gpiote_in_event_enable)
    i.nrf_drv_gpiote_in_init                 0x0001b628   Section        0  nrf_drv_gpiote.o(i.nrf_drv_gpiote_in_init)
    i.nrf_drv_gpiote_in_is_set               0x0001b6bc   Section        0  nrf_drv_gpiote.o(i.nrf_drv_gpiote_in_is_set)
    i.nrf_drv_gpiote_init                    0x0001b6d0   Section        0  nrf_drv_gpiote.o(i.nrf_drv_gpiote_init)
    i.nrf_drv_gpiote_is_init                 0x0001b724   Section        0  nrf_drv_gpiote.o(i.nrf_drv_gpiote_is_init)
    i.nrf_gpio_cfg_sense_set                 0x0001b734   Section        0  nrf_drv_gpiote.o(i.nrf_gpio_cfg_sense_set)
    nrf_gpio_cfg_sense_set                   0x0001b735   Thumb Code    26  nrf_drv_gpiote.o(i.nrf_gpio_cfg_sense_set)
    i.nrf_gpiote_event_is_set                0x0001b754   Section        0  nrf_drv_gpiote.o(i.nrf_gpiote_event_is_set)
    nrf_gpiote_event_is_set                  0x0001b755   Thumb Code    14  nrf_drv_gpiote.o(i.nrf_gpiote_event_is_set)
    i.on_adv_evt                             0x0001b768   Section        0  main.o(i.on_adv_evt)
    on_adv_evt                               0x0001b769   Thumb Code    36  main.o(i.on_adv_evt)
    i.on_conn_params_evt                     0x0001b78c   Section        0  main.o(i.on_conn_params_evt)
    on_conn_params_evt                       0x0001b78d   Thumb Code    30  main.o(i.on_conn_params_evt)
    i.on_uart_event                          0x0001b7b0   Section        0  app_uart_fifo.o(i.on_uart_event)
    on_uart_event                            0x0001b7b1   Thumb Code   118  app_uart_fifo.o(i.on_uart_event)
    i.peer_address_exists                    0x0001b838   Section        0  ble_advertising.o(i.peer_address_exists)
    peer_address_exists                      0x0001b839   Thumb Code    22  ble_advertising.o(i.peer_address_exists)
    i.peer_instance_init                     0x0001b850   Section        0  device_manager_peripheral.o(i.peer_instance_init)
    peer_instance_init                       0x0001b851   Thumb Code    60  device_manager_peripheral.o(i.peer_instance_init)
    i.pin_in_use_by_port                     0x0001b890   Section        0  nrf_drv_gpiote.o(i.pin_in_use_by_port)
    pin_in_use_by_port                       0x0001b891   Thumb Code    20  nrf_drv_gpiote.o(i.pin_in_use_by_port)
    i.pin_in_use_by_te                       0x0001b8a8   Section        0  nrf_drv_gpiote.o(i.pin_in_use_by_te)
    pin_in_use_by_te                         0x0001b8a9   Thumb Code    20  nrf_drv_gpiote.o(i.pin_in_use_by_te)
    i.pnp_id_encode                          0x0001b8c0   Section        0  ble_dis.o(i.pnp_id_encode)
    pnp_id_encode                            0x0001b8c1   Thumb Code    62  ble_dis.o(i.pnp_id_encode)
    i.pstorage_access_status_get             0x0001b900   Section        0  pstorage.o(i.pstorage_access_status_get)
    i.pstorage_block_identifier_get          0x0001b928   Section        0  pstorage.o(i.pstorage_block_identifier_get)
    i.pstorage_clear                         0x0001b97c   Section        0  pstorage.o(i.pstorage_clear)
    i.pstorage_flash_page_end                0x0001ba20   Section        0  pstorage.o(i.pstorage_flash_page_end)
    pstorage_flash_page_end                  0x0001ba21   Thumb Code    32  pstorage.o(i.pstorage_flash_page_end)
    i.pstorage_flash_page_size               0x0001ba44   Section        0  pstorage.o(i.pstorage_flash_page_size)
    pstorage_flash_page_size                 0x0001ba45   Thumb Code    10  pstorage.o(i.pstorage_flash_page_size)
    i.pstorage_init                          0x0001ba50   Section        0  pstorage.o(i.pstorage_init)
    i.pstorage_load                          0x0001ba9c   Section        0  pstorage.o(i.pstorage_load)
    i.pstorage_register                      0x0001bb44   Section        0  pstorage.o(i.pstorage_register)
    i.pstorage_store                         0x0001bbf8   Section        0  pstorage.o(i.pstorage_store)
    i.pstorage_sys_event_handler             0x0001bc88   Section        0  pstorage.o(i.pstorage_sys_event_handler)
    i.pstorage_update                        0x0001bcd4   Section        0  pstorage.o(i.pstorage_update)
    i.rr_interval_timeout_handler            0x0001bd64   Section        0  main.o(i.rr_interval_timeout_handler)
    rr_interval_timeout_handler              0x0001bd65   Thumb Code    20  main.o(i.rr_interval_timeout_handler)
    i.rtc1_stop                              0x0001bd80   Section        0  app_timer.o(i.rtc1_stop)
    rtc1_stop                                0x0001bd81   Thumb Code    50  app_timer.o(i.rtc1_stop)
    i.sensor_contact_detected_timeout_handler 0x0001bdc4   Section        0  main.o(i.sensor_contact_detected_timeout_handler)
    sensor_contact_detected_timeout_handler  0x0001bdc5   Thumb Code    20  main.o(i.sensor_contact_detected_timeout_handler)
    i.service_data_encode                    0x0001bde0   Section        0  ble_advdata.o(i.service_data_encode)
    service_data_encode                      0x0001bde1   Thumb Code   124  ble_advdata.o(i.service_data_encode)
    i.services_init                          0x0001be5c   Section        0  main.o(i.services_init)
    services_init                            0x0001be5d   Thumb Code   226  main.o(i.services_init)
    i.sleep_mode_enter                       0x0001bf58   Section        0  main.o(i.sleep_mode_enter)
    sleep_mode_enter                         0x0001bf59   Thumb Code    52  main.o(i.sleep_mode_enter)
    i.sm_state_change                        0x0001bf8c   Section        0  pstorage.o(i.sm_state_change)
    sm_state_change                          0x0001bf8d   Thumb Code    62  pstorage.o(i.sm_state_change)
    i.softdevice_assertion_handler           0x0001bfd4   Section        0  softdevice_handler.o(i.softdevice_assertion_handler)
    i.softdevice_ble_evt_handler_set         0x0001bfe0   Section        0  softdevice_handler.o(i.softdevice_ble_evt_handler_set)
    i.softdevice_handler_init                0x0001bff4   Section        0  softdevice_handler.o(i.softdevice_handler_init)
    i.softdevice_sys_evt_handler_set         0x0001c024   Section        0  softdevice_handler.o(i.softdevice_sys_evt_handler_set)
    i.state_data_erase_swap_entry_run        0x0001c038   Section        0  pstorage.o(i.state_data_erase_swap_entry_run)
    state_data_erase_swap_entry_run          0x0001c039   Thumb Code    92  pstorage.o(i.state_data_erase_swap_entry_run)
    i.state_erase_data_page_entry_run        0x0001c09c   Section        0  pstorage.o(i.state_erase_data_page_entry_run)
    state_erase_data_page_entry_run          0x0001c09d   Thumb Code    12  pstorage.o(i.state_erase_data_page_entry_run)
    i.state_restore_head_entry_run           0x0001c0ac   Section        0  pstorage.o(i.state_restore_head_entry_run)
    state_restore_head_entry_run             0x0001c0ad   Thumb Code    36  pstorage.o(i.state_restore_head_entry_run)
    i.state_restore_tail_entry_run           0x0001c0d4   Section        0  pstorage.o(i.state_restore_tail_entry_run)
    state_restore_tail_entry_run             0x0001c0d5   Thumb Code    66  pstorage.o(i.state_restore_tail_entry_run)
    i.state_swap_erase_entry_run             0x0001c120   Section        0  pstorage.o(i.state_swap_erase_entry_run)
    state_swap_erase_entry_run               0x0001c121   Thumb Code    32  pstorage.o(i.state_swap_erase_entry_run)
    i.state_write_data_swap_entry_run        0x0001c140   Section        0  pstorage.o(i.state_write_data_swap_entry_run)
    state_write_data_swap_entry_run          0x0001c141   Thumb Code    42  pstorage.o(i.state_write_data_swap_entry_run)
    i.storage_operation_dummy_handler        0x0001c170   Section        0  device_manager_peripheral.o(i.storage_operation_dummy_handler)
    storage_operation_dummy_handler          0x0001c171   Thumb Code     4  device_manager_peripheral.o(i.storage_operation_dummy_handler)
    i.store_cmd_flash_write_execute          0x0001c174   Section        0  pstorage.o(i.store_cmd_flash_write_execute)
    store_cmd_flash_write_execute            0x0001c175   Thumb Code    82  pstorage.o(i.store_cmd_flash_write_execute)
    i.swap_erase_state_run                   0x0001c1d0   Section        0  pstorage.o(i.swap_erase_state_run)
    swap_erase_state_run                     0x0001c1d1   Thumb Code    24  pstorage.o(i.swap_erase_state_run)
    i.swap_sub_state_err_busy_process        0x0001c1ec   Section        0  pstorage.o(i.swap_sub_state_err_busy_process)
    swap_sub_state_err_busy_process          0x0001c1ed   Thumb Code    20  pstorage.o(i.swap_sub_state_err_busy_process)
    i.swap_sub_state_state_change            0x0001c204   Section        0  pstorage.o(i.swap_sub_state_state_change)
    swap_sub_state_state_change              0x0001c205   Thumb Code    12  pstorage.o(i.swap_sub_state_state_change)
    i.sys_evt_dispatch                       0x0001c218   Section        0  main.o(i.sys_evt_dispatch)
    sys_evt_dispatch                         0x0001c219   Thumb Code    16  main.o(i.sys_evt_dispatch)
    i.sys_id_encode                          0x0001c228   Section        0  ble_dis.o(i.sys_id_encode)
    sys_id_encode                            0x0001c229   Thumb Code    86  ble_dis.o(i.sys_id_encode)
    i.tail_restore_state_run                 0x0001c280   Section        0  pstorage.o(i.tail_restore_state_run)
    tail_restore_state_run                   0x0001c281   Thumb Code    22  pstorage.o(i.tail_restore_state_run)
    i.timer_list_handler_sched               0x0001c29c   Section        0  app_timer.o(i.timer_list_handler_sched)
    timer_list_handler_sched                 0x0001c29d   Thumb Code    10  app_timer.o(i.timer_list_handler_sched)
    i.timer_list_insert                      0x0001c2ac   Section        0  app_timer.o(i.timer_list_insert)
    timer_list_insert                        0x0001c2ad   Thumb Code    94  app_timer.o(i.timer_list_insert)
    i.timer_list_remove                      0x0001c310   Section        0  app_timer.o(i.timer_list_remove)
    timer_list_remove                        0x0001c311   Thumb Code   104  app_timer.o(i.timer_list_remove)
    i.timer_timeouts_check                   0x0001c380   Section        0  app_timer.o(i.timer_timeouts_check)
    timer_timeouts_check                     0x0001c381   Thumb Code   120  app_timer.o(i.timer_timeouts_check)
    i.timers_init                            0x0001c400   Section        0  main.o(i.timers_init)
    timers_init                              0x0001c401   Thumb Code   124  main.o(i.timers_init)
    i.uint16_encode                          0x0001c494   Section        0  ble_advdata.o(i.uint16_encode)
    uint16_encode                            0x0001c495   Thumb Code    10  ble_advdata.o(i.uint16_encode)
    i.update_status_bit_reset                0x0001c4a0   Section        0  device_manager_peripheral.o(i.update_status_bit_reset)
    update_status_bit_reset                  0x0001c4a1   Thumb Code    14  device_manager_peripheral.o(i.update_status_bit_reset)
    i.update_timeout_handler                 0x0001c4b4   Section        0  ble_conn_params.o(i.update_timeout_handler)
    update_timeout_handler                   0x0001c4b5   Thumb Code    86  ble_conn_params.o(i.update_timeout_handler)
    i.user_id_get                            0x0001c518   Section        0  app_timer.o(i.user_id_get)
    user_id_get                              0x0001c519   Thumb Code    74  app_timer.o(i.user_id_get)
    i.user_op_alloc                          0x0001c56c   Section        0  app_timer.o(i.user_op_alloc)
    user_op_alloc                            0x0001c56d   Thumb Code    36  app_timer.o(i.user_op_alloc)
    i.uuid_list_encode                       0x0001c590   Section        0  ble_advdata.o(i.uuid_list_encode)
    uuid_list_encode                         0x0001c591   Thumb Code    38  ble_advdata.o(i.uuid_list_encode)
    i.uuid_list_sized_encode                 0x0001c5b6   Section        0  ble_advdata.o(i.uuid_list_sized_encode)
    uuid_list_sized_encode                   0x0001c5b7   Thumb Code   162  ble_advdata.o(i.uuid_list_sized_encode)
    i.whitelist_has_entries                  0x0001c658   Section        0  ble_advertising.o(i.whitelist_has_entries)
    whitelist_has_entries                    0x0001c659   Thumb Code    16  ble_advertising.o(i.whitelist_has_entries)
    .constdata                               0x0001c668   Section       48  bsp.o(.constdata)
    m_buttons_list                           0x0001c668   Data          16  bsp.o(.constdata)
    app_buttons                              0x0001c678   Data          32  bsp.o(.constdata)
    .constdata                               0x0001c698   Section       52  device_manager_peripheral.o(.constdata)
    .constdata                               0x0001c6cc   Section       40  pstorage.o(.constdata)
    swap_sub_state_sm_lut                    0x0001c6cc   Data          20  pstorage.o(.constdata)
    swap_sub_state_sm_lut                    0x0001c6e0   Data          20  pstorage.o(.constdata)
    .constdata                               0x0001c6f4   Section        4  app_button.o(.constdata)
    .data                                    0x20002000   Section       36  main.o(.data)
    m_rr_interval_enabled                    0x20002000   Data           1  main.o(.data)
    sensor_contact_detected                  0x20002001   Data           1  main.o(.data)
    m_app_handle                             0x20002002   Data           1  main.o(.data)
    m_conn_handle                            0x20002004   Data           2  main.o(.data)
    m_battery_timer_id                       0x20002008   Data           4  main.o(.data)
    m_heart_rate_timer_id                    0x2000200c   Data           4  main.o(.data)
    m_rr_interval_timer_id                   0x20002010   Data           4  main.o(.data)
    m_sensor_contact_timer_id                0x20002014   Data           4  main.o(.data)
    m_adv_uuids                              0x20002018   Data          12  main.o(.data)
    .data                                    0x20002024   Section       32  bsp.o(.data)
    m_stable_state                           0x20002024   Data           1  bsp.o(.data)
    current_long_push_pin_no                 0x20002025   Data           1  bsp.o(.data)
    m_app_ticks_per_100ms                    0x20002028   Data           4  bsp.o(.data)
    m_indication_type                        0x2000202c   Data           4  bsp.o(.data)
    m_registered_callback                    0x20002030   Data           4  bsp.o(.data)
    release_event_at_push                    0x20002034   Data           4  bsp.o(.data)
    m_leds_timer_id                          0x20002038   Data           4  bsp.o(.data)
    m_alert_timer_id                         0x2000203c   Data           4  bsp.o(.data)
    m_button_timer_id                        0x20002040   Data           4  bsp.o(.data)
    .data                                    0x20002044   Section        8  bsp_btn_ble.o(.data)
    m_error_handler                          0x20002044   Data           4  bsp_btn_ble.o(.data)
    m_num_connections                        0x20002048   Data           4  bsp_btn_ble.o(.data)
    .data                                    0x2000204c   Section       31  ble_advertising.o(.data)
    m_advertising_start_pending              0x2000204c   Data           1  ble_advertising.o(.data)
    m_whitelist_temporarily_disabled         0x2000204d   Data           1  ble_advertising.o(.data)
    m_whitelist_reply_expected               0x2000204e   Data           1  ble_advertising.o(.data)
    m_peer_addr_reply_expected               0x2000204f   Data           1  ble_advertising.o(.data)
    m_adv_evt                                0x20002050   Data           1  ble_advertising.o(.data)
    m_adv_mode_current                       0x20002051   Data           1  ble_advertising.o(.data)
    m_tx_power_level                         0x20002052   Data           1  ble_advertising.o(.data)
    current_slave_link_conn_handle           0x20002054   Data           2  ble_advertising.o(.data)
    m_evt_handler                            0x20002058   Data           4  ble_advertising.o(.data)
    m_error_handler                          0x2000205c   Data           4  ble_advertising.o(.data)
    m_slave_conn_int                         0x20002060   Data           4  ble_advertising.o(.data)
    m_peer_address                           0x20002064   Data           7  ble_advertising.o(.data)
    .data                                    0x2000206c   Section       24  ble_conn_params.o(.data)
    m_change_param                           0x2000206c   Data           1  ble_conn_params.o(.data)
    m_update_count                           0x2000206d   Data           1  ble_conn_params.o(.data)
    m_conn_handle                            0x2000206e   Data           2  ble_conn_params.o(.data)
    m_conn_params_timer_id                   0x20002070   Data           4  ble_conn_params.o(.data)
    m_preferred_conn_params                  0x20002074   Data           8  ble_conn_params.o(.data)
    m_current_conn_params                    0x2000207c   Data           8  ble_conn_params.o(.data)
    .data                                    0x20002084   Section       74  ble_dis.o(.data)
    service_handle                           0x20002084   Data           2  ble_dis.o(.data)
    manufact_name_handles                    0x20002086   Data           8  ble_dis.o(.data)
    model_num_handles                        0x2000208e   Data           8  ble_dis.o(.data)
    serial_num_handles                       0x20002096   Data           8  ble_dis.o(.data)
    hw_rev_handles                           0x2000209e   Data           8  ble_dis.o(.data)
    fw_rev_handles                           0x200020a6   Data           8  ble_dis.o(.data)
    sw_rev_handles                           0x200020ae   Data           8  ble_dis.o(.data)
    sys_id_handles                           0x200020b6   Data           8  ble_dis.o(.data)
    reg_cert_data_list_handles               0x200020be   Data           8  ble_dis.o(.data)
    pnp_id_handles                           0x200020c6   Data           8  ble_dis.o(.data)
    .data                                    0x200020d0   Section       24  device_manager_peripheral.o(.data)
    m_module_initialized                     0x200020d0   Data           1  device_manager_peripheral.o(.data)
    m_peer_addr_update                       0x200020d4   Data           4  device_manager_peripheral.o(.data)
    m_irk_index_table                        0x200020d8   Data           7  device_manager_peripheral.o(.data)
    m_storage_handle                         0x200020e0   Data           8  device_manager_peripheral.o(.data)
    .data                                    0x200020e8   Section        8  app_uart_fifo.o(.data)
    m_instance_counter                       0x200020e8   Data           1  app_uart_fifo.o(.data)
    m_current_state                          0x200020e9   Data           1  app_uart_fifo.o(.data)
    m_event_handler                          0x200020ec   Data           4  app_uart_fifo.o(.data)
    .data                                    0x200020f0   Section       36  pstorage.o(.data)
    m_state                                  0x200020f0   Data           1  pstorage.o(.data)
    m_swap_sub_state                         0x200020f1   Data           1  pstorage.o(.data)
    m_next_app_instance                      0x200020f2   Data           2  pstorage.o(.data)
    m_flags                                  0x200020f4   Data           4  pstorage.o(.data)
    m_next_page_addr                         0x200020f8   Data           4  pstorage.o(.data)
    m_head_word_size                         0x200020fc   Data           4  pstorage.o(.data)
    m_tail_word_size                         0x20002100   Data           4  pstorage.o(.data)
    m_current_page_id                        0x20002104   Data           4  pstorage.o(.data)
    m_num_of_command_retries                 0x20002108   Data           4  pstorage.o(.data)
    m_num_of_bytes_written                   0x2000210c   Data           4  pstorage.o(.data)
    m_app_data_size                          0x20002110   Data           4  pstorage.o(.data)
    .data                                    0x20002114   Section       24  app_button.o(.data)
    m_button_count                           0x20002114   Data           1  app_button.o(.data)
    mp_buttons                               0x20002118   Data           4  app_button.o(.data)
    m_detection_delay                        0x2000211c   Data           4  app_button.o(.data)
    m_detection_delay_timer_id               0x20002120   Data           4  app_button.o(.data)
    m_pin_state                              0x20002124   Data           4  app_button.o(.data)
    m_pin_transition                         0x20002128   Data           4  app_button.o(.data)
    .data                                    0x2000212c   Section       36  app_timer.o(.data)
    m_node_array_size                        0x2000212c   Data           1  app_timer.o(.data)
    m_user_array_size                        0x2000212d   Data           1  app_timer.o(.data)
    m_ticks_elapsed_q_read_ind               0x2000212e   Data           1  app_timer.o(.data)
    m_ticks_elapsed_q_write_ind              0x2000212f   Data           1  app_timer.o(.data)
    m_rtc1_running                           0x20002130   Data           1  app_timer.o(.data)
    m_rtc1_reset                             0x20002131   Data           1  app_timer.o(.data)
    mp_nodes                                 0x20002134   Data           4  app_timer.o(.data)
    mp_users                                 0x20002138   Data           4  app_timer.o(.data)
    m_timer_id_head                          0x2000213c   Data           4  app_timer.o(.data)
    m_ticks_latest                           0x20002140   Data           4  app_timer.o(.data)
    m_evt_schedule_func                      0x20002144   Data           4  app_timer.o(.data)
    m_ticks_elapsed                          0x20002148   Data           8  app_timer.o(.data)
    .data                                    0x20002150   Section       20  softdevice_handler.o(.data)
    m_softdevice_enabled                     0x20002150   Data           1  softdevice_handler.o(.data)
    m_ble_evt_buffer_size                    0x20002152   Data           2  softdevice_handler.o(.data)
    m_evt_schedule_func                      0x20002154   Data           4  softdevice_handler.o(.data)
    mp_ble_evt_buffer                        0x20002158   Data           4  softdevice_handler.o(.data)
    m_ble_evt_handler                        0x2000215c   Data           4  softdevice_handler.o(.data)
    m_sys_evt_handler                        0x20002160   Data           4  softdevice_handler.o(.data)
    .data                                    0x20002164   Section        4  system_nrf51.o(.data)
    __tagsym$$used                           0x20002164   Number         0  system_nrf51.o(.data)
    .bss                                     0x20002168   Section      992  main.o(.bss)
    APP_TIMER_BUF                            0x20002168   Data         816  main.o(.bss)
    BLE_EVT_BUFFER                           0x20002498   Data          72  main.o(.bss)
    m_bas                                    0x200024e0   Data          24  main.o(.bss)
    m_hrs                                    0x200024f8   Data          80  main.o(.bss)
    .bss                                     0x20002548   Section       12  bsp.o(.bss)
    m_events_list                            0x20002548   Data          12  bsp.o(.bss)
    .bss                                     0x20002554   Section      251  ble_advertising.o(.bss)
    m_advdata                                0x20002554   Data          48  ble_advertising.o(.bss)
    m_adv_modes_config                       0x20002584   Data          36  ble_advertising.o(.bss)
    m_whitelist                              0x200025a8   Data          16  ble_advertising.o(.bss)
    mp_whitelist_addr                        0x200025b8   Data          32  ble_advertising.o(.bss)
    mp_whitelist_irk                         0x200025d8   Data          32  ble_advertising.o(.bss)
    m_manuf_specific_data                    0x200025f8   Data          12  ble_advertising.o(.bss)
    m_manuf_data_array                       0x20002604   Data          31  ble_advertising.o(.bss)
    m_service_data                           0x20002624   Data          12  ble_advertising.o(.bss)
    m_service_data_array                     0x20002630   Data          31  ble_advertising.o(.bss)
    .bss                                     0x20002650   Section       28  ble_conn_params.o(.bss)
    m_conn_params_config                     0x20002650   Data          28  ble_conn_params.o(.bss)
    .bss                                     0x2000266c   Section      335  device_manager_peripheral.o(.bss)
    m_app_context_table                      0x2000266c   Data          28  device_manager_peripheral.o(.bss)
    m_peer_table                             0x20002688   Data         196  device_manager_peripheral.o(.bss)
    m_bond_table                             0x2000274c   Data          28  device_manager_peripheral.o(.bss)
    m_gatts_table                            0x20002768   Data          36  device_manager_peripheral.o(.bss)
    m_connection_table                       0x2000278c   Data          12  device_manager_peripheral.o(.bss)
    m_application_table                      0x20002798   Data          12  device_manager_peripheral.o(.bss)
    m_local_id_info                          0x200027a4   Data          23  device_manager_peripheral.o(.bss)
    .bss                                     0x200027bc   Section       32  app_uart_fifo.o(.bss)
    m_rx_fifo                                0x200027bc   Data          16  app_uart_fifo.o(.bss)
    m_tx_fifo                                0x200027cc   Data          16  app_uart_fifo.o(.bss)
    .bss                                     0x200027dc   Section       80  nrf_drv_gpiote.o(.bss)
    m_cb                                     0x200027dc   Data          80  nrf_drv_gpiote.o(.bss)
    .bss                                     0x2000282c   Section      216  pstorage.o(.bss)
    m_cmd_queue                              0x2000282c   Data         204  pstorage.o(.bss)
    m_app_table                              0x200028f8   Data          12  pstorage.o(.bss)
    STACK                                    0x20002908   Section     2048  arm_startup_nrf51.o(STACK)

    Global Symbols

    Symbol Name                              Value     Ov Type        Size  Object(Section)

    BuildAttributes$$THM_ISAv3M$S$PE$A:L22$X:L11$S22$IEEE1$IW$USESV6$~STKCKD$USESV7$~SHL$OSPACE$EBA8$MICROLIB$REQ8$PRES8$EABIv2 0x00000000   Number         0  anon$$obj.o ABSOLUTE
    __ARM_use_no_argv                        0x00000000   Number         0  main.o ABSOLUTE
    __cpp_initialize__aeabi_                  - Undefined Weak Reference
    __cxa_finalize                            - Undefined Weak Reference
    _clock_init                               - Undefined Weak Reference
    _microlib_exit                            - Undefined Weak Reference
    __Vectors_Size                           0x000000c0   Number         0  arm_startup_nrf51.o ABSOLUTE
    __Vectors                                0x00018000   Data           4  arm_startup_nrf51.o(RESET)
    __Vectors_End                            0x000180c0   Data           0  arm_startup_nrf51.o(RESET)
    __main                                   0x000180c1   Thumb Code     0  entry.o(.ARM.Collect$$$$00000000)
    _main_stk                                0x000180c1   Thumb Code     0  entry2.o(.ARM.Collect$$$$00000001)
    _main_scatterload                        0x000180c5   Thumb Code     0  entry5.o(.ARM.Collect$$$$00000004)
    __main_after_scatterload                 0x000180c9   Thumb Code     0  entry5.o(.ARM.Collect$$$$00000004)
    _main_clock                              0x000180c9   Thumb Code     0  entry7b.o(.ARM.Collect$$$$00000008)
    _main_cpp_init                           0x000180c9   Thumb Code     0  entry8b.o(.ARM.Collect$$$$0000000A)
    _main_init                               0x000180c9   Thumb Code     0  entry9a.o(.ARM.Collect$$$$0000000B)
    __rt_final_cpp                           0x000180d1   Thumb Code     0  entry10a.o(.ARM.Collect$$$$0000000D)
    __rt_final_exit                          0x000180d1   Thumb Code     0  entry11a.o(.ARM.Collect$$$$0000000F)
    __asm___11_app_timer_c_cd27f9c3__nrf_delay_us 0x000180d5   Thumb Code    30  app_timer.o(.emb_text)
    Reset_Handler                            0x000180f5   Thumb Code    26  arm_startup_nrf51.o(.text)
    NMI_Handler                              0x0001810f   Thumb Code     2  arm_startup_nrf51.o(.text)
    HardFault_Handler                        0x00018111   Thumb Code     2  arm_startup_nrf51.o(.text)
    SVC_Handler                              0x00018113   Thumb Code     2  arm_startup_nrf51.o(.text)
    PendSV_Handler                           0x00018115   Thumb Code     2  arm_startup_nrf51.o(.text)
    SysTick_Handler                          0x00018117   Thumb Code     2  arm_startup_nrf51.o(.text)
    ADC_IRQHandler                           0x00018119   Thumb Code     0  arm_startup_nrf51.o(.text)
    CCM_AAR_IRQHandler                       0x00018119   Thumb Code     0  arm_startup_nrf51.o(.text)
    ECB_IRQHandler                           0x00018119   Thumb Code     0  arm_startup_nrf51.o(.text)
    LPCOMP_IRQHandler                        0x00018119   Thumb Code     0  arm_startup_nrf51.o(.text)
    POWER_CLOCK_IRQHandler                   0x00018119   Thumb Code     0  arm_startup_nrf51.o(.text)
    QDEC_IRQHandler                          0x00018119   Thumb Code     0  arm_startup_nrf51.o(.text)
    RADIO_IRQHandler                         0x00018119   Thumb Code     0  arm_startup_nrf51.o(.text)
    RNG_IRQHandler                           0x00018119   Thumb Code     0  arm_startup_nrf51.o(.text)
    RTC0_IRQHandler                          0x00018119   Thumb Code     0  arm_startup_nrf51.o(.text)
    SPI0_TWI0_IRQHandler                     0x00018119   Thumb Code     0  arm_startup_nrf51.o(.text)
    SPI1_TWI1_IRQHandler                     0x00018119   Thumb Code     0  arm_startup_nrf51.o(.text)
    SWI1_IRQHandler                          0x00018119   Thumb Code     0  arm_startup_nrf51.o(.text)
    SWI3_IRQHandler                          0x00018119   Thumb Code     0  arm_startup_nrf51.o(.text)
    SWI4_IRQHandler                          0x00018119   Thumb Code     0  arm_startup_nrf51.o(.text)
    SWI5_IRQHandler                          0x00018119   Thumb Code     0  arm_startup_nrf51.o(.text)
    TEMP_IRQHandler                          0x00018119   Thumb Code     0  arm_startup_nrf51.o(.text)
    TIMER0_IRQHandler                        0x00018119   Thumb Code     0  arm_startup_nrf51.o(.text)
    TIMER1_IRQHandler                        0x00018119   Thumb Code     0  arm_startup_nrf51.o(.text)
    TIMER2_IRQHandler                        0x00018119   Thumb Code     0  arm_startup_nrf51.o(.text)
    WDT_IRQHandler                           0x00018119   Thumb Code     0  arm_startup_nrf51.o(.text)
    __aeabi_uidiv                            0x0001812d   Thumb Code     0  uidiv.o(.text)
    __aeabi_uidivmod                         0x0001812d   Thumb Code    44  uidiv.o(.text)
    __aeabi_idiv                             0x00018159   Thumb Code     0  idiv.o(.text)
    __aeabi_idivmod                          0x00018159   Thumb Code    40  idiv.o(.text)
    ___aeabi_memcpy8$move                    0x00018181   Thumb Code     0  memmovea.o(.text)
    __aeabi_memcpy                           0x00018181   Thumb Code    64  memmovea.o(.text)
    __aeabi_memcpy4                          0x00018181   Thumb Code     0  memmovea.o(.text)
    __aeabi_memmove                          0x00018181   Thumb Code     0  memmovea.o(.text)
    __aeabi_memmove4                         0x00018181   Thumb Code     0  memmovea.o(.text)
    __aeabi_memmove8                         0x00018181   Thumb Code     0  memmovea.o(.text)
    __aeabi_memset                           0x000181c1   Thumb Code    14  memseta.o(.text)
    __aeabi_memset4                          0x000181c1   Thumb Code     0  memseta.o(.text)
    __aeabi_memset8                          0x000181c1   Thumb Code     0  memseta.o(.text)
    __aeabi_memclr                           0x000181cf   Thumb Code     4  memseta.o(.text)
    __aeabi_memclr4                          0x000181cf   Thumb Code     0  memseta.o(.text)
    __aeabi_memclr8                          0x000181cf   Thumb Code     0  memseta.o(.text)
    _memset$wrapper                          0x000181d3   Thumb Code    18  memseta.o(.text)
    strlen                                   0x000181e5   Thumb Code    14  strlen.o(.text)
    memcmp                                   0x000181f3   Thumb Code    26  memcmp.o(.text)
    __scatterload                            0x0001820d   Thumb Code    28  init.o(.text)
    __scatterload_rt2                        0x0001820d   Thumb Code     0  init.o(.text)
    __decompress                             0x00018231   Thumb Code     0  __dczerorl.o(.text)
    __decompress0                            0x00018231   Thumb Code    58  __dczerorl.o(.text)
    GPIOTE_IRQHandler                        0x0001826d   Thumb Code   234  nrf_drv_gpiote.o(i.GPIOTE_IRQHandler)
    RTC1_IRQHandler                          0x000183b9   Thumb Code    28  app_timer.o(i.RTC1_IRQHandler)
    SWI0_IRQHandler                          0x000183d9   Thumb Code    78  app_timer.o(i.SWI0_IRQHandler)
    SWI2_IRQHandler                          0x0001842d   Thumb Code    32  softdevice_handler.o(i.SWI2_IRQHandler)
    SystemInit                               0x00018451   Thumb Code    64  system_nrf51.o(i.SystemInit)
    UART0_IRQHandler                         0x000184a5   Thumb Code   110  app_uart_fifo.o(i.UART0_IRQHandler)
    __ARM_common_switch8                     0x00018525   Thumb Code    26  bsp.o(i.__ARM_common_switch8)
    __scatterload_copy                       0x0001853f   Thumb Code    14  handlers.o(i.__scatterload_copy)
    __scatterload_null                       0x0001854d   Thumb Code     2  handlers.o(i.__scatterload_null)
    __scatterload_zeroinit                   0x0001854f   Thumb Code    14  handlers.o(i.__scatterload_zeroinit)
    action_tx_stop                           0x000185a9   Thumb Code    26  app_uart_fifo.o(i.action_tx_stop)
    app_button_enable                        0x0001878d   Thumb Code    32  app_button.o(i.app_button_enable)
    app_button_init                          0x000187b1   Thumb Code   102  app_button.o(i.app_button_init)
    app_error_handler                        0x00018829   Thumb Code    18  app_error.o(i.app_error_handler)
    app_fifo_get                             0x00018851   Thumb Code    34  app_fifo.o(i.app_fifo_get)
    app_fifo_put                             0x00018873   Thumb Code    34  app_fifo.o(i.app_fifo_put)
    app_timer_create                         0x000188e1   Thumb Code    72  app_timer.o(i.app_timer_create)
    app_timer_init                           0x0001892d   Thumb Code   164  app_timer.o(i.app_timer_init)
    app_timer_start                          0x000189e1   Thumb Code   122  app_timer.o(i.app_timer_start)
    app_timer_stop                           0x00018a65   Thumb Code    82  app_timer.o(i.app_timer_stop)
    ble_advdata_set                          0x00018c95   Thumb Code    90  ble_advdata.o(i.ble_advdata_set)
    ble_advertising_init                     0x00018cf1   Thumb Code   284  ble_advertising.o(i.ble_advertising_init)
    ble_advertising_on_ble_evt               0x00018e15   Thumb Code   112  ble_advertising.o(i.ble_advertising_on_ble_evt)
    ble_advertising_on_sys_evt               0x00018e89   Thumb Code    42  ble_advertising.o(i.ble_advertising_on_sys_evt)
    ble_advertising_restart_without_whitelist 0x00018ec9   Thumb Code    56  ble_advertising.o(i.ble_advertising_restart_without_whitelist)
    ble_advertising_start                    0x00018f09   Thumb Code   470  ble_advertising.o(i.ble_advertising_start)
    ble_bas_battery_level_update             0x000190e9   Thumb Code   102  ble_bas.o(i.ble_bas_battery_level_update)
    ble_bas_init                             0x00019155   Thumb Code    56  ble_bas.o(i.ble_bas_init)
    ble_bas_on_ble_evt                       0x00019191   Thumb Code    86  ble_bas.o(i.ble_bas_on_ble_evt)
    ble_conn_params_init                     0x000191e9   Thumb Code    72  ble_conn_params.o(i.ble_conn_params_init)
    ble_conn_params_on_ble_evt               0x0001923d   Thumb Code   134  ble_conn_params.o(i.ble_conn_params_on_ble_evt)
    ble_dis_init                             0x000192cd   Thumb Code   308  ble_dis.o(i.ble_dis_init)
    ble_hrs_heart_rate_measurement_send      0x0001946d   Thumb Code    82  ble_hrs.o(i.ble_hrs_heart_rate_measurement_send)
    ble_hrs_init                             0x000194c5   Thumb Code    86  ble_hrs.o(i.ble_hrs_init)
    ble_hrs_on_ble_evt                       0x00019521   Thumb Code    80  ble_hrs.o(i.ble_hrs_on_ble_evt)
    ble_hrs_rr_interval_add                  0x00019571   Thumb Code    46  ble_hrs.o(i.ble_hrs_rr_interval_add)
    ble_hrs_sensor_contact_detected_update   0x0001959f   Thumb Code     6  ble_hrs.o(i.ble_hrs_sensor_contact_detected_update)
    ble_srv_ascii_to_utf8                    0x000195a5   Thumb Code    18  ble_srv_common.o(i.ble_srv_ascii_to_utf8)
    ble_srv_report_ref_encode                0x000195b7   Thumb Code    12  ble_srv_common.o(i.ble_srv_report_ref_encode)
    bond_data_load                           0x000196b5   Thumb Code    58  device_manager_peripheral.o(i.bond_data_load)
    bsp_btn_ble_init                         0x000196fd   Thumb Code    80  bsp_btn_ble.o(i.bsp_btn_ble_init)
    bsp_btn_ble_on_ble_evt                   0x00019751   Thumb Code   114  bsp_btn_ble.o(i.bsp_btn_ble_on_ble_evt)
    bsp_btn_ble_sleep_mode_prepare           0x000197c9   Thumb Code    20  bsp_btn_ble.o(i.bsp_btn_ble_sleep_mode_prepare)
    bsp_button_is_pressed                    0x00019879   Thumb Code    34  bsp.o(i.bsp_button_is_pressed)
    bsp_event_handler                        0x000198a5   Thumb Code    54  main.o(i.bsp_event_handler)
    bsp_event_to_button_action_assign        0x000198e1   Thumb Code    66  bsp.o(i.bsp_event_to_button_action_assign)
    bsp_indication_set                       0x00019929   Thumb Code    22  bsp.o(i.bsp_indication_set)
    bsp_init                                 0x00019945   Thumb Code   132  bsp.o(i.bsp_init)
    bsp_wakeup_buttons_set                   0x00019bc9   Thumb Code    50  bsp.o(i.bsp_wakeup_buttons_set)
    dm_ble_evt_handler                       0x0001a3f9   Thumb Code   962  device_manager_peripheral.o(i.dm_ble_evt_handler)
    dm_handle_initialize                     0x0001a7d1   Thumb Code    22  device_manager_peripheral.o(i.dm_handle_initialize)
    dm_init                                  0x0001a7ed   Thumb Code   174  device_manager_peripheral.o(i.dm_init)
    dm_register                              0x0001aa3d   Thumb Code   104  device_manager_peripheral.o(i.dm_register)
    intern_softdevice_events_execute         0x0001b049   Thumb Code   124  softdevice_handler.o(i.intern_softdevice_events_execute)
    main                                     0x0001b319   Thumb Code   256  main.o(i.main)
    nrf_drv_common_irq_enable                0x0001b529   Thumb Code    78  nrf_drv_common.o(i.nrf_drv_common_irq_enable)
    nrf_drv_gpiote_in_event_enable           0x0001b589   Thumb Code   138  nrf_drv_gpiote.o(i.nrf_drv_gpiote_in_event_enable)
    nrf_drv_gpiote_in_init                   0x0001b629   Thumb Code   130  nrf_drv_gpiote.o(i.nrf_drv_gpiote_in_init)
    nrf_drv_gpiote_in_is_set                 0x0001b6bd   Thumb Code    16  nrf_drv_gpiote.o(i.nrf_drv_gpiote_in_is_set)
    nrf_drv_gpiote_init                      0x0001b6d1   Thumb Code    76  nrf_drv_gpiote.o(i.nrf_drv_gpiote_init)
    nrf_drv_gpiote_is_init                   0x0001b725   Thumb Code    12  nrf_drv_gpiote.o(i.nrf_drv_gpiote_is_init)
    pstorage_access_status_get               0x0001b901   Thumb Code    30  pstorage.o(i.pstorage_access_status_get)
    pstorage_block_identifier_get            0x0001b929   Thumb Code    74  pstorage.o(i.pstorage_block_identifier_get)
    pstorage_clear                           0x0001b97d   Thumb Code   156  pstorage.o(i.pstorage_clear)
    pstorage_init                            0x0001ba51   Thumb Code    68  pstorage.o(i.pstorage_init)
    pstorage_load                            0x0001ba9d   Thumb Code   158  pstorage.o(i.pstorage_load)
    pstorage_register                        0x0001bb45   Thumb Code   170  pstorage.o(i.pstorage_register)
    pstorage_store                           0x0001bbf9   Thumb Code   134  pstorage.o(i.pstorage_store)
    pstorage_sys_event_handler               0x0001bc89   Thumb Code    72  pstorage.o(i.pstorage_sys_event_handler)
    pstorage_update                          0x0001bcd5   Thumb Code   134  pstorage.o(i.pstorage_update)
    softdevice_assertion_handler             0x0001bfd5   Thumb Code    12  softdevice_handler.o(i.softdevice_assertion_handler)
    softdevice_ble_evt_handler_set           0x0001bfe1   Thumb Code    16  softdevice_handler.o(i.softdevice_ble_evt_handler_set)
    softdevice_handler_init                  0x0001bff5   Thumb Code    40  softdevice_handler.o(i.softdevice_handler_init)
    softdevice_sys_evt_handler_set           0x0001c025   Thumb Code    16  softdevice_handler.o(i.softdevice_sys_evt_handler_set)
    m_context_init_len                       0x0001c698   Data           4  device_manager_peripheral.o(.constdata)
    m_service_context_store                  0x0001c69c   Data          16  device_manager_peripheral.o(.constdata)
    m_service_context_load                   0x0001c6ac   Data          16  device_manager_peripheral.o(.constdata)
    m_service_context_apply                  0x0001c6bc   Data          16  device_manager_peripheral.o(.constdata)
    Region$$Table$$Base                      0x0001c6f8   Number         0  anon$$obj.o(Region$$Table)
    Region$$Table$$Limit                     0x0001c718   Number         0  anon$$obj.o(Region$$Table)
    SystemCoreClock                          0x20002164   Data           4  system_nrf51.o(.data)
    __initial_sp                             0x20003108   Data           0  arm_startup_nrf51.o(STACK)



==============================================================================

Memory Map of the image

  Image Entry point : 0x000180c1

  Load Region LR_IROM1 (Base: 0x00018000, Size: 0x00004880, Max: 0x00028000, ABSOLUTE, COMPRESSED[0x00004738])

    Execution Region ER_IROM1 (Base: 0x00018000, Size: 0x00004718, Max: 0x00028000, ABSOLUTE)

    Base Addr    Size         Type   Attr      Idx    E Section Name        Object

    0x00018000   0x000000c0   Data   RO         2065    RESET               arm_startup_nrf51.o
    0x000180c0   0x00000000   Code   RO         2107  * .ARM.Collect$$$$00000000  mc_p.l(entry.o)
    0x000180c0   0x00000004   Code   RO         2128    .ARM.Collect$$$$00000001  mc_p.l(entry2.o)
    0x000180c4   0x00000004   Code   RO         2131    .ARM.Collect$$$$00000004  mc_p.l(entry5.o)
    0x000180c8   0x00000000   Code   RO         2133    .ARM.Collect$$$$00000008  mc_p.l(entry7b.o)
    0x000180c8   0x00000000   Code   RO         2135    .ARM.Collect$$$$0000000A  mc_p.l(entry8b.o)
    0x000180c8   0x00000008   Code   RO         2136    .ARM.Collect$$$$0000000B  mc_p.l(entry9a.o)
    0x000180d0   0x00000000   Code   RO         2138    .ARM.Collect$$$$0000000D  mc_p.l(entry10a.o)
    0x000180d0   0x00000000   Code   RO         2140    .ARM.Collect$$$$0000000F  mc_p.l(entry11a.o)
    0x000180d0   0x00000004   Code   RO         2129    .ARM.Collect$$$$00002712  mc_p.l(entry2.o)
    0x000180d4   0x0000001e   Code   RO         1785    .emb_text           app_timer.o
    0x000180f2   0x00000002   PAD
    0x000180f4   0x00000038   Code   RO         2066    .text               arm_startup_nrf51.o
    0x0001812c   0x0000002c   Code   RO         2110    .text               mc_p.l(uidiv.o)
    0x00018158   0x00000028   Code   RO         2112    .text               mc_p.l(idiv.o)
    0x00018180   0x00000040   Code   RO         2116    .text               mc_p.l(memmovea.o)
    0x000181c0   0x00000024   Code   RO         2118    .text               mc_p.l(memseta.o)
    0x000181e4   0x0000000e   Code   RO         2120    .text               mc_p.l(strlen.o)
    0x000181f2   0x0000001a   Code   RO         2122    .text               mc_p.l(memcmp.o)
    0x0001820c   0x00000024   Code   RO         2142    .text               mc_p.l(init.o)
    0x00018230   0x0000003a   Code   RO         2152    .text               mc_p.l(__dczerorl.o)
    0x0001826a   0x00000002   PAD
    0x0001826c   0x00000108   Code   RO         1254    i.GPIOTE_IRQHandler  nrf_drv_gpiote.o
    0x00018374   0x00000044   Code   RO         1786    i.NVIC_SetPriority  app_timer.o
    0x000183b8   0x00000020   Code   RO         1787    i.RTC1_IRQHandler   app_timer.o
    0x000183d8   0x00000054   Code   RO         1788    i.SWI0_IRQHandler   app_timer.o
    0x0001842c   0x00000024   Code   RO         2007    i.SWI2_IRQHandler   softdevice_handler.o
    0x00018450   0x00000054   Code   RO         2073    i.SystemInit        system_nrf51.o
    0x000184a4   0x00000080   Code   RO         1087    i.UART0_IRQHandler  app_uart_fifo.o
    0x00018524   0x0000001a   Code   RO          403    i.__ARM_common_switch8  bsp.o
    0x0001853e   0x0000000e   Code   RO         2146    i.__scatterload_copy  mc_p.l(handlers.o)
    0x0001854c   0x00000002   Code   RO         2147    i.__scatterload_null  mc_p.l(handlers.o)
    0x0001854e   0x0000000e   Code   RO         2148    i.__scatterload_zeroinit  mc_p.l(handlers.o)
    0x0001855c   0x0000004c   Code   RO         1088    i.action_tx_send    app_uart_fifo.o
    0x000185a8   0x00000024   Code   RO         1089    i.action_tx_stop    app_uart_fifo.o
    0x000185cc   0x00000020   Code   RO         1090    i.action_uart_deactivate  app_uart_fifo.o
    0x000185ec   0x0000014a   Code   RO          455    i.adv_data_encode   ble_advdata.o
    0x00018736   0x0000003c   Code   RO          418    i.advertising_buttons_configure  bsp_btn_ble.o
    0x00018772   0x00000002   PAD
    0x00018774   0x00000018   Code   RO          312    i.alert_timer_handler  bsp.o
    0x0001878c   0x00000024   Code   RO         1676    i.app_button_enable  app_button.o
    0x000187b0   0x00000078   Code   RO         1677    i.app_button_init   app_button.o
    0x00018828   0x0000001c   Code   RO         1732    i.app_error_handler  app_error.o
    0x00018844   0x0000000c   Code   RO          818    i.app_evt_notify    device_manager_peripheral.o
    0x00018850   0x00000022   Code   RO         1754    i.app_fifo_get      app_fifo.o
    0x00018872   0x00000022   Code   RO         1756    i.app_fifo_put      app_fifo.o
    0x00018894   0x0000002c   Code   RO         1434    i.app_notify        pstorage.o
    0x000188c0   0x00000020   Code   RO         1435    i.app_notify_error_state_transit  pstorage.o
    0x000188e0   0x0000004c   Code   RO         1791    i.app_timer_create  app_timer.o
    0x0001892c   0x000000b4   Code   RO         1792    i.app_timer_init    app_timer.o
    0x000189e0   0x00000084   Code   RO         1793    i.app_timer_start   app_timer.o
    0x00018a64   0x00000058   Code   RO         1794    i.app_timer_stop    app_timer.o
    0x00018abc   0x0000006c   Code   RO            4    i.application_timers_start  main.o
    0x00018b28   0x00000138   Code   RO          590    i.battery_level_char_add  ble_bas.o
    0x00018c60   0x00000034   Code   RO            6    i.battery_level_meas_timeout_handler  main.o
    0x00018c94   0x0000005a   Code   RO          456    i.ble_advdata_set   ble_advdata.o
    0x00018cee   0x00000002   PAD
    0x00018cf0   0x00000124   Code   RO          518    i.ble_advertising_init  ble_advertising.o
    0x00018e14   0x00000074   Code   RO          519    i.ble_advertising_on_ble_evt  ble_advertising.o
    0x00018e88   0x00000030   Code   RO          520    i.ble_advertising_on_sys_evt  ble_advertising.o
    0x00018eb8   0x00000010   Code   RO          522    i.ble_advertising_peer_address_clear  ble_advertising.o
    0x00018ec8   0x00000040   Code   RO          523    i.ble_advertising_restart_without_whitelist  ble_advertising.o
    0x00018f08   0x000001e0   Code   RO          524    i.ble_advertising_start  ble_advertising.o
    0x000190e8   0x0000006c   Code   RO          591    i.ble_bas_battery_level_update  ble_bas.o
    0x00019154   0x0000003c   Code   RO          592    i.ble_bas_init      ble_bas.o
    0x00019190   0x00000056   Code   RO          593    i.ble_bas_on_ble_evt  ble_bas.o
    0x000191e6   0x00000002   PAD
    0x000191e8   0x00000054   Code   RO          626    i.ble_conn_params_init  ble_conn_params.o
    0x0001923c   0x00000090   Code   RO          627    i.ble_conn_params_on_ble_evt  ble_conn_params.o
    0x000192cc   0x00000140   Code   RO          683    i.ble_dis_init      ble_dis.o
    0x0001940c   0x00000060   Code   RO            7    i.ble_evt_dispatch  main.o
    0x0001946c   0x00000058   Code   RO          716    i.ble_hrs_heart_rate_measurement_send  ble_hrs.o
    0x000194c4   0x0000005c   Code   RO          717    i.ble_hrs_init      ble_hrs.o
    0x00019520   0x00000050   Code   RO          718    i.ble_hrs_on_ble_evt  ble_hrs.o
    0x00019570   0x0000002e   Code   RO          719    i.ble_hrs_rr_interval_add  ble_hrs.o
    0x0001959e   0x00000006   Code   RO          721    i.ble_hrs_sensor_contact_detected_update  ble_hrs.o
    0x000195a4   0x00000012   Code   RO          787    i.ble_srv_ascii_to_utf8  ble_srv_common.o
    0x000195b6   0x0000000c   Code   RO          788    i.ble_srv_report_ref_encode  ble_srv_common.o
    0x000195c2   0x00000002   PAD
    0x000195c4   0x00000068   Code   RO            8    i.ble_stack_init    main.o
    0x0001962c   0x00000088   Code   RO          723    i.body_sensor_location_char_add  ble_hrs.o
    0x000196b4   0x00000048   Code   RO          819    i.bond_data_load    device_manager_peripheral.o
    0x000196fc   0x00000054   Code   RO          419    i.bsp_btn_ble_init  bsp_btn_ble.o
    0x00019750   0x00000078   Code   RO          420    i.bsp_btn_ble_on_ble_evt  bsp_btn_ble.o
    0x000197c8   0x00000014   Code   RO          421    i.bsp_btn_ble_sleep_mode_prepare  bsp_btn_ble.o
    0x000197dc   0x0000009c   Code   RO          313    i.bsp_button_event_handler  bsp.o
    0x00019878   0x0000002c   Code   RO          314    i.bsp_button_is_pressed  bsp.o
    0x000198a4   0x0000003c   Code   RO            9    i.bsp_event_handler  main.o
    0x000198e0   0x00000048   Code   RO          318    i.bsp_event_to_button_action_assign  bsp.o
    0x00019928   0x0000001c   Code   RO          319    i.bsp_indication_set  bsp.o
    0x00019944   0x000000a0   Code   RO          321    i.bsp_init          bsp.o
    0x000199e4   0x000001e4   Code   RO          322    i.bsp_led_indication  bsp.o
    0x00019bc8   0x0000003c   Code   RO          323    i.bsp_wakeup_buttons_set  bsp.o
    0x00019c04   0x0000000c   Code   RO          324    i.button_timer_handler  bsp.o
    0x00019c10   0x0000001c   Code   RO         1255    i.channel_free      nrf_drv_gpiote.o
    0x00019c2c   0x00000048   Code   RO         1256    i.channel_port_alloc  nrf_drv_gpiote.o
    0x00019c74   0x00000010   Code   RO         1257    i.channel_port_get  nrf_drv_gpiote.o
    0x00019c84   0x000000a0   Code   RO          684    i.char_add          ble_dis.o
    0x00019d24   0x00000104   Code   RO         1436    i.clear_operation_execute  pstorage.o
    0x00019e28   0x00000024   Code   RO         1437    i.clear_post_processing_run  pstorage.o
    0x00019e4c   0x00000038   Code   RO         1438    i.cmd_process       pstorage.o
    0x00019e84   0x00000020   Code   RO         1439    i.cmd_queue_element_init  pstorage.o
    0x00019ea4   0x0000004c   Code   RO         1440    i.cmd_queue_enqueue  pstorage.o
    0x00019ef0   0x0000003c   Code   RO         1441    i.command_end_procedure_run  pstorage.o
    0x00019f2c   0x000000a4   Code   RO         1796    i.compare_reg_update  app_timer.o
    0x00019fd0   0x00000084   Code   RO          457    i.conn_int_encode   ble_advdata.o
    0x0001a054   0x0000000c   Code   RO           10    i.conn_params_error_handler  main.o
    0x0001a060   0x00000064   Code   RO          629    i.conn_params_negotiation  ble_conn_params.o
    0x0001a0c4   0x00000030   Code   RO          820    i.connection_instance_find  device_manager_peripheral.o
    0x0001a0f4   0x00000024   Code   RO          821    i.connection_instance_init  device_manager_peripheral.o
    0x0001a118   0x00000054   Code   RO         1442    i.data_page_erase_state_run  pstorage.o
    0x0001a16c   0x00000028   Code   RO         1443    i.data_to_swap_write_state_run  pstorage.o
    0x0001a194   0x00000060   Code   RO         1679    i.detection_delay_timeout_handler  app_button.o
    0x0001a1f4   0x000000b4   Code   RO          822    i.device_context_store  device_manager_peripheral.o
    0x0001a2a8   0x00000054   Code   RO          823    i.device_instance_allocate  device_manager_peripheral.o
    0x0001a2fc   0x00000048   Code   RO          824    i.device_instance_find  device_manager_peripheral.o
    0x0001a344   0x0000002c   Code   RO          825    i.device_instance_free  device_manager_peripheral.o
    0x0001a370   0x00000012   Code   RO           11    i.device_manager_evt_handler  main.o
    0x0001a382   0x00000002   PAD
    0x0001a384   0x00000074   Code   RO           12    i.device_manager_init  main.o
    0x0001a3f8   0x000003d8   Code   RO          830    i.dm_ble_evt_handler  device_manager_peripheral.o
    0x0001a7d0   0x0000001c   Code   RO          836    i.dm_handle_initialize  device_manager_peripheral.o
    0x0001a7ec   0x000000c4   Code   RO          837    i.dm_init           device_manager_peripheral.o
    0x0001a8b0   0x0000018c   Code   RO          840    i.dm_pstorage_cb_handler  device_manager_peripheral.o
    0x0001aa3c   0x00000074   Code   RO          841    i.dm_register       device_manager_peripheral.o
    0x0001aab0   0x00000040   Code   RO         1797    i.elapsed_ticks_acquire  app_timer.o
    0x0001aaf0   0x00000058   Code   RO         1798    i.expired_timers_handler  app_timer.o
    0x0001ab48   0x00000020   Code   RO         1444    i.flash_api_err_code_process  pstorage.o
    0x0001ab68   0x00000080   Code   RO         1445    i.flash_operation_success_run  pstorage.o
    0x0001abe8   0x0000000a   Code   RO         1446    i.flash_page_erase  pstorage.o
    0x0001abf2   0x0000000a   Code   RO         1447    i.flash_write       pstorage.o
    0x0001abfc   0x0000006c   Code   RO           13    i.gap_params_init   main.o
    0x0001ac68   0x00000004   Code   RO          848    i.gattc_context_apply  device_manager_peripheral.o
    0x0001ac6c   0x00000004   Code   RO          849    i.gattc_context_load  device_manager_peripheral.o
    0x0001ac70   0x00000004   Code   RO          850    i.gattc_context_store  device_manager_peripheral.o
    0x0001ac74   0x000000b0   Code   RO          851    i.gatts_context_apply  device_manager_peripheral.o
    0x0001ad24   0x00000030   Code   RO          852    i.gatts_context_load  device_manager_peripheral.o
    0x0001ad54   0x000000ac   Code   RO          853    i.gatts_context_store  device_manager_peripheral.o
    0x0001ae00   0x00000008   Code   RO          854    i.gattsc_context_apply  device_manager_peripheral.o
    0x0001ae08   0x00000008   Code   RO          855    i.gattsc_context_load  device_manager_peripheral.o
    0x0001ae10   0x00000008   Code   RO          856    i.gattsc_context_store  device_manager_peripheral.o
    0x0001ae18   0x0000004c   Code   RO         1680    i.gpiote_event_handler  app_button.o
    0x0001ae64   0x00000078   Code   RO         1448    i.head_restore_state_run  pstorage.o
    0x0001aedc   0x00000034   Code   RO           14    i.heart_rate_meas_timeout_handler  main.o
    0x0001af10   0x000000b0   Code   RO          724    i.heart_rate_measurement_char_add  ble_hrs.o
    0x0001afc0   0x00000088   Code   RO          725    i.hrm_encode        ble_hrs.o
    0x0001b048   0x00000080   Code   RO         2008    i.intern_softdevice_events_execute  softdevice_handler.o
    0x0001b0c8   0x0000001c   Code   RO          630    i.is_conn_params_ok  ble_conn_params.o
    0x0001b0e4   0x00000048   Code   RO         2074    i.is_manual_peripheral_setup_needed  system_nrf51.o
    0x0001b12c   0x00000044   Code   RO         1449    i.is_page_erase_required  pstorage.o
    0x0001b170   0x0000000c   Code   RO         1450    i.is_word_aligned   pstorage.o
    0x0001b17c   0x00000018   Code   RO          325    i.leds_timer_handler  bsp.o
    0x0001b194   0x00000094   Code   RO         1799    i.list_deletions_handler  app_timer.o
    0x0001b228   0x000000f0   Code   RO         1800    i.list_insertions_handler  app_timer.o
    0x0001b318   0x0000011c   Code   RO           15    i.main              main.o
    0x0001b434   0x00000018   Code   RO         1451    i.main_state_err_busy_process  pstorage.o
    0x0001b44c   0x00000064   Code   RO          458    i.manuf_specific_data_encode  ble_advdata.o
    0x0001b4b0   0x0000006a   Code   RO          459    i.name_encode       ble_advdata.o
    0x0001b51a   0x00000004   Code   RO          857    i.no_service_context_apply  device_manager_peripheral.o
    0x0001b51e   0x00000004   Code   RO          858    i.no_service_context_load  device_manager_peripheral.o
    0x0001b522   0x00000004   Code   RO          859    i.no_service_context_store  device_manager_peripheral.o
    0x0001b526   0x00000002   PAD
    0x0001b528   0x00000060   Code   RO         1228    i.nrf_drv_common_irq_enable  nrf_drv_common.o
    0x0001b588   0x000000a0   Code   RO         1260    i.nrf_drv_gpiote_in_event_enable  nrf_drv_gpiote.o
    0x0001b628   0x00000094   Code   RO         1261    i.nrf_drv_gpiote_in_init  nrf_drv_gpiote.o
    0x0001b6bc   0x00000014   Code   RO         1262    i.nrf_drv_gpiote_in_is_set  nrf_drv_gpiote.o
    0x0001b6d0   0x00000054   Code   RO         1264    i.nrf_drv_gpiote_init  nrf_drv_gpiote.o
    0x0001b724   0x00000010   Code   RO         1265    i.nrf_drv_gpiote_is_init  nrf_drv_gpiote.o
    0x0001b734   0x00000020   Code   RO         1277    i.nrf_gpio_cfg_sense_set  nrf_drv_gpiote.o
    0x0001b754   0x00000014   Code   RO         1278    i.nrf_gpiote_event_is_set  nrf_drv_gpiote.o
    0x0001b768   0x00000024   Code   RO           16    i.on_adv_evt        main.o
    0x0001b78c   0x00000024   Code   RO           17    i.on_conn_params_evt  main.o
    0x0001b7b0   0x00000088   Code   RO         1098    i.on_uart_event     app_uart_fifo.o
    0x0001b838   0x00000016   Code   RO          526    i.peer_address_exists  ble_advertising.o
    0x0001b84e   0x00000002   PAD
    0x0001b850   0x00000040   Code   RO          860    i.peer_instance_init  device_manager_peripheral.o
    0x0001b890   0x00000018   Code   RO         1279    i.pin_in_use_by_port  nrf_drv_gpiote.o
    0x0001b8a8   0x00000018   Code   RO         1280    i.pin_in_use_by_te  nrf_drv_gpiote.o
    0x0001b8c0   0x0000003e   Code   RO          685    i.pnp_id_encode     ble_dis.o
    0x0001b8fe   0x00000002   PAD
    0x0001b900   0x00000028   Code   RO         1452    i.pstorage_access_status_get  pstorage.o
    0x0001b928   0x00000054   Code   RO         1453    i.pstorage_block_identifier_get  pstorage.o
    0x0001b97c   0x000000a4   Code   RO         1454    i.pstorage_clear    pstorage.o
    0x0001ba20   0x00000024   Code   RO         1455    i.pstorage_flash_page_end  pstorage.o
    0x0001ba44   0x0000000a   Code   RO         1456    i.pstorage_flash_page_size  pstorage.o
    0x0001ba4e   0x00000002   PAD
    0x0001ba50   0x0000004c   Code   RO         1457    i.pstorage_init     pstorage.o
    0x0001ba9c   0x000000a8   Code   RO         1458    i.pstorage_load     pstorage.o
    0x0001bb44   0x000000b4   Code   RO         1459    i.pstorage_register  pstorage.o
    0x0001bbf8   0x00000090   Code   RO         1460    i.pstorage_store    pstorage.o
    0x0001bc88   0x0000004c   Code   RO         1461    i.pstorage_sys_event_handler  pstorage.o
    0x0001bcd4   0x00000090   Code   RO         1462    i.pstorage_update   pstorage.o
    0x0001bd64   0x0000001c   Code   RO           18    i.rr_interval_timeout_handler  main.o
    0x0001bd80   0x00000044   Code   RO         1801    i.rtc1_stop         app_timer.o
    0x0001bdc4   0x0000001c   Code   RO           19    i.sensor_contact_detected_timeout_handler  main.o
    0x0001bde0   0x0000007c   Code   RO          460    i.service_data_encode  ble_advdata.o
    0x0001be5c   0x000000fc   Code   RO           20    i.services_init     main.o
    0x0001bf58   0x00000034   Code   RO           21    i.sleep_mode_enter  main.o
    0x0001bf8c   0x00000048   Code   RO         1463    i.sm_state_change   pstorage.o
    0x0001bfd4   0x0000000c   Code   RO         2009    i.softdevice_assertion_handler  softdevice_handler.o
    0x0001bfe0   0x00000014   Code   RO         2010    i.softdevice_ble_evt_handler_set  softdevice_handler.o
    0x0001bff4   0x00000030   Code   RO         2011    i.softdevice_handler_init  softdevice_handler.o
    0x0001c024   0x00000014   Code   RO         2013    i.softdevice_sys_evt_handler_set  softdevice_handler.o
    0x0001c038   0x00000064   Code   RO         1464    i.state_data_erase_swap_entry_run  pstorage.o
    0x0001c09c   0x00000010   Code   RO         1465    i.state_erase_data_page_entry_run  pstorage.o
    0x0001c0ac   0x00000028   Code   RO         1466    i.state_restore_head_entry_run  pstorage.o
    0x0001c0d4   0x0000004c   Code   RO         1467    i.state_restore_tail_entry_run  pstorage.o
    0x0001c120   0x00000020   Code   RO         1468    i.state_swap_erase_entry_run  pstorage.o
    0x0001c140   0x00000030   Code   RO         1469    i.state_write_data_swap_entry_run  pstorage.o
    0x0001c170   0x00000004   Code   RO          861    i.storage_operation_dummy_handler  device_manager_peripheral.o
    0x0001c174   0x0000005c   Code   RO         1470    i.store_cmd_flash_write_execute  pstorage.o
    0x0001c1d0   0x0000001c   Code   RO         1471    i.swap_erase_state_run  pstorage.o
    0x0001c1ec   0x00000018   Code   RO         1472    i.swap_sub_state_err_busy_process  pstorage.o
    0x0001c204   0x00000014   Code   RO         1473    i.swap_sub_state_state_change  pstorage.o
    0x0001c218   0x00000010   Code   RO           22    i.sys_evt_dispatch  main.o
    0x0001c228   0x00000056   Code   RO          686    i.sys_id_encode     ble_dis.o
    0x0001c27e   0x00000002   PAD
    0x0001c280   0x0000001c   Code   RO         1474    i.tail_restore_state_run  pstorage.o
    0x0001c29c   0x00000010   Code   RO         1802    i.timer_list_handler_sched  app_timer.o
    0x0001c2ac   0x00000064   Code   RO         1803    i.timer_list_insert  app_timer.o
    0x0001c310   0x00000070   Code   RO         1804    i.timer_list_remove  app_timer.o
    0x0001c380   0x00000080   Code   RO         1805    i.timer_timeouts_check  app_timer.o
    0x0001c400   0x00000094   Code   RO           23    i.timers_init       main.o
    0x0001c494   0x0000000a   Code   RO          461    i.uint16_encode     ble_advdata.o
    0x0001c49e   0x00000002   PAD
    0x0001c4a0   0x00000014   Code   RO          862    i.update_status_bit_reset  device_manager_peripheral.o
    0x0001c4b4   0x00000064   Code   RO          631    i.update_timeout_handler  ble_conn_params.o
    0x0001c518   0x00000054   Code   RO         1806    i.user_id_get       app_timer.o
    0x0001c56c   0x00000024   Code   RO         1807    i.user_op_alloc     app_timer.o
    0x0001c590   0x00000026   Code   RO          462    i.uuid_list_encode  ble_advdata.o
    0x0001c5b6   0x000000a2   Code   RO          463    i.uuid_list_sized_encode  ble_advdata.o
    0x0001c658   0x00000010   Code   RO          527    i.whitelist_has_entries  ble_advertising.o
    0x0001c668   0x00000030   Data   RO          327    .constdata          bsp.o
    0x0001c698   0x00000034   Data   RO          864    .constdata          device_manager_peripheral.o
    0x0001c6cc   0x00000028   Data   RO         1476    .constdata          pstorage.o
    0x0001c6f4   0x00000004   Data   RO         1681    .constdata          app_button.o
    0x0001c6f8   0x00000020   Data   RO         2144    Region$$Table       anon$$obj.o


    Execution Region RW_IRAM1 (Base: 0x20002000, Size: 0x00001108, Max: 0x00006000, ABSOLUTE, COMPRESSED[0x00000020])

    Base Addr    Size         Type   Attr      Idx    E Section Name        Object

    0x20002000   0x00000024   Data   RW           25    .data               main.o
    0x20002024   0x00000020   Data   RW          328    .data               bsp.o
    0x20002044   0x00000008   Data   RW          422    .data               bsp_btn_ble.o
    0x2000204c   0x0000001f   Data   RW          529    .data               ble_advertising.o
    0x2000206b   0x00000001   PAD
    0x2000206c   0x00000018   Data   RW          633    .data               ble_conn_params.o
    0x20002084   0x0000004a   Data   RW          687    .data               ble_dis.o
    0x200020ce   0x00000002   PAD
    0x200020d0   0x00000018   Data   RW          865    .data               device_manager_peripheral.o
    0x200020e8   0x00000008   Data   RW         1101    .data               app_uart_fifo.o
    0x200020f0   0x00000024   Data   RW         1477    .data               pstorage.o
    0x20002114   0x00000018   Data   RW         1682    .data               app_button.o
    0x2000212c   0x00000024   Data   RW         1808    .data               app_timer.o
    0x20002150   0x00000014   Data   RW         2014    .data               softdevice_handler.o
    0x20002164   0x00000004   Data   RW         2075    .data               system_nrf51.o
    0x20002168   0x000003e0   Zero   RW           24    .bss                main.o
    0x20002548   0x0000000c   Zero   RW          326    .bss                bsp.o
    0x20002554   0x000000fb   Zero   RW          528    .bss                ble_advertising.o
    0x2000264f   0x00000001   PAD
    0x20002650   0x0000001c   Zero   RW          632    .bss                ble_conn_params.o
    0x2000266c   0x0000014f   Zero   RW          863    .bss                device_manager_peripheral.o
    0x200027bb   0x00000001   PAD
    0x200027bc   0x00000020   Zero   RW         1099    .bss                app_uart_fifo.o
    0x200027dc   0x00000050   Zero   RW         1281    .bss                nrf_drv_gpiote.o
    0x2000282c   0x000000d8   Zero   RW         1475    .bss                pstorage.o
    0x20002904   0x00000004   PAD
    0x20002908   0x00000800   Zero   RW         2063    STACK               arm_startup_nrf51.o


==============================================================================

Image component sizes


      Code (inc. data)   RO Data    RW Data    ZI Data      Debug   Object Name

       328         34          4         24          0       6346   app_button.o
        28         10          0          0          0       7356   app_error.o
        68          0          0          0          0       2150   app_fifo.o
      1938        160          0         36          0      29007   app_timer.o
       408         86          0          8         32      16440   app_uart_fifo.o
        56         18        192          0       2048        688   arm_startup_nrf51.o
      1092          6          0          0          0      12790   ble_advdata.o
      1054         40          0         31        251       8393   ble_advertising.o
       566         20          0          0          0      11491   ble_bas.o
       456         50          0         24         28       6396   ble_conn_params.o
       628         16          0         74          0       5291   ble_dis.o
       760         22          0          0          0      10001   ble_hrs.o
        30          0          0          0          0       2036   ble_srv_common.o
      1090        134         48         32         12       9457   bsp.o
       284         10          0          8          0       4493   bsp_btn_ble.o
      2800        210         52         24        335      31225   device_manager_peripheral.o
      1606        186          0         36        992     101907   main.o
        96         18          0          0          0       1620   nrf_drv_common.o
       908        124          0          0         80      20084   nrf_drv_gpiote.o
      2822        264         40         36        216      35746   pstorage.o
       264         24          0         20          0       6332   softdevice_handler.o
       156         26          0          4          0       2067   system_nrf51.o

    ----------------------------------------------------------------------
     17462       1458        368        360       4000     331316   Object Totals
         0          0         32          0          0          0   (incl. Generated)
        24          0          0          3          6          0   (incl. Padding)

    ----------------------------------------------------------------------

      Code (inc. data)   RO Data    RW Data    ZI Data      Debug   Library Member Name

        58          0          0          0          0          0   __dczerorl.o
         0          0          0          0          0          0   entry.o
         0          0          0          0          0          0   entry10a.o
         0          0          0          0          0          0   entry11a.o
         8          4          0          0          0          0   entry2.o
         4          0          0          0          0          0   entry5.o
         0          0          0          0          0          0   entry7b.o
         0          0          0          0          0          0   entry8b.o
         8          4          0          0          0          0   entry9a.o
        30          0          0          0          0          0   handlers.o
        40          0          0          0          0         72   idiv.o
        36          8          0          0          0         68   init.o
        26          0          0          0          0         72   memcmp.o
        64          0          0          0          0         68   memmovea.o
        36          0          0          0          0        100   memseta.o
        14          0          0          0          0         60   strlen.o
        44          0          0          0          0         72   uidiv.o

    ----------------------------------------------------------------------
       370         16          0          0          0        512   Library Totals
         2          0          0          0          0          0   (incl. Padding)

    ----------------------------------------------------------------------

      Code (inc. data)   RO Data    RW Data    ZI Data      Debug   Library Name

       368         16          0          0          0        512   mc_p.l

    ----------------------------------------------------------------------
       370         16          0          0          0        512   Library Totals

    ----------------------------------------------------------------------

==============================================================================


      Code (inc. data)   RO Data    RW Data    ZI Data      Debug   

     17832       1474        368        360       4000     323332   Grand Totals
     17832       1474        368         32       4000     323332   ELF Image Totals (compressed)
     17832       1474        368         32          0          0   ROM Totals

==============================================================================

    Total RO  Size (Code + RO Data)                18200 (  17.77kB)
    Total RW  Size (RW Data + ZI Data)              4360 (   4.26kB)
    Total ROM Size (Code + RO Data + RW Data)      18232 (  17.80kB)

==============================================================================

